 MySQL  localhost:3306  SQL > \use sakila;
MySQL Error 1049 (42000): ClassicSession.runSql: Unknown database 'sakila;'

 MySQL  localhost:3306  SQL > \use sakila
Default schema set to `sakila`.
Fetching table and column names from `sakila` for auto-completion... Press ^C to stop.

 MySQL  localhost:3306  sakila  SQL > show tables;
+----------------------------+
| Tables_in_sakila           |
+----------------------------+
| actor                      |
| actor_info                 |
| address                    |
| category                   |
| city                       |
| country                    |
| customer                   |
| customer_list              |
| film                       |
| film_actor                 |
| film_category              |
| film_list                  |
| film_text                  |
| inventory                  |
| language                   |
| nicer_but_slower_film_list |
| payment                    |
| rental                     |
| sales_by_film_category     |
| sales_by_store             |
| staff                      |
| staff_list                 |
| store                      |
+----------------------------+
23 rows in set (0.0010 sec)

 MySQL  localhost:3306  sakila  SQL > select * from city;
+---------+----------------------------+------------+---------------------+
| city_id | city                       | country_id | last_update         |
+---------+----------------------------+------------+---------------------+
|       1 | A Corua (La Corua)         |         87 | 2006-02-15 04:45:25 |
|       2 | Abha                       |         82 | 2006-02-15 04:45:25 |
|       3 | Abu Dhabi                  |        101 | 2006-02-15 04:45:25 |
|       4 | Acua                       |         60 | 2006-02-15 04:45:25 |
|       5 | Adana                      |         97 | 2006-02-15 04:45:25 |
|       6 | Addis Abeba                |         31 | 2006-02-15 04:45:25 |
|       7 | Aden                       |        107 | 2006-02-15 04:45:25 |
|       8 | Adoni                      |         44 | 2006-02-15 04:45:25 |
|       9 | Ahmadnagar                 |         44 | 2006-02-15 04:45:25 |
|      10 | Akishima                   |         50 | 2006-02-15 04:45:25 |
|      11 | Akron                      |        103 | 2006-02-15 04:45:25 |
|      12 | al-Ayn                     |        101 | 2006-02-15 04:45:25 |
|      13 | al-Hawiya                  |         82 | 2006-02-15 04:45:25 |
|      14 | al-Manama                  |         11 | 2006-02-15 04:45:25 |
|      15 | al-Qadarif                 |         89 | 2006-02-15 04:45:25 |
|      16 | al-Qatif                   |         82 | 2006-02-15 04:45:25 |
|      17 | Alessandria                |         49 | 2006-02-15 04:45:25 |
|      18 | Allappuzha (Alleppey)      |         44 | 2006-02-15 04:45:25 |
|      19 | Allende                    |         60 | 2006-02-15 04:45:25 |
|      20 | Almirante Brown            |          6 | 2006-02-15 04:45:25 |
|      21 | Alvorada                   |         15 | 2006-02-15 04:45:25 |
|      22 | Ambattur                   |         44 | 2006-02-15 04:45:25 |
|      23 | Amersfoort                 |         67 | 2006-02-15 04:45:25 |
|      24 | Amroha                     |         44 | 2006-02-15 04:45:25 |
|      25 | Angra dos Reis             |         15 | 2006-02-15 04:45:25 |
|      26 | Anpolis                    |         15 | 2006-02-15 04:45:25 |
|      27 | Antofagasta                |         22 | 2006-02-15 04:45:25 |
|      28 | Aparecida de Goinia        |         15 | 2006-02-15 04:45:25 |
|      29 | Apeldoorn                  |         67 | 2006-02-15 04:45:25 |
|      30 | Araatuba                   |         15 | 2006-02-15 04:45:25 |
|      31 | Arak                       |         46 | 2006-02-15 04:45:25 |
|      32 | Arecibo                    |         77 | 2006-02-15 04:45:25 |
|      33 | Arlington                  |        103 | 2006-02-15 04:45:25 |
|      34 | Ashdod                     |         48 | 2006-02-15 04:45:25 |
|      35 | Ashgabat                   |         98 | 2006-02-15 04:45:25 |
|      36 | Ashqelon                   |         48 | 2006-02-15 04:45:25 |
|      37 | Asuncin                    |         73 | 2006-02-15 04:45:25 |
|      38 | Athenai                    |         39 | 2006-02-15 04:45:25 |
|      39 | Atinsk                     |         80 | 2006-02-15 04:45:25 |
|      40 | Atlixco                    |         60 | 2006-02-15 04:45:25 |
|      41 | Augusta-Richmond County    |        103 | 2006-02-15 04:45:25 |
|      42 | Aurora                     |        103 | 2006-02-15 04:45:25 |
|      43 | Avellaneda                 |          6 | 2006-02-15 04:45:25 |
|      44 | Bag                        |         15 | 2006-02-15 04:45:25 |
|      45 | Baha Blanca                |          6 | 2006-02-15 04:45:25 |
|      46 | Baicheng                   |         23 | 2006-02-15 04:45:25 |
|      47 | Baiyin                     |         23 | 2006-02-15 04:45:25 |
|      48 | Baku                       |         10 | 2006-02-15 04:45:25 |
|      49 | Balaiha                    |         80 | 2006-02-15 04:45:25 |
|      50 | Balikesir                  |         97 | 2006-02-15 04:45:25 |
|      51 | Balurghat                  |         44 | 2006-02-15 04:45:25 |
|      52 | Bamenda                    |         19 | 2006-02-15 04:45:25 |
|      53 | Bandar Seri Begawan        |         16 | 2006-02-15 04:45:25 |
|      54 | Banjul                     |         37 | 2006-02-15 04:45:25 |
|      55 | Barcelona                  |        104 | 2006-02-15 04:45:25 |
|      56 | Basel                      |         91 | 2006-02-15 04:45:25 |
|      57 | Bat Yam                    |         48 | 2006-02-15 04:45:25 |
|      58 | Batman                     |         97 | 2006-02-15 04:45:25 |
|      59 | Batna                      |          2 | 2006-02-15 04:45:25 |
|      60 | Battambang                 |         18 | 2006-02-15 04:45:25 |
|      61 | Baybay                     |         75 | 2006-02-15 04:45:25 |
|      62 | Bayugan                    |         75 | 2006-02-15 04:45:25 |
|      63 | Bchar                      |          2 | 2006-02-15 04:45:25 |
|      64 | Beira                      |         63 | 2006-02-15 04:45:25 |
|      65 | Bellevue                   |        103 | 2006-02-15 04:45:25 |
|      66 | Belm                       |         15 | 2006-02-15 04:45:25 |
|      67 | Benguela                   |          4 | 2006-02-15 04:45:25 |
|      68 | Beni-Mellal                |         62 | 2006-02-15 04:45:25 |
|      69 | Benin City                 |         69 | 2006-02-15 04:45:25 |
|      70 | Bergamo                    |         49 | 2006-02-15 04:45:25 |
|      71 | Berhampore (Baharampur)    |         44 | 2006-02-15 04:45:25 |
|      72 | Bern                       |         91 | 2006-02-15 04:45:25 |
|      73 | Bhavnagar                  |         44 | 2006-02-15 04:45:25 |
|      74 | Bhilwara                   |         44 | 2006-02-15 04:45:25 |
|      75 | Bhimavaram                 |         44 | 2006-02-15 04:45:25 |
|      76 | Bhopal                     |         44 | 2006-02-15 04:45:25 |
|      77 | Bhusawal                   |         44 | 2006-02-15 04:45:25 |
|      78 | Bijapur                    |         44 | 2006-02-15 04:45:25 |
|      79 | Bilbays                    |         29 | 2006-02-15 04:45:25 |
|      80 | Binzhou                    |         23 | 2006-02-15 04:45:25 |
|      81 | Birgunj                    |         66 | 2006-02-15 04:45:25 |
|      82 | Bislig                     |         75 | 2006-02-15 04:45:25 |
|      83 | Blumenau                   |         15 | 2006-02-15 04:45:25 |
|      84 | Boa Vista                  |         15 | 2006-02-15 04:45:25 |
|      85 | Boksburg                   |         85 | 2006-02-15 04:45:25 |
|      86 | Botosani                   |         78 | 2006-02-15 04:45:25 |
|      87 | Botshabelo                 |         85 | 2006-02-15 04:45:25 |
|      88 | Bradford                   |        102 | 2006-02-15 04:45:25 |
|      89 | Braslia                    |         15 | 2006-02-15 04:45:25 |
|      90 | Bratislava                 |         84 | 2006-02-15 04:45:25 |
|      91 | Brescia                    |         49 | 2006-02-15 04:45:25 |
|      92 | Brest                      |         34 | 2006-02-15 04:45:25 |
|      93 | Brindisi                   |         49 | 2006-02-15 04:45:25 |
|      94 | Brockton                   |        103 | 2006-02-15 04:45:25 |
|      95 | Bucuresti                  |         78 | 2006-02-15 04:45:25 |
|      96 | Buenaventura               |         24 | 2006-02-15 04:45:25 |
|      97 | Bydgoszcz                  |         76 | 2006-02-15 04:45:25 |
|      98 | Cabuyao                    |         75 | 2006-02-15 04:45:25 |
|      99 | Callao                     |         74 | 2006-02-15 04:45:25 |
|     100 | Cam Ranh                   |        105 | 2006-02-15 04:45:25 |
|     101 | Cape Coral                 |        103 | 2006-02-15 04:45:25 |
|     102 | Caracas                    |        104 | 2006-02-15 04:45:25 |
|     103 | Carmen                     |         60 | 2006-02-15 04:45:25 |
|     104 | Cavite                     |         75 | 2006-02-15 04:45:25 |
|     105 | Cayenne                    |         35 | 2006-02-15 04:45:25 |
|     106 | Celaya                     |         60 | 2006-02-15 04:45:25 |
|     107 | Chandrapur                 |         44 | 2006-02-15 04:45:25 |
|     108 | Changhwa                   |         92 | 2006-02-15 04:45:25 |
|     109 | Changzhou                  |         23 | 2006-02-15 04:45:25 |
|     110 | Chapra                     |         44 | 2006-02-15 04:45:25 |
|     111 | Charlotte Amalie           |        106 | 2006-02-15 04:45:25 |
|     112 | Chatsworth                 |         85 | 2006-02-15 04:45:25 |
|     113 | Cheju                      |         86 | 2006-02-15 04:45:25 |
|     114 | Chiayi                     |         92 | 2006-02-15 04:45:25 |
|     115 | Chisinau                   |         61 | 2006-02-15 04:45:25 |
|     116 | Chungho                    |         92 | 2006-02-15 04:45:25 |
|     117 | Cianjur                    |         45 | 2006-02-15 04:45:25 |
|     118 | Ciomas                     |         45 | 2006-02-15 04:45:25 |
|     119 | Ciparay                    |         45 | 2006-02-15 04:45:25 |
|     120 | Citrus Heights             |        103 | 2006-02-15 04:45:25 |
|     121 | Citt del Vaticano          |         41 | 2006-02-15 04:45:25 |
|     122 | Ciudad del Este            |         73 | 2006-02-15 04:45:25 |
|     123 | Clarksville                |        103 | 2006-02-15 04:45:25 |
|     124 | Coacalco de Berriozbal     |         60 | 2006-02-15 04:45:25 |
|     125 | Coatzacoalcos              |         60 | 2006-02-15 04:45:25 |
|     126 | Compton                    |        103 | 2006-02-15 04:45:25 |
|     127 | Coquimbo                   |         22 | 2006-02-15 04:45:25 |
|     128 | Crdoba                     |          6 | 2006-02-15 04:45:25 |
|     129 | Cuauhtmoc                  |         60 | 2006-02-15 04:45:25 |
|     130 | Cuautla                    |         60 | 2006-02-15 04:45:25 |
|     131 | Cuernavaca                 |         60 | 2006-02-15 04:45:25 |
|     132 | Cuman                      |        104 | 2006-02-15 04:45:25 |
|     133 | Czestochowa                |         76 | 2006-02-15 04:45:25 |
|     134 | Dadu                       |         72 | 2006-02-15 04:45:25 |
|     135 | Dallas                     |        103 | 2006-02-15 04:45:25 |
|     136 | Datong                     |         23 | 2006-02-15 04:45:25 |
|     137 | Daugavpils                 |         54 | 2006-02-15 04:45:25 |
|     138 | Davao                      |         75 | 2006-02-15 04:45:25 |
|     139 | Daxian                     |         23 | 2006-02-15 04:45:25 |
|     140 | Dayton                     |        103 | 2006-02-15 04:45:25 |
|     141 | Deba Habe                  |         69 | 2006-02-15 04:45:25 |
|     142 | Denizli                    |         97 | 2006-02-15 04:45:25 |
|     143 | Dhaka                      |         12 | 2006-02-15 04:45:25 |
|     144 | Dhule (Dhulia)             |         44 | 2006-02-15 04:45:25 |
|     145 | Dongying                   |         23 | 2006-02-15 04:45:25 |
|     146 | Donostia-San Sebastin      |         87 | 2006-02-15 04:45:25 |
|     147 | Dos Quebradas              |         24 | 2006-02-15 04:45:25 |
|     148 | Duisburg                   |         38 | 2006-02-15 04:45:25 |
|     149 | Dundee                     |        102 | 2006-02-15 04:45:25 |
|     150 | Dzerzinsk                  |         80 | 2006-02-15 04:45:25 |
|     151 | Ede                        |         67 | 2006-02-15 04:45:25 |
|     152 | Effon-Alaiye               |         69 | 2006-02-15 04:45:25 |
|     153 | El Alto                    |         14 | 2006-02-15 04:45:25 |
|     154 | El Fuerte                  |         60 | 2006-02-15 04:45:25 |
|     155 | El Monte                   |        103 | 2006-02-15 04:45:25 |
|     156 | Elista                     |         80 | 2006-02-15 04:45:25 |
|     157 | Emeishan                   |         23 | 2006-02-15 04:45:25 |
|     158 | Emmen                      |         67 | 2006-02-15 04:45:25 |
|     159 | Enshi                      |         23 | 2006-02-15 04:45:25 |
|     160 | Erlangen                   |         38 | 2006-02-15 04:45:25 |
|     161 | Escobar                    |          6 | 2006-02-15 04:45:25 |
|     162 | Esfahan                    |         46 | 2006-02-15 04:45:25 |
|     163 | Eskisehir                  |         97 | 2006-02-15 04:45:25 |
|     164 | Etawah                     |         44 | 2006-02-15 04:45:25 |
|     165 | Ezeiza                     |          6 | 2006-02-15 04:45:25 |
|     166 | Ezhou                      |         23 | 2006-02-15 04:45:25 |
|     167 | Faaa                       |         36 | 2006-02-15 04:45:25 |
|     168 | Fengshan                   |         92 | 2006-02-15 04:45:25 |
|     169 | Firozabad                  |         44 | 2006-02-15 04:45:25 |
|     170 | Florencia                  |         24 | 2006-02-15 04:45:25 |
|     171 | Fontana                    |        103 | 2006-02-15 04:45:25 |
|     172 | Fukuyama                   |         50 | 2006-02-15 04:45:25 |
|     173 | Funafuti                   |         99 | 2006-02-15 04:45:25 |
|     174 | Fuyu                       |         23 | 2006-02-15 04:45:25 |
|     175 | Fuzhou                     |         23 | 2006-02-15 04:45:25 |
|     176 | Gandhinagar                |         44 | 2006-02-15 04:45:25 |
|     177 | Garden Grove               |        103 | 2006-02-15 04:45:25 |
|     178 | Garland                    |        103 | 2006-02-15 04:45:25 |
|     179 | Gatineau                   |         20 | 2006-02-15 04:45:25 |
|     180 | Gaziantep                  |         97 | 2006-02-15 04:45:25 |
|     181 | Gijn                       |         87 | 2006-02-15 04:45:25 |
|     182 | Gingoog                    |         75 | 2006-02-15 04:45:25 |
|     183 | Goinia                     |         15 | 2006-02-15 04:45:25 |
|     184 | Gorontalo                  |         45 | 2006-02-15 04:45:25 |
|     185 | Grand Prairie              |        103 | 2006-02-15 04:45:25 |
|     186 | Graz                       |          9 | 2006-02-15 04:45:25 |
|     187 | Greensboro                 |        103 | 2006-02-15 04:45:25 |
|     188 | Guadalajara                |         60 | 2006-02-15 04:45:25 |
|     189 | Guaruj                     |         15 | 2006-02-15 04:45:25 |
|     190 | guas Lindas de Gois        |         15 | 2006-02-15 04:45:25 |
|     191 | Gulbarga                   |         44 | 2006-02-15 04:45:25 |
|     192 | Hagonoy                    |         75 | 2006-02-15 04:45:25 |
|     193 | Haining                    |         23 | 2006-02-15 04:45:25 |
|     194 | Haiphong                   |        105 | 2006-02-15 04:45:25 |
|     195 | Haldia                     |         44 | 2006-02-15 04:45:25 |
|     196 | Halifax                    |         20 | 2006-02-15 04:45:25 |
|     197 | Halisahar                  |         44 | 2006-02-15 04:45:25 |
|     198 | Halle/Saale                |         38 | 2006-02-15 04:45:25 |
|     199 | Hami                       |         23 | 2006-02-15 04:45:25 |
|     200 | Hamilton                   |         68 | 2006-02-15 04:45:25 |
|     201 | Hanoi                      |        105 | 2006-02-15 04:45:25 |
|     202 | Hidalgo                    |         60 | 2006-02-15 04:45:25 |
|     203 | Higashiosaka               |         50 | 2006-02-15 04:45:25 |
|     204 | Hino                       |         50 | 2006-02-15 04:45:25 |
|     205 | Hiroshima                  |         50 | 2006-02-15 04:45:25 |
|     206 | Hodeida                    |        107 | 2006-02-15 04:45:25 |
|     207 | Hohhot                     |         23 | 2006-02-15 04:45:25 |
|     208 | Hoshiarpur                 |         44 | 2006-02-15 04:45:25 |
|     209 | Hsichuh                    |         92 | 2006-02-15 04:45:25 |
|     210 | Huaian                     |         23 | 2006-02-15 04:45:25 |
|     211 | Hubli-Dharwad              |         44 | 2006-02-15 04:45:25 |
|     212 | Huejutla de Reyes          |         60 | 2006-02-15 04:45:25 |
|     213 | Huixquilucan               |         60 | 2006-02-15 04:45:25 |
|     214 | Hunuco                     |         74 | 2006-02-15 04:45:25 |
|     215 | Ibirit                     |         15 | 2006-02-15 04:45:25 |
|     216 | Idfu                       |         29 | 2006-02-15 04:45:25 |
|     217 | Ife                        |         69 | 2006-02-15 04:45:25 |
|     218 | Ikerre                     |         69 | 2006-02-15 04:45:25 |
|     219 | Iligan                     |         75 | 2006-02-15 04:45:25 |
|     220 | Ilorin                     |         69 | 2006-02-15 04:45:25 |
|     221 | Imus                       |         75 | 2006-02-15 04:45:25 |
|     222 | Inegl                      |         97 | 2006-02-15 04:45:25 |
|     223 | Ipoh                       |         59 | 2006-02-15 04:45:25 |
|     224 | Isesaki                    |         50 | 2006-02-15 04:45:25 |
|     225 | Ivanovo                    |         80 | 2006-02-15 04:45:25 |
|     226 | Iwaki                      |         50 | 2006-02-15 04:45:25 |
|     227 | Iwakuni                    |         50 | 2006-02-15 04:45:25 |
|     228 | Iwatsuki                   |         50 | 2006-02-15 04:45:25 |
|     229 | Izumisano                  |         50 | 2006-02-15 04:45:25 |
|     230 | Jaffna                     |         88 | 2006-02-15 04:45:25 |
|     231 | Jaipur                     |         44 | 2006-02-15 04:45:25 |
|     232 | Jakarta                    |         45 | 2006-02-15 04:45:25 |
|     233 | Jalib al-Shuyukh           |         53 | 2006-02-15 04:45:25 |
|     234 | Jamalpur                   |         12 | 2006-02-15 04:45:25 |
|     235 | Jaroslavl                  |         80 | 2006-02-15 04:45:25 |
|     236 | Jastrzebie-Zdrj            |         76 | 2006-02-15 04:45:25 |
|     237 | Jedda                      |         82 | 2006-02-15 04:45:25 |
|     238 | Jelets                     |         80 | 2006-02-15 04:45:25 |
|     239 | Jhansi                     |         44 | 2006-02-15 04:45:25 |
|     240 | Jinchang                   |         23 | 2006-02-15 04:45:25 |
|     241 | Jining                     |         23 | 2006-02-15 04:45:25 |
|     242 | Jinzhou                    |         23 | 2006-02-15 04:45:25 |
|     243 | Jodhpur                    |         44 | 2006-02-15 04:45:25 |
|     244 | Johannesburg               |         85 | 2006-02-15 04:45:25 |
|     245 | Joliet                     |        103 | 2006-02-15 04:45:25 |
|     246 | Jos Azueta                 |         60 | 2006-02-15 04:45:25 |
|     247 | Juazeiro do Norte          |         15 | 2006-02-15 04:45:25 |
|     248 | Juiz de Fora               |         15 | 2006-02-15 04:45:25 |
|     249 | Junan                      |         23 | 2006-02-15 04:45:25 |
|     250 | Jurez                      |         60 | 2006-02-15 04:45:25 |
|     251 | Kabul                      |          1 | 2006-02-15 04:45:25 |
|     252 | Kaduna                     |         69 | 2006-02-15 04:45:25 |
|     253 | Kakamigahara               |         50 | 2006-02-15 04:45:25 |
|     254 | Kaliningrad                |         80 | 2006-02-15 04:45:25 |
|     255 | Kalisz                     |         76 | 2006-02-15 04:45:25 |
|     256 | Kamakura                   |         50 | 2006-02-15 04:45:25 |
|     257 | Kamarhati                  |         44 | 2006-02-15 04:45:25 |
|     258 | Kamjanets-Podilskyi        |        100 | 2006-02-15 04:45:25 |
|     259 | Kamyin                     |         80 | 2006-02-15 04:45:25 |
|     260 | Kanazawa                   |         50 | 2006-02-15 04:45:25 |
|     261 | Kanchrapara                |         44 | 2006-02-15 04:45:25 |
|     262 | Kansas City                |        103 | 2006-02-15 04:45:25 |
|     263 | Karnal                     |         44 | 2006-02-15 04:45:25 |
|     264 | Katihar                    |         44 | 2006-02-15 04:45:25 |
|     265 | Kermanshah                 |         46 | 2006-02-15 04:45:25 |
|     266 | Kilis                      |         97 | 2006-02-15 04:45:25 |
|     267 | Kimberley                  |         85 | 2006-02-15 04:45:25 |
|     268 | Kimchon                    |         86 | 2006-02-15 04:45:25 |
|     269 | Kingstown                  |         81 | 2006-02-15 04:45:25 |
|     270 | Kirovo-Tepetsk             |         80 | 2006-02-15 04:45:25 |
|     271 | Kisumu                     |         52 | 2006-02-15 04:45:25 |
|     272 | Kitwe                      |        109 | 2006-02-15 04:45:25 |
|     273 | Klerksdorp                 |         85 | 2006-02-15 04:45:25 |
|     274 | Kolpino                    |         80 | 2006-02-15 04:45:25 |
|     275 | Konotop                    |        100 | 2006-02-15 04:45:25 |
|     276 | Koriyama                   |         50 | 2006-02-15 04:45:25 |
|     277 | Korla                      |         23 | 2006-02-15 04:45:25 |
|     278 | Korolev                    |         80 | 2006-02-15 04:45:25 |
|     279 | Kowloon and New Kowloon    |         42 | 2006-02-15 04:45:25 |
|     280 | Kragujevac                 |        108 | 2006-02-15 04:45:25 |
|     281 | Ktahya                     |         97 | 2006-02-15 04:45:25 |
|     282 | Kuching                    |         59 | 2006-02-15 04:45:25 |
|     283 | Kumbakonam                 |         44 | 2006-02-15 04:45:25 |
|     284 | Kurashiki                  |         50 | 2006-02-15 04:45:25 |
|     285 | Kurgan                     |         80 | 2006-02-15 04:45:25 |
|     286 | Kursk                      |         80 | 2006-02-15 04:45:25 |
|     287 | Kuwana                     |         50 | 2006-02-15 04:45:25 |
|     288 | La Paz                     |         60 | 2006-02-15 04:45:25 |
|     289 | La Plata                   |          6 | 2006-02-15 04:45:25 |
|     290 | La Romana                  |         27 | 2006-02-15 04:45:25 |
|     291 | Laiwu                      |         23 | 2006-02-15 04:45:25 |
|     292 | Lancaster                  |        103 | 2006-02-15 04:45:25 |
|     293 | Laohekou                   |         23 | 2006-02-15 04:45:25 |
|     294 | Lapu-Lapu                  |         75 | 2006-02-15 04:45:25 |
|     295 | Laredo                     |        103 | 2006-02-15 04:45:25 |
|     296 | Lausanne                   |         91 | 2006-02-15 04:45:25 |
|     297 | Le Mans                    |         34 | 2006-02-15 04:45:25 |
|     298 | Lengshuijiang              |         23 | 2006-02-15 04:45:25 |
|     299 | Leshan                     |         23 | 2006-02-15 04:45:25 |
|     300 | Lethbridge                 |         20 | 2006-02-15 04:45:25 |
|     301 | Lhokseumawe                |         45 | 2006-02-15 04:45:25 |
|     302 | Liaocheng                  |         23 | 2006-02-15 04:45:25 |
|     303 | Liepaja                    |         54 | 2006-02-15 04:45:25 |
|     304 | Lilongwe                   |         58 | 2006-02-15 04:45:25 |
|     305 | Lima                       |         74 | 2006-02-15 04:45:25 |
|     306 | Lincoln                    |        103 | 2006-02-15 04:45:25 |
|     307 | Linz                       |          9 | 2006-02-15 04:45:25 |
|     308 | Lipetsk                    |         80 | 2006-02-15 04:45:25 |
|     309 | Livorno                    |         49 | 2006-02-15 04:45:25 |
|     310 | Ljubertsy                  |         80 | 2006-02-15 04:45:25 |
|     311 | Loja                       |         28 | 2006-02-15 04:45:25 |
|     312 | London                     |        102 | 2006-02-15 04:45:25 |
|     313 | London                     |         20 | 2006-02-15 04:45:25 |
|     314 | Lublin                     |         76 | 2006-02-15 04:45:25 |
|     315 | Lubumbashi                 |         25 | 2006-02-15 04:45:25 |
|     316 | Lungtan                    |         92 | 2006-02-15 04:45:25 |
|     317 | Luzinia                    |         15 | 2006-02-15 04:45:25 |
|     318 | Madiun                     |         45 | 2006-02-15 04:45:25 |
|     319 | Mahajanga                  |         57 | 2006-02-15 04:45:25 |
|     320 | Maikop                     |         80 | 2006-02-15 04:45:25 |
|     321 | Malm                       |         90 | 2006-02-15 04:45:25 |
|     322 | Manchester                 |        103 | 2006-02-15 04:45:25 |
|     323 | Mandaluyong                |         75 | 2006-02-15 04:45:25 |
|     324 | Mandi Bahauddin            |         72 | 2006-02-15 04:45:25 |
|     325 | Mannheim                   |         38 | 2006-02-15 04:45:25 |
|     326 | Maracabo                   |        104 | 2006-02-15 04:45:25 |
|     327 | Mardan                     |         72 | 2006-02-15 04:45:25 |
|     328 | Maring                     |         15 | 2006-02-15 04:45:25 |
|     329 | Masqat                     |         71 | 2006-02-15 04:45:25 |
|     330 | Matamoros                  |         60 | 2006-02-15 04:45:25 |
|     331 | Matsue                     |         50 | 2006-02-15 04:45:25 |
|     332 | Meixian                    |         23 | 2006-02-15 04:45:25 |
|     333 | Memphis                    |        103 | 2006-02-15 04:45:25 |
|     334 | Merlo                      |          6 | 2006-02-15 04:45:25 |
|     335 | Mexicali                   |         60 | 2006-02-15 04:45:25 |
|     336 | Miraj                      |         44 | 2006-02-15 04:45:25 |
|     337 | Mit Ghamr                  |         29 | 2006-02-15 04:45:25 |
|     338 | Miyakonojo                 |         50 | 2006-02-15 04:45:25 |
|     339 | Mogiljov                   |         13 | 2006-02-15 04:45:25 |
|     340 | Molodetno                  |         13 | 2006-02-15 04:45:25 |
|     341 | Monclova                   |         60 | 2006-02-15 04:45:25 |
|     342 | Monywa                     |         64 | 2006-02-15 04:45:25 |
|     343 | Moscow                     |         80 | 2006-02-15 04:45:25 |
|     344 | Mosul                      |         47 | 2006-02-15 04:45:25 |
|     345 | Mukateve                   |        100 | 2006-02-15 04:45:25 |
|     346 | Munger (Monghyr)           |         44 | 2006-02-15 04:45:25 |
|     347 | Mwanza                     |         93 | 2006-02-15 04:45:25 |
|     348 | Mwene-Ditu                 |         25 | 2006-02-15 04:45:25 |
|     349 | Myingyan                   |         64 | 2006-02-15 04:45:25 |
|     350 | Mysore                     |         44 | 2006-02-15 04:45:25 |
|     351 | Naala-Porto                |         63 | 2006-02-15 04:45:25 |
|     352 | Nabereznyje Telny          |         80 | 2006-02-15 04:45:25 |
|     353 | Nador                      |         62 | 2006-02-15 04:45:25 |
|     354 | Nagaon                     |         44 | 2006-02-15 04:45:25 |
|     355 | Nagareyama                 |         50 | 2006-02-15 04:45:25 |
|     356 | Najafabad                  |         46 | 2006-02-15 04:45:25 |
|     357 | Naju                       |         86 | 2006-02-15 04:45:25 |
|     358 | Nakhon Sawan               |         94 | 2006-02-15 04:45:25 |
|     359 | Nam Dinh                   |        105 | 2006-02-15 04:45:25 |
|     360 | Namibe                     |          4 | 2006-02-15 04:45:25 |
|     361 | Nantou                     |         92 | 2006-02-15 04:45:25 |
|     362 | Nanyang                    |         23 | 2006-02-15 04:45:25 |
|     363 | NDjamna                    |         21 | 2006-02-15 04:45:25 |
|     364 | Newcastle                  |         85 | 2006-02-15 04:45:25 |
|     365 | Nezahualcyotl              |         60 | 2006-02-15 04:45:25 |
|     366 | Nha Trang                  |        105 | 2006-02-15 04:45:25 |
|     367 | Niznekamsk                 |         80 | 2006-02-15 04:45:25 |
|     368 | Novi Sad                   |        108 | 2006-02-15 04:45:25 |
|     369 | Novoterkassk               |         80 | 2006-02-15 04:45:25 |
|     370 | Nukualofa                  |         95 | 2006-02-15 04:45:25 |
|     371 | Nuuk                       |         40 | 2006-02-15 04:45:25 |
|     372 | Nyeri                      |         52 | 2006-02-15 04:45:25 |
|     373 | Ocumare del Tuy            |        104 | 2006-02-15 04:45:25 |
|     374 | Ogbomosho                  |         69 | 2006-02-15 04:45:25 |
|     375 | Okara                      |         72 | 2006-02-15 04:45:25 |
|     376 | Okayama                    |         50 | 2006-02-15 04:45:25 |
|     377 | Okinawa                    |         50 | 2006-02-15 04:45:25 |
|     378 | Olomouc                    |         26 | 2006-02-15 04:45:25 |
|     379 | Omdurman                   |         89 | 2006-02-15 04:45:25 |
|     380 | Omiya                      |         50 | 2006-02-15 04:45:25 |
|     381 | Ondo                       |         69 | 2006-02-15 04:45:25 |
|     382 | Onomichi                   |         50 | 2006-02-15 04:45:25 |
|     383 | Oshawa                     |         20 | 2006-02-15 04:45:25 |
|     384 | Osmaniye                   |         97 | 2006-02-15 04:45:25 |
|     385 | ostka                      |        100 | 2006-02-15 04:45:25 |
|     386 | Otsu                       |         50 | 2006-02-15 04:45:25 |
|     387 | Oulu                       |         33 | 2006-02-15 04:45:25 |
|     388 | Ourense (Orense)           |         87 | 2006-02-15 04:45:25 |
|     389 | Owo                        |         69 | 2006-02-15 04:45:25 |
|     390 | Oyo                        |         69 | 2006-02-15 04:45:25 |
|     391 | Ozamis                     |         75 | 2006-02-15 04:45:25 |
|     392 | Paarl                      |         85 | 2006-02-15 04:45:25 |
|     393 | Pachuca de Soto            |         60 | 2006-02-15 04:45:25 |
|     394 | Pak Kret                   |         94 | 2006-02-15 04:45:25 |
|     395 | Palghat (Palakkad)         |         44 | 2006-02-15 04:45:25 |
|     396 | Pangkal Pinang             |         45 | 2006-02-15 04:45:25 |
|     397 | Papeete                    |         36 | 2006-02-15 04:45:25 |
|     398 | Parbhani                   |         44 | 2006-02-15 04:45:25 |
|     399 | Pathankot                  |         44 | 2006-02-15 04:45:25 |
|     400 | Patiala                    |         44 | 2006-02-15 04:45:25 |
|     401 | Patras                     |         39 | 2006-02-15 04:45:25 |
|     402 | Pavlodar                   |         51 | 2006-02-15 04:45:25 |
|     403 | Pemalang                   |         45 | 2006-02-15 04:45:25 |
|     404 | Peoria                     |        103 | 2006-02-15 04:45:25 |
|     405 | Pereira                    |         24 | 2006-02-15 04:45:25 |
|     406 | Phnom Penh                 |         18 | 2006-02-15 04:45:25 |
|     407 | Pingxiang                  |         23 | 2006-02-15 04:45:25 |
|     408 | Pjatigorsk                 |         80 | 2006-02-15 04:45:25 |
|     409 | Plock                      |         76 | 2006-02-15 04:45:25 |
|     410 | Po                         |         15 | 2006-02-15 04:45:25 |
|     411 | Ponce                      |         77 | 2006-02-15 04:45:25 |
|     412 | Pontianak                  |         45 | 2006-02-15 04:45:25 |
|     413 | Poos de Caldas             |         15 | 2006-02-15 04:45:25 |
|     414 | Portoviejo                 |         28 | 2006-02-15 04:45:25 |
|     415 | Probolinggo                |         45 | 2006-02-15 04:45:25 |
|     416 | Pudukkottai                |         44 | 2006-02-15 04:45:25 |
|     417 | Pune                       |         44 | 2006-02-15 04:45:25 |
|     418 | Purnea (Purnia)            |         44 | 2006-02-15 04:45:25 |
|     419 | Purwakarta                 |         45 | 2006-02-15 04:45:25 |
|     420 | Pyongyang                  |         70 | 2006-02-15 04:45:25 |
|     421 | Qalyub                     |         29 | 2006-02-15 04:45:25 |
|     422 | Qinhuangdao                |         23 | 2006-02-15 04:45:25 |
|     423 | Qomsheh                    |         46 | 2006-02-15 04:45:25 |
|     424 | Quilmes                    |          6 | 2006-02-15 04:45:25 |
|     425 | Rae Bareli                 |         44 | 2006-02-15 04:45:25 |
|     426 | Rajkot                     |         44 | 2006-02-15 04:45:25 |
|     427 | Rampur                     |         44 | 2006-02-15 04:45:25 |
|     428 | Rancagua                   |         22 | 2006-02-15 04:45:25 |
|     429 | Ranchi                     |         44 | 2006-02-15 04:45:25 |
|     430 | Richmond Hill              |         20 | 2006-02-15 04:45:25 |
|     431 | Rio Claro                  |         15 | 2006-02-15 04:45:25 |
|     432 | Rizhao                     |         23 | 2006-02-15 04:45:25 |
|     433 | Roanoke                    |        103 | 2006-02-15 04:45:25 |
|     434 | Robamba                    |         28 | 2006-02-15 04:45:25 |
|     435 | Rockford                   |        103 | 2006-02-15 04:45:25 |
|     436 | Ruse                       |         17 | 2006-02-15 04:45:25 |
|     437 | Rustenburg                 |         85 | 2006-02-15 04:45:25 |
|     438 | s-Hertogenbosch            |         67 | 2006-02-15 04:45:25 |
|     439 | Saarbrcken                 |         38 | 2006-02-15 04:45:25 |
|     440 | Sagamihara                 |         50 | 2006-02-15 04:45:25 |
|     441 | Saint Louis                |        103 | 2006-02-15 04:45:25 |
|     442 | Saint-Denis                |         79 | 2006-02-15 04:45:25 |
|     443 | Sal                        |         62 | 2006-02-15 04:45:25 |
|     444 | Salala                     |         71 | 2006-02-15 04:45:25 |
|     445 | Salamanca                  |         60 | 2006-02-15 04:45:25 |
|     446 | Salinas                    |        103 | 2006-02-15 04:45:25 |
|     447 | Salzburg                   |          9 | 2006-02-15 04:45:25 |
|     448 | Sambhal                    |         44 | 2006-02-15 04:45:25 |
|     449 | San Bernardino             |        103 | 2006-02-15 04:45:25 |
|     450 | San Felipe de Puerto Plata |         27 | 2006-02-15 04:45:25 |
|     451 | San Felipe del Progreso    |         60 | 2006-02-15 04:45:25 |
|     452 | San Juan Bautista Tuxtepec |         60 | 2006-02-15 04:45:25 |
|     453 | San Lorenzo                |         73 | 2006-02-15 04:45:25 |
|     454 | San Miguel de Tucumn       |          6 | 2006-02-15 04:45:25 |
|     455 | Sanaa                      |        107 | 2006-02-15 04:45:25 |
|     456 | Santa Brbara dOeste        |         15 | 2006-02-15 04:45:25 |
|     457 | Santa F                    |          6 | 2006-02-15 04:45:25 |
|     458 | Santa Rosa                 |         75 | 2006-02-15 04:45:25 |
|     459 | Santiago de Compostela     |         87 | 2006-02-15 04:45:25 |
|     460 | Santiago de los Caballeros |         27 | 2006-02-15 04:45:25 |
|     461 | Santo Andr                 |         15 | 2006-02-15 04:45:25 |
|     462 | Sanya                      |         23 | 2006-02-15 04:45:25 |
|     463 | Sasebo                     |         50 | 2006-02-15 04:45:25 |
|     464 | Satna                      |         44 | 2006-02-15 04:45:25 |
|     465 | Sawhaj                     |         29 | 2006-02-15 04:45:25 |
|     466 | Serpuhov                   |         80 | 2006-02-15 04:45:25 |
|     467 | Shahr-e Kord               |         46 | 2006-02-15 04:45:25 |
|     468 | Shanwei                    |         23 | 2006-02-15 04:45:25 |
|     469 | Shaoguan                   |         23 | 2006-02-15 04:45:25 |
|     470 | Sharja                     |        101 | 2006-02-15 04:45:25 |
|     471 | Shenzhen                   |         23 | 2006-02-15 04:45:25 |
|     472 | Shikarpur                  |         72 | 2006-02-15 04:45:25 |
|     473 | Shimoga                    |         44 | 2006-02-15 04:45:25 |
|     474 | Shimonoseki                |         50 | 2006-02-15 04:45:25 |
|     475 | Shivapuri                  |         44 | 2006-02-15 04:45:25 |
|     476 | Shubra al-Khayma           |         29 | 2006-02-15 04:45:25 |
|     477 | Siegen                     |         38 | 2006-02-15 04:45:25 |
|     478 | Siliguri (Shiliguri)       |         44 | 2006-02-15 04:45:25 |
|     479 | Simferopol                 |        100 | 2006-02-15 04:45:25 |
|     480 | Sincelejo                  |         24 | 2006-02-15 04:45:25 |
|     481 | Sirjan                     |         46 | 2006-02-15 04:45:25 |
|     482 | Sivas                      |         97 | 2006-02-15 04:45:25 |
|     483 | Skikda                     |          2 | 2006-02-15 04:45:25 |
|     484 | Smolensk                   |         80 | 2006-02-15 04:45:25 |
|     485 | So Bernardo do Campo       |         15 | 2006-02-15 04:45:25 |
|     486 | So Leopoldo                |         15 | 2006-02-15 04:45:25 |
|     487 | Sogamoso                   |         24 | 2006-02-15 04:45:25 |
|     488 | Sokoto                     |         69 | 2006-02-15 04:45:25 |
|     489 | Songkhla                   |         94 | 2006-02-15 04:45:25 |
|     490 | Sorocaba                   |         15 | 2006-02-15 04:45:25 |
|     491 | Soshanguve                 |         85 | 2006-02-15 04:45:25 |
|     492 | Sousse                     |         96 | 2006-02-15 04:45:25 |
|     493 | South Hill                 |          5 | 2006-02-15 04:45:25 |
|     494 | Southampton                |        102 | 2006-02-15 04:45:25 |
|     495 | Southend-on-Sea            |        102 | 2006-02-15 04:45:25 |
|     496 | Southport                  |        102 | 2006-02-15 04:45:25 |
|     497 | Springs                    |         85 | 2006-02-15 04:45:25 |
|     498 | Stara Zagora               |         17 | 2006-02-15 04:45:25 |
|     499 | Sterling Heights           |        103 | 2006-02-15 04:45:25 |
|     500 | Stockport                  |        102 | 2006-02-15 04:45:25 |
|     501 | Sucre                      |         14 | 2006-02-15 04:45:25 |
|     502 | Suihua                     |         23 | 2006-02-15 04:45:25 |
|     503 | Sullana                    |         74 | 2006-02-15 04:45:25 |
|     504 | Sultanbeyli                |         97 | 2006-02-15 04:45:25 |
|     505 | Sumqayit                   |         10 | 2006-02-15 04:45:25 |
|     506 | Sumy                       |        100 | 2006-02-15 04:45:25 |
|     507 | Sungai Petani              |         59 | 2006-02-15 04:45:25 |
|     508 | Sunnyvale                  |        103 | 2006-02-15 04:45:25 |
|     509 | Surakarta                  |         45 | 2006-02-15 04:45:25 |
|     510 | Syktyvkar                  |         80 | 2006-02-15 04:45:25 |
|     511 | Syrakusa                   |         49 | 2006-02-15 04:45:25 |
|     512 | Szkesfehrvr                |         43 | 2006-02-15 04:45:25 |
|     513 | Tabora                     |         93 | 2006-02-15 04:45:25 |
|     514 | Tabriz                     |         46 | 2006-02-15 04:45:25 |
|     515 | Tabuk                      |         82 | 2006-02-15 04:45:25 |
|     516 | Tafuna                     |          3 | 2006-02-15 04:45:25 |
|     517 | Taguig                     |         75 | 2006-02-15 04:45:25 |
|     518 | Taizz                      |        107 | 2006-02-15 04:45:25 |
|     519 | Talavera                   |         75 | 2006-02-15 04:45:25 |
|     520 | Tallahassee                |        103 | 2006-02-15 04:45:25 |
|     521 | Tama                       |         50 | 2006-02-15 04:45:25 |
|     522 | Tambaram                   |         44 | 2006-02-15 04:45:25 |
|     523 | Tanauan                    |         75 | 2006-02-15 04:45:25 |
|     524 | Tandil                     |          6 | 2006-02-15 04:45:25 |
|     525 | Tangail                    |         12 | 2006-02-15 04:45:25 |
|     526 | Tanshui                    |         92 | 2006-02-15 04:45:25 |
|     527 | Tanza                      |         75 | 2006-02-15 04:45:25 |
|     528 | Tarlac                     |         75 | 2006-02-15 04:45:25 |
|     529 | Tarsus                     |         97 | 2006-02-15 04:45:25 |
|     530 | Tartu                      |         30 | 2006-02-15 04:45:25 |
|     531 | Teboksary                  |         80 | 2006-02-15 04:45:25 |
|     532 | Tegal                      |         45 | 2006-02-15 04:45:25 |
|     533 | Tel Aviv-Jaffa             |         48 | 2006-02-15 04:45:25 |
|     534 | Tete                       |         63 | 2006-02-15 04:45:25 |
|     535 | Tianjin                    |         23 | 2006-02-15 04:45:25 |
|     536 | Tiefa                      |         23 | 2006-02-15 04:45:25 |
|     537 | Tieli                      |         23 | 2006-02-15 04:45:25 |
|     538 | Tokat                      |         97 | 2006-02-15 04:45:25 |
|     539 | Tonghae                    |         86 | 2006-02-15 04:45:25 |
|     540 | Tongliao                   |         23 | 2006-02-15 04:45:25 |
|     541 | Torren                     |         60 | 2006-02-15 04:45:25 |
|     542 | Touliu                     |         92 | 2006-02-15 04:45:25 |
|     543 | Toulon                     |         34 | 2006-02-15 04:45:25 |
|     544 | Toulouse                   |         34 | 2006-02-15 04:45:25 |
|     545 | Trshavn                    |         32 | 2006-02-15 04:45:25 |
|     546 | Tsaotun                    |         92 | 2006-02-15 04:45:25 |
|     547 | Tsuyama                    |         50 | 2006-02-15 04:45:25 |
|     548 | Tuguegarao                 |         75 | 2006-02-15 04:45:25 |
|     549 | Tychy                      |         76 | 2006-02-15 04:45:25 |
|     550 | Udaipur                    |         44 | 2006-02-15 04:45:25 |
|     551 | Udine                      |         49 | 2006-02-15 04:45:25 |
|     552 | Ueda                       |         50 | 2006-02-15 04:45:25 |
|     553 | Uijongbu                   |         86 | 2006-02-15 04:45:25 |
|     554 | Uluberia                   |         44 | 2006-02-15 04:45:25 |
|     555 | Urawa                      |         50 | 2006-02-15 04:45:25 |
|     556 | Uruapan                    |         60 | 2006-02-15 04:45:25 |
|     557 | Usak                       |         97 | 2006-02-15 04:45:25 |
|     558 | Usolje-Sibirskoje          |         80 | 2006-02-15 04:45:25 |
|     559 | Uttarpara-Kotrung          |         44 | 2006-02-15 04:45:25 |
|     560 | Vaduz                      |         55 | 2006-02-15 04:45:25 |
|     561 | Valencia                   |        104 | 2006-02-15 04:45:25 |
|     562 | Valle de la Pascua         |        104 | 2006-02-15 04:45:25 |
|     563 | Valle de Santiago          |         60 | 2006-02-15 04:45:25 |
|     564 | Valparai                   |         44 | 2006-02-15 04:45:25 |
|     565 | Vancouver                  |         20 | 2006-02-15 04:45:25 |
|     566 | Varanasi (Benares)         |         44 | 2006-02-15 04:45:25 |
|     567 | Vicente Lpez               |          6 | 2006-02-15 04:45:25 |
|     568 | Vijayawada                 |         44 | 2006-02-15 04:45:25 |
|     569 | Vila Velha                 |         15 | 2006-02-15 04:45:25 |
|     570 | Vilnius                    |         56 | 2006-02-15 04:45:25 |
|     571 | Vinh                       |        105 | 2006-02-15 04:45:25 |
|     572 | Vitria de Santo Anto       |         15 | 2006-02-15 04:45:25 |
|     573 | Warren                     |        103 | 2006-02-15 04:45:25 |
|     574 | Weifang                    |         23 | 2006-02-15 04:45:25 |
|     575 | Witten                     |         38 | 2006-02-15 04:45:25 |
|     576 | Woodridge                  |          8 | 2006-02-15 04:45:25 |
|     577 | Wroclaw                    |         76 | 2006-02-15 04:45:25 |
|     578 | Xiangfan                   |         23 | 2006-02-15 04:45:25 |
|     579 | Xiangtan                   |         23 | 2006-02-15 04:45:25 |
|     580 | Xintai                     |         23 | 2006-02-15 04:45:25 |
|     581 | Xinxiang                   |         23 | 2006-02-15 04:45:25 |
|     582 | Yamuna Nagar               |         44 | 2006-02-15 04:45:25 |
|     583 | Yangor                     |         65 | 2006-02-15 04:45:25 |
|     584 | Yantai                     |         23 | 2006-02-15 04:45:25 |
|     585 | Yaound                     |         19 | 2006-02-15 04:45:25 |
|     586 | Yerevan                    |          7 | 2006-02-15 04:45:25 |
|     587 | Yinchuan                   |         23 | 2006-02-15 04:45:25 |
|     588 | Yingkou                    |         23 | 2006-02-15 04:45:25 |
|     589 | York                       |        102 | 2006-02-15 04:45:25 |
|     590 | Yuncheng                   |         23 | 2006-02-15 04:45:25 |
|     591 | Yuzhou                     |         23 | 2006-02-15 04:45:25 |
|     592 | Zalantun                   |         23 | 2006-02-15 04:45:25 |
|     593 | Zanzibar                   |         93 | 2006-02-15 04:45:25 |
|     594 | Zaoyang                    |         23 | 2006-02-15 04:45:25 |
|     595 | Zapopan                    |         60 | 2006-02-15 04:45:25 |
|     596 | Zaria                      |         69 | 2006-02-15 04:45:25 |
|     597 | Zeleznogorsk               |         80 | 2006-02-15 04:45:25 |
|     598 | Zhezqazghan                |         51 | 2006-02-15 04:45:25 |
|     599 | Zhoushan                   |         23 | 2006-02-15 04:45:25 |
|     600 | Ziguinchor                 |         83 | 2006-02-15 04:45:25 |
+---------+----------------------------+------------+---------------------+
600 rows in set (0.0037 sec)

 MySQL  localhost:3306  sakila  SQL > show tables;
+----------------------------+
| Tables_in_sakila           |
+----------------------------+
| actor                      |
| actor_info                 |
| address                    |
| category                   |
| city                       |
| country                    |
| customer                   |
| customer_list              |
| film                       |
| film_actor                 |
| film_category              |
| film_list                  |
| film_text                  |
| inventory                  |
| language                   |
| nicer_but_slower_film_list |
| payment                    |
| rental                     |
| sales_by_film_category     |
| sales_by_store             |
| staff                      |
| staff_list                 |
| store                      |
+----------------------------+
23 rows in set (0.0013 sec)

 MySQL  localhost:3306  sakila  SQL > select first_name from actor;
+-------------+
| first_name  |
+-------------+
| PENELOPE    |
| NICK        |
| ED          |
| JENNIFER    |
| JOHNNY      |
| BETTE       |
| GRACE       |
| MATTHEW     |
| JOE         |
| CHRISTIAN   |
| ZERO        |
| KARL        |
| UMA         |
| VIVIEN      |
| CUBA        |
| FRED        |
| HELEN       |
| DAN         |
| BOB         |
| LUCILLE     |
| KIRSTEN     |
| ELVIS       |
| SANDRA      |
| CAMERON     |
| KEVIN       |
| RIP         |
| JULIA       |
| WOODY       |
| ALEC        |
| SANDRA      |
| SISSY       |
| TIM         |
| MILLA       |
| AUDREY      |
| JUDY        |
| BURT        |
| VAL         |
| TOM         |
| GOLDIE      |
| JOHNNY      |
| JODIE       |
| TOM         |
| KIRK        |
| NICK        |
| REESE       |
| PARKER      |
| JULIA       |
| FRANCES     |
| ANNE        |
| NATALIE     |
| GARY        |
| CARMEN      |
| MENA        |
| PENELOPE    |
| FAY         |
| DAN         |
| JUDE        |
| CHRISTIAN   |
| DUSTIN      |
| HENRY       |
| CHRISTIAN   |
| JAYNE       |
| CAMERON     |
| RAY         |
| ANGELA      |
| MARY        |
| JESSICA     |
| RIP         |
| KENNETH     |
| MICHELLE    |
| ADAM        |
| SEAN        |
| GARY        |
| MILLA       |
| BURT        |
| ANGELINA    |
| CARY        |
| GROUCHO     |
| MAE         |
| RALPH       |
| SCARLETT    |
| WOODY       |
| BEN         |
| JAMES       |
| MINNIE      |
| GREG        |
| SPENCER     |
| KENNETH     |
| CHARLIZE    |
| SEAN        |
| CHRISTOPHER |
| KIRSTEN     |
| ELLEN       |
| KENNETH     |
| DARYL       |
| GENE        |
| MEG         |
| CHRIS       |
| JIM         |
| SPENCER     |
| SUSAN       |
| WALTER      |
| MATTHEW     |
| PENELOPE    |
| SIDNEY      |
| GROUCHO     |
| GINA        |
| WARREN      |
| SYLVESTER   |
| SUSAN       |
| CAMERON     |
| RUSSELL     |
| MORGAN      |
| MORGAN      |
| HARRISON    |
| DAN         |
| RENEE       |
| CUBA        |
| WARREN      |
| PENELOPE    |
| LIZA        |
| SALMA       |
| JULIANNE    |
| SCARLETT    |
| ALBERT      |
| FRANCES     |
| KEVIN       |
| CATE        |
| DARYL       |
| GRETA       |
| JANE        |
| ADAM        |
| RICHARD     |
| GENE        |
| RITA        |
| ED          |
| MORGAN      |
| LUCILLE     |
| EWAN        |
| WHOOPI      |
| CATE        |
| JADA        |
| RIVER       |
| ANGELA      |
| KIM         |
| ALBERT      |
| FAY         |
| EMILY       |
| RUSSELL     |
| JAYNE       |
| GEOFFREY    |
| BEN         |
| MINNIE      |
| MERYL       |
| IAN         |
| FAY         |
| GRETA       |
| VIVIEN      |
| LAURA       |
| CHRIS       |
| HARVEY      |
| OPRAH       |
| CHRISTOPHER |
| HUMPHREY    |
| AL          |
| NICK        |
| LAURENCE    |
| WILL        |
| KENNETH     |
| MENA        |
| OLYMPIA     |
| GROUCHO     |
| ALAN        |
| MICHAEL     |
| WILLIAM     |
| JON         |
| GENE        |
| LISA        |
| ED          |
| JEFF        |
| MATTHEW     |
| DEBBIE      |
| RUSSELL     |
| HUMPHREY    |
| MICHAEL     |
| JULIA       |
| RENEE       |
| ROCK        |
| CUBA        |
| AUDREY      |
| GREGORY     |
| JOHN        |
| BURT        |
| MERYL       |
| JAYNE       |
| BELA        |
| REESE       |
| MARY        |
| JULIA       |
| THORA       |
+-------------+
200 rows in set (0.0041 sec)

 MySQL  localhost:3306  sakila  SQL > select first_name, last_name from actor;
+-------------+--------------+
| first_name  | last_name    |
+-------------+--------------+
| PENELOPE    | GUINESS      |
| NICK        | WAHLBERG     |
| ED          | CHASE        |
| JENNIFER    | DAVIS        |
| JOHNNY      | LOLLOBRIGIDA |
| BETTE       | NICHOLSON    |
| GRACE       | MOSTEL       |
| MATTHEW     | JOHANSSON    |
| JOE         | SWANK        |
| CHRISTIAN   | GABLE        |
| ZERO        | CAGE         |
| KARL        | BERRY        |
| UMA         | WOOD         |
| VIVIEN      | BERGEN       |
| CUBA        | OLIVIER      |
| FRED        | COSTNER      |
| HELEN       | VOIGHT       |
| DAN         | TORN         |
| BOB         | FAWCETT      |
| LUCILLE     | TRACY        |
| KIRSTEN     | PALTROW      |
| ELVIS       | MARX         |
| SANDRA      | KILMER       |
| CAMERON     | STREEP       |
| KEVIN       | BLOOM        |
| RIP         | CRAWFORD     |
| JULIA       | MCQUEEN      |
| WOODY       | HOFFMAN      |
| ALEC        | WAYNE        |
| SANDRA      | PECK         |
| SISSY       | SOBIESKI     |
| TIM         | HACKMAN      |
| MILLA       | PECK         |
| AUDREY      | OLIVIER      |
| JUDY        | DEAN         |
| BURT        | DUKAKIS      |
| VAL         | BOLGER       |
| TOM         | MCKELLEN     |
| GOLDIE      | BRODY        |
| JOHNNY      | CAGE         |
| JODIE       | DEGENERES    |
| TOM         | MIRANDA      |
| KIRK        | JOVOVICH     |
| NICK        | STALLONE     |
| REESE       | KILMER       |
| PARKER      | GOLDBERG     |
| JULIA       | BARRYMORE    |
| FRANCES     | DAY-LEWIS    |
| ANNE        | CRONYN       |
| NATALIE     | HOPKINS      |
| GARY        | PHOENIX      |
| CARMEN      | HUNT         |
| MENA        | TEMPLE       |
| PENELOPE    | PINKETT      |
| FAY         | KILMER       |
| DAN         | HARRIS       |
| JUDE        | CRUISE       |
| CHRISTIAN   | AKROYD       |
| DUSTIN      | TAUTOU       |
| HENRY       | BERRY        |
| CHRISTIAN   | NEESON       |
| JAYNE       | NEESON       |
| CAMERON     | WRAY         |
| RAY         | JOHANSSON    |
| ANGELA      | HUDSON       |
| MARY        | TANDY        |
| JESSICA     | BAILEY       |
| RIP         | WINSLET      |
| KENNETH     | PALTROW      |
| MICHELLE    | MCCONAUGHEY  |
| ADAM        | GRANT        |
| SEAN        | WILLIAMS     |
| GARY        | PENN         |
| MILLA       | KEITEL       |
| BURT        | POSEY        |
| ANGELINA    | ASTAIRE      |
| CARY        | MCCONAUGHEY  |
| GROUCHO     | SINATRA      |
| MAE         | HOFFMAN      |
| RALPH       | CRUZ         |
| SCARLETT    | DAMON        |
| WOODY       | JOLIE        |
| BEN         | WILLIS       |
| JAMES       | PITT         |
| MINNIE      | ZELLWEGER    |
| GREG        | CHAPLIN      |
| SPENCER     | PECK         |
| KENNETH     | PESCI        |
| CHARLIZE    | DENCH        |
| SEAN        | GUINESS      |
| CHRISTOPHER | BERRY        |
| KIRSTEN     | AKROYD       |
| ELLEN       | PRESLEY      |
| KENNETH     | TORN         |
| DARYL       | WAHLBERG     |
| GENE        | WILLIS       |
| MEG         | HAWKE        |
| CHRIS       | BRIDGES      |
| JIM         | MOSTEL       |
| SPENCER     | DEPP         |
| SUSAN       | DAVIS        |
| WALTER      | TORN         |
| MATTHEW     | LEIGH        |
| PENELOPE    | CRONYN       |
| SIDNEY      | CROWE        |
| GROUCHO     | DUNST        |
| GINA        | DEGENERES    |
| WARREN      | NOLTE        |
| SYLVESTER   | DERN         |
| SUSAN       | DAVIS        |
| CAMERON     | ZELLWEGER    |
| RUSSELL     | BACALL       |
| MORGAN      | HOPKINS      |
| MORGAN      | MCDORMAND    |
| HARRISON    | BALE         |
| DAN         | STREEP       |
| RENEE       | TRACY        |
| CUBA        | ALLEN        |
| WARREN      | JACKMAN      |
| PENELOPE    | MONROE       |
| LIZA        | BERGMAN      |
| SALMA       | NOLTE        |
| JULIANNE    | DENCH        |
| SCARLETT    | BENING       |
| ALBERT      | NOLTE        |
| FRANCES     | TOMEI        |
| KEVIN       | GARLAND      |
| CATE        | MCQUEEN      |
| DARYL       | CRAWFORD     |
| GRETA       | KEITEL       |
| JANE        | JACKMAN      |
| ADAM        | HOPPER       |
| RICHARD     | PENN         |
| GENE        | HOPKINS      |
| RITA        | REYNOLDS     |
| ED          | MANSFIELD    |
| MORGAN      | WILLIAMS     |
| LUCILLE     | DEE          |
| EWAN        | GOODING      |
| WHOOPI      | HURT         |
| CATE        | HARRIS       |
| JADA        | RYDER        |
| RIVER       | DEAN         |
| ANGELA      | WITHERSPOON  |
| KIM         | ALLEN        |
| ALBERT      | JOHANSSON    |
| FAY         | WINSLET      |
| EMILY       | DEE          |
| RUSSELL     | TEMPLE       |
| JAYNE       | NOLTE        |
| GEOFFREY    | HESTON       |
| BEN         | HARRIS       |
| MINNIE      | KILMER       |
| MERYL       | GIBSON       |
| IAN         | TANDY        |
| FAY         | WOOD         |
| GRETA       | MALDEN       |
| VIVIEN      | BASINGER     |
| LAURA       | BRODY        |
| CHRIS       | DEPP         |
| HARVEY      | HOPE         |
| OPRAH       | KILMER       |
| CHRISTOPHER | WEST         |
| HUMPHREY    | WILLIS       |
| AL          | GARLAND      |
| NICK        | DEGENERES    |
| LAURENCE    | BULLOCK      |
| WILL        | WILSON       |
| KENNETH     | HOFFMAN      |
| MENA        | HOPPER       |
| OLYMPIA     | PFEIFFER     |
| GROUCHO     | WILLIAMS     |
| ALAN        | DREYFUSS     |
| MICHAEL     | BENING       |
| WILLIAM     | HACKMAN      |
| JON         | CHASE        |
| GENE        | MCKELLEN     |
| LISA        | MONROE       |
| ED          | GUINESS      |
| JEFF        | SILVERSTONE  |
| MATTHEW     | CARREY       |
| DEBBIE      | AKROYD       |
| RUSSELL     | CLOSE        |
| HUMPHREY    | GARLAND      |
| MICHAEL     | BOLGER       |
| JULIA       | ZELLWEGER    |
| RENEE       | BALL         |
| ROCK        | DUKAKIS      |
| CUBA        | BIRCH        |
| AUDREY      | BAILEY       |
| GREGORY     | GOODING      |
| JOHN        | SUVARI       |
| BURT        | TEMPLE       |
| MERYL       | ALLEN        |
| JAYNE       | SILVERSTONE  |
| BELA        | WALKEN       |
| REESE       | WEST         |
| MARY        | KEITEL       |
| JULIA       | FAWCETT      |
| THORA       | TEMPLE       |
+-------------+--------------+
200 rows in set (0.0006 sec)

 MySQL  localhost:3306  sakila  SQL > select count(*) from actor;
+----------+
| count(*) |
+----------+
|      200 |
+----------+
1 row in set (0.0034 sec)

 MySQL  localhost:3306  sakila  SQL > select count(*) from staff;
+----------+
| count(*) |
+----------+
|        2 |
+----------+
1 row in set (0.0014 sec)

 MySQL  localhost:3306  sakila  SQL > select count(*) from customer;
+----------+
| count(*) |
+----------+
|      599 |
+----------+
1 row in set (0.0037 sec)

 MySQL  localhost:3306  sakila  SQL > select first_name, last_name from actor limit 10;
+------------+--------------+
| first_name | last_name    |
+------------+--------------+
| PENELOPE   | GUINESS      |
| NICK       | WAHLBERG     |
| ED         | CHASE        |
| JENNIFER   | DAVIS        |
| JOHNNY     | LOLLOBRIGIDA |
| BETTE      | NICHOLSON    |
| GRACE      | MOSTEL       |
| MATTHEW    | JOHANSSON    |
| JOE        | SWANK        |
| CHRISTIAN  | GABLE        |
+------------+--------------+
10 rows in set (0.0005 sec)

 MySQL  localhost:3306  sakila  SQL > select first_name, last_name from actor order by last_name limit 1;
+------------+-----------+
| first_name | last_name |
+------------+-----------+
| CHRISTIAN  | AKROYD    |
+------------+-----------+
1 row in set (0.0006 sec)

 MySQL  localhost:3306  sakila  SQL > select first_name, last_name from actor order by last_name desc limit 1;
+------------+-----------+
| first_name | last_name |
+------------+-----------+
| JULIA      | ZELLWEGER |
+------------+-----------+
1 row in set (0.0003 sec)

 MySQL  localhost:3306  sakila  SQL > \evaluacion_2;
ERROR: 1064 (42000): You have an error in your SQL syntax; check the manual that corresponds to your MySQL server version for the right syntax to use near '\evaluacion_2' at line 1

 MySQL  localhost:3306  sakila  SQL > \evaluacion_2
                                  ... ;
ERROR: 1064 (42000): You have an error in your SQL syntax; check the manual that corresponds to your MySQL server version for the right syntax to use near '\evaluacion_2' at line 1

 MySQL  localhost:3306  sakila  SQL > \use evaluacion_2
Default schema set to `evaluacion_2`.
Fetching table and column names from `evaluacion_2` for auto-completion... Press ^C to stop.

 MySQL  localhost:3306  evaluacion_2  SQL > select * from a;
+--------+
| nombre |
+--------+
| 1      |
| 2      |
| 3      |
| 4      |
| 5      |
+--------+
5 rows in set (0.0037 sec)

 MySQL  localhost:3306  evaluacion_2  SQL > select * from b;
+--------+
| nombre |
+--------+
| A      |
| B      |
| C      |
| D      |
| E      |
+--------+
5 rows in set (0.0013 sec)

 MySQL  localhost:3306  evaluacion_2  SQL > select * from a
                                        ... union
                                        ... select * from b;
+--------+
| nombre |
+--------+
| 1      |
| 2      |
| 3      |
| 4      |
| 5      |
| A      |
| B      |
| C      |
| D      |
| E      |
+--------+
10 rows in set (0.0008 sec)

 MySQL  localhost:3306  evaluacion_2  SQL > select 'A', nombre from A
                                        ... union
                                        ... select 'B', nombre from B;
+---+--------+
| A | nombre |
+---+--------+
| A | 1      |
| A | 2      |
| A | 3      |
| A | 4      |
| A | 5      |
| B | A      |
| B | B      |
| B | C      |
| B | D      |
| B | E      |
+---+--------+
10 rows in set (0.0007 sec)

 MySQL  localhost:3306  evaluacion_2  SQL > \use sakila;
MySQL Error 1049 (42000): ClassicSession.runSql: Unknown database 'sakila;'

 MySQL  localhost:3306  evaluacion_2  SQL > \use sakila
Default schema set to `sakila`.
Fetching table and column names from `sakila` for auto-completion... Press ^C to stop.

 MySQL  localhost:3306  sakila  SQL > show databses;
ERROR: 1064 (42000): You have an error in your SQL syntax; check the manual that corresponds to your MySQL server version for the right syntax to use near 'databses' at line 1

 MySQL  localhost:3306  sakila  SQL > show databases;
+----------------------+
| Database             |
+----------------------+
| information_schema   |
| banbajio             |
| banbajiodosgruposres |
| datos_coche          |
| datoscoches          |
| dbclientes           |
| employees            |
| evaluacion_1         |
| evaluacion_2         |
| inventario_          |
| inventario_bdd       |
| mysql                |
| northwind            |
| performance_schema   |
| sakila               |
| sys                  |
| tecnologico_ii       |
| world                |
+----------------------+
18 rows in set (0.0011 sec)

 MySQL  localhost:3306  sakila  SQL > show tables;
+----------------------------+
| Tables_in_sakila           |
+----------------------------+
| actor                      |
| actor_info                 |
| address                    |
| category                   |
| city                       |
| country                    |
| customer                   |
| customer_list              |
| film                       |
| film_actor                 |
| film_category              |
| film_list                  |
| film_text                  |
| inventory                  |
| language                   |
| nicer_but_slower_film_list |
| payment                    |
| rental                     |
| sales_by_film_category     |
| sales_by_store             |
| staff                      |
| staff_list                 |
| store                      |
+----------------------------+
23 rows in set (0.0015 sec)

 MySQL  localhost:3306  sakila  SQL > select first_name, last_name from actor
                                  ... union
                                  ... select first_name, last_name from staff;
+-------------+--------------+
| first_name  | last_name    |
+-------------+--------------+
| PENELOPE    | GUINESS      |
| NICK        | WAHLBERG     |
| ED          | CHASE        |
| JENNIFER    | DAVIS        |
| JOHNNY      | LOLLOBRIGIDA |
| BETTE       | NICHOLSON    |
| GRACE       | MOSTEL       |
| MATTHEW     | JOHANSSON    |
| JOE         | SWANK        |
| CHRISTIAN   | GABLE        |
| ZERO        | CAGE         |
| KARL        | BERRY        |
| UMA         | WOOD         |
| VIVIEN      | BERGEN       |
| CUBA        | OLIVIER      |
| FRED        | COSTNER      |
| HELEN       | VOIGHT       |
| DAN         | TORN         |
| BOB         | FAWCETT      |
| LUCILLE     | TRACY        |
| KIRSTEN     | PALTROW      |
| ELVIS       | MARX         |
| SANDRA      | KILMER       |
| CAMERON     | STREEP       |
| KEVIN       | BLOOM        |
| RIP         | CRAWFORD     |
| JULIA       | MCQUEEN      |
| WOODY       | HOFFMAN      |
| ALEC        | WAYNE        |
| SANDRA      | PECK         |
| SISSY       | SOBIESKI     |
| TIM         | HACKMAN      |
| MILLA       | PECK         |
| AUDREY      | OLIVIER      |
| JUDY        | DEAN         |
| BURT        | DUKAKIS      |
| VAL         | BOLGER       |
| TOM         | MCKELLEN     |
| GOLDIE      | BRODY        |
| JOHNNY      | CAGE         |
| JODIE       | DEGENERES    |
| TOM         | MIRANDA      |
| KIRK        | JOVOVICH     |
| NICK        | STALLONE     |
| REESE       | KILMER       |
| PARKER      | GOLDBERG     |
| JULIA       | BARRYMORE    |
| FRANCES     | DAY-LEWIS    |
| ANNE        | CRONYN       |
| NATALIE     | HOPKINS      |
| GARY        | PHOENIX      |
| CARMEN      | HUNT         |
| MENA        | TEMPLE       |
| PENELOPE    | PINKETT      |
| FAY         | KILMER       |
| DAN         | HARRIS       |
| JUDE        | CRUISE       |
| CHRISTIAN   | AKROYD       |
| DUSTIN      | TAUTOU       |
| HENRY       | BERRY        |
| CHRISTIAN   | NEESON       |
| JAYNE       | NEESON       |
| CAMERON     | WRAY         |
| RAY         | JOHANSSON    |
| ANGELA      | HUDSON       |
| MARY        | TANDY        |
| JESSICA     | BAILEY       |
| RIP         | WINSLET      |
| KENNETH     | PALTROW      |
| MICHELLE    | MCCONAUGHEY  |
| ADAM        | GRANT        |
| SEAN        | WILLIAMS     |
| GARY        | PENN         |
| MILLA       | KEITEL       |
| BURT        | POSEY        |
| ANGELINA    | ASTAIRE      |
| CARY        | MCCONAUGHEY  |
| GROUCHO     | SINATRA      |
| MAE         | HOFFMAN      |
| RALPH       | CRUZ         |
| SCARLETT    | DAMON        |
| WOODY       | JOLIE        |
| BEN         | WILLIS       |
| JAMES       | PITT         |
| MINNIE      | ZELLWEGER    |
| GREG        | CHAPLIN      |
| SPENCER     | PECK         |
| KENNETH     | PESCI        |
| CHARLIZE    | DENCH        |
| SEAN        | GUINESS      |
| CHRISTOPHER | BERRY        |
| KIRSTEN     | AKROYD       |
| ELLEN       | PRESLEY      |
| KENNETH     | TORN         |
| DARYL       | WAHLBERG     |
| GENE        | WILLIS       |
| MEG         | HAWKE        |
| CHRIS       | BRIDGES      |
| JIM         | MOSTEL       |
| SPENCER     | DEPP         |
| SUSAN       | DAVIS        |
| WALTER      | TORN         |
| MATTHEW     | LEIGH        |
| PENELOPE    | CRONYN       |
| SIDNEY      | CROWE        |
| GROUCHO     | DUNST        |
| GINA        | DEGENERES    |
| WARREN      | NOLTE        |
| SYLVESTER   | DERN         |
| CAMERON     | ZELLWEGER    |
| RUSSELL     | BACALL       |
| MORGAN      | HOPKINS      |
| MORGAN      | MCDORMAND    |
| HARRISON    | BALE         |
| DAN         | STREEP       |
| RENEE       | TRACY        |
| CUBA        | ALLEN        |
| WARREN      | JACKMAN      |
| PENELOPE    | MONROE       |
| LIZA        | BERGMAN      |
| SALMA       | NOLTE        |
| JULIANNE    | DENCH        |
| SCARLETT    | BENING       |
| ALBERT      | NOLTE        |
| FRANCES     | TOMEI        |
| KEVIN       | GARLAND      |
| CATE        | MCQUEEN      |
| DARYL       | CRAWFORD     |
| GRETA       | KEITEL       |
| JANE        | JACKMAN      |
| ADAM        | HOPPER       |
| RICHARD     | PENN         |
| GENE        | HOPKINS      |
| RITA        | REYNOLDS     |
| ED          | MANSFIELD    |
| MORGAN      | WILLIAMS     |
| LUCILLE     | DEE          |
| EWAN        | GOODING      |
| WHOOPI      | HURT         |
| CATE        | HARRIS       |
| JADA        | RYDER        |
| RIVER       | DEAN         |
| ANGELA      | WITHERSPOON  |
| KIM         | ALLEN        |
| ALBERT      | JOHANSSON    |
| FAY         | WINSLET      |
| EMILY       | DEE          |
| RUSSELL     | TEMPLE       |
| JAYNE       | NOLTE        |
| GEOFFREY    | HESTON       |
| BEN         | HARRIS       |
| MINNIE      | KILMER       |
| MERYL       | GIBSON       |
| IAN         | TANDY        |
| FAY         | WOOD         |
| GRETA       | MALDEN       |
| VIVIEN      | BASINGER     |
| LAURA       | BRODY        |
| CHRIS       | DEPP         |
| HARVEY      | HOPE         |
| OPRAH       | KILMER       |
| CHRISTOPHER | WEST         |
| HUMPHREY    | WILLIS       |
| AL          | GARLAND      |
| NICK        | DEGENERES    |
| LAURENCE    | BULLOCK      |
| WILL        | WILSON       |
| KENNETH     | HOFFMAN      |
| MENA        | HOPPER       |
| OLYMPIA     | PFEIFFER     |
| GROUCHO     | WILLIAMS     |
| ALAN        | DREYFUSS     |
| MICHAEL     | BENING       |
| WILLIAM     | HACKMAN      |
| JON         | CHASE        |
| GENE        | MCKELLEN     |
| LISA        | MONROE       |
| ED          | GUINESS      |
| JEFF        | SILVERSTONE  |
| MATTHEW     | CARREY       |
| DEBBIE      | AKROYD       |
| RUSSELL     | CLOSE        |
| HUMPHREY    | GARLAND      |
| MICHAEL     | BOLGER       |
| JULIA       | ZELLWEGER    |
| RENEE       | BALL         |
| ROCK        | DUKAKIS      |
| CUBA        | BIRCH        |
| AUDREY      | BAILEY       |
| GREGORY     | GOODING      |
| JOHN        | SUVARI       |
| BURT        | TEMPLE       |
| MERYL       | ALLEN        |
| JAYNE       | SILVERSTONE  |
| BELA        | WALKEN       |
| REESE       | WEST         |
| MARY        | KEITEL       |
| JULIA       | FAWCETT      |
| THORA       | TEMPLE       |
| Mike        | Hillyer      |
| Jon         | Stephens     |
+-------------+--------------+
201 rows in set (0.0038 sec)

 MySQL  localhost:3306  sakila  SQL > select 'Actor', first_name, last_name from actor union select 'Staff', first_name, last_name;
ERROR: 1054 (42S22): Unknown column 'first_name' in 'field list'

 MySQL  localhost:3306  sakila  SQL > select 'Actor', first_name, last_name from actor union select 'Staff', first_name, last_name from staff;
+-------+-------------+--------------+
| Actor | first_name  | last_name    |
+-------+-------------+--------------+
| Actor | PENELOPE    | GUINESS      |
| Actor | NICK        | WAHLBERG     |
| Actor | ED          | CHASE        |
| Actor | JENNIFER    | DAVIS        |
| Actor | JOHNNY      | LOLLOBRIGIDA |
| Actor | BETTE       | NICHOLSON    |
| Actor | GRACE       | MOSTEL       |
| Actor | MATTHEW     | JOHANSSON    |
| Actor | JOE         | SWANK        |
| Actor | CHRISTIAN   | GABLE        |
| Actor | ZERO        | CAGE         |
| Actor | KARL        | BERRY        |
| Actor | UMA         | WOOD         |
| Actor | VIVIEN      | BERGEN       |
| Actor | CUBA        | OLIVIER      |
| Actor | FRED        | COSTNER      |
| Actor | HELEN       | VOIGHT       |
| Actor | DAN         | TORN         |
| Actor | BOB         | FAWCETT      |
| Actor | LUCILLE     | TRACY        |
| Actor | KIRSTEN     | PALTROW      |
| Actor | ELVIS       | MARX         |
| Actor | SANDRA      | KILMER       |
| Actor | CAMERON     | STREEP       |
| Actor | KEVIN       | BLOOM        |
| Actor | RIP         | CRAWFORD     |
| Actor | JULIA       | MCQUEEN      |
| Actor | WOODY       | HOFFMAN      |
| Actor | ALEC        | WAYNE        |
| Actor | SANDRA      | PECK         |
| Actor | SISSY       | SOBIESKI     |
| Actor | TIM         | HACKMAN      |
| Actor | MILLA       | PECK         |
| Actor | AUDREY      | OLIVIER      |
| Actor | JUDY        | DEAN         |
| Actor | BURT        | DUKAKIS      |
| Actor | VAL         | BOLGER       |
| Actor | TOM         | MCKELLEN     |
| Actor | GOLDIE      | BRODY        |
| Actor | JOHNNY      | CAGE         |
| Actor | JODIE       | DEGENERES    |
| Actor | TOM         | MIRANDA      |
| Actor | KIRK        | JOVOVICH     |
| Actor | NICK        | STALLONE     |
| Actor | REESE       | KILMER       |
| Actor | PARKER      | GOLDBERG     |
| Actor | JULIA       | BARRYMORE    |
| Actor | FRANCES     | DAY-LEWIS    |
| Actor | ANNE        | CRONYN       |
| Actor | NATALIE     | HOPKINS      |
| Actor | GARY        | PHOENIX      |
| Actor | CARMEN      | HUNT         |
| Actor | MENA        | TEMPLE       |
| Actor | PENELOPE    | PINKETT      |
| Actor | FAY         | KILMER       |
| Actor | DAN         | HARRIS       |
| Actor | JUDE        | CRUISE       |
| Actor | CHRISTIAN   | AKROYD       |
| Actor | DUSTIN      | TAUTOU       |
| Actor | HENRY       | BERRY        |
| Actor | CHRISTIAN   | NEESON       |
| Actor | JAYNE       | NEESON       |
| Actor | CAMERON     | WRAY         |
| Actor | RAY         | JOHANSSON    |
| Actor | ANGELA      | HUDSON       |
| Actor | MARY        | TANDY        |
| Actor | JESSICA     | BAILEY       |
| Actor | RIP         | WINSLET      |
| Actor | KENNETH     | PALTROW      |
| Actor | MICHELLE    | MCCONAUGHEY  |
| Actor | ADAM        | GRANT        |
| Actor | SEAN        | WILLIAMS     |
| Actor | GARY        | PENN         |
| Actor | MILLA       | KEITEL       |
| Actor | BURT        | POSEY        |
| Actor | ANGELINA    | ASTAIRE      |
| Actor | CARY        | MCCONAUGHEY  |
| Actor | GROUCHO     | SINATRA      |
| Actor | MAE         | HOFFMAN      |
| Actor | RALPH       | CRUZ         |
| Actor | SCARLETT    | DAMON        |
| Actor | WOODY       | JOLIE        |
| Actor | BEN         | WILLIS       |
| Actor | JAMES       | PITT         |
| Actor | MINNIE      | ZELLWEGER    |
| Actor | GREG        | CHAPLIN      |
| Actor | SPENCER     | PECK         |
| Actor | KENNETH     | PESCI        |
| Actor | CHARLIZE    | DENCH        |
| Actor | SEAN        | GUINESS      |
| Actor | CHRISTOPHER | BERRY        |
| Actor | KIRSTEN     | AKROYD       |
| Actor | ELLEN       | PRESLEY      |
| Actor | KENNETH     | TORN         |
| Actor | DARYL       | WAHLBERG     |
| Actor | GENE        | WILLIS       |
| Actor | MEG         | HAWKE        |
| Actor | CHRIS       | BRIDGES      |
| Actor | JIM         | MOSTEL       |
| Actor | SPENCER     | DEPP         |
| Actor | SUSAN       | DAVIS        |
| Actor | WALTER      | TORN         |
| Actor | MATTHEW     | LEIGH        |
| Actor | PENELOPE    | CRONYN       |
| Actor | SIDNEY      | CROWE        |
| Actor | GROUCHO     | DUNST        |
| Actor | GINA        | DEGENERES    |
| Actor | WARREN      | NOLTE        |
| Actor | SYLVESTER   | DERN         |
| Actor | CAMERON     | ZELLWEGER    |
| Actor | RUSSELL     | BACALL       |
| Actor | MORGAN      | HOPKINS      |
| Actor | MORGAN      | MCDORMAND    |
| Actor | HARRISON    | BALE         |
| Actor | DAN         | STREEP       |
| Actor | RENEE       | TRACY        |
| Actor | CUBA        | ALLEN        |
| Actor | WARREN      | JACKMAN      |
| Actor | PENELOPE    | MONROE       |
| Actor | LIZA        | BERGMAN      |
| Actor | SALMA       | NOLTE        |
| Actor | JULIANNE    | DENCH        |
| Actor | SCARLETT    | BENING       |
| Actor | ALBERT      | NOLTE        |
| Actor | FRANCES     | TOMEI        |
| Actor | KEVIN       | GARLAND      |
| Actor | CATE        | MCQUEEN      |
| Actor | DARYL       | CRAWFORD     |
| Actor | GRETA       | KEITEL       |
| Actor | JANE        | JACKMAN      |
| Actor | ADAM        | HOPPER       |
| Actor | RICHARD     | PENN         |
| Actor | GENE        | HOPKINS      |
| Actor | RITA        | REYNOLDS     |
| Actor | ED          | MANSFIELD    |
| Actor | MORGAN      | WILLIAMS     |
| Actor | LUCILLE     | DEE          |
| Actor | EWAN        | GOODING      |
| Actor | WHOOPI      | HURT         |
| Actor | CATE        | HARRIS       |
| Actor | JADA        | RYDER        |
| Actor | RIVER       | DEAN         |
| Actor | ANGELA      | WITHERSPOON  |
| Actor | KIM         | ALLEN        |
| Actor | ALBERT      | JOHANSSON    |
| Actor | FAY         | WINSLET      |
| Actor | EMILY       | DEE          |
| Actor | RUSSELL     | TEMPLE       |
| Actor | JAYNE       | NOLTE        |
| Actor | GEOFFREY    | HESTON       |
| Actor | BEN         | HARRIS       |
| Actor | MINNIE      | KILMER       |
| Actor | MERYL       | GIBSON       |
| Actor | IAN         | TANDY        |
| Actor | FAY         | WOOD         |
| Actor | GRETA       | MALDEN       |
| Actor | VIVIEN      | BASINGER     |
| Actor | LAURA       | BRODY        |
| Actor | CHRIS       | DEPP         |
| Actor | HARVEY      | HOPE         |
| Actor | OPRAH       | KILMER       |
| Actor | CHRISTOPHER | WEST         |
| Actor | HUMPHREY    | WILLIS       |
| Actor | AL          | GARLAND      |
| Actor | NICK        | DEGENERES    |
| Actor | LAURENCE    | BULLOCK      |
| Actor | WILL        | WILSON       |
| Actor | KENNETH     | HOFFMAN      |
| Actor | MENA        | HOPPER       |
| Actor | OLYMPIA     | PFEIFFER     |
| Actor | GROUCHO     | WILLIAMS     |
| Actor | ALAN        | DREYFUSS     |
| Actor | MICHAEL     | BENING       |
| Actor | WILLIAM     | HACKMAN      |
| Actor | JON         | CHASE        |
| Actor | GENE        | MCKELLEN     |
| Actor | LISA        | MONROE       |
| Actor | ED          | GUINESS      |
| Actor | JEFF        | SILVERSTONE  |
| Actor | MATTHEW     | CARREY       |
| Actor | DEBBIE      | AKROYD       |
| Actor | RUSSELL     | CLOSE        |
| Actor | HUMPHREY    | GARLAND      |
| Actor | MICHAEL     | BOLGER       |
| Actor | JULIA       | ZELLWEGER    |
| Actor | RENEE       | BALL         |
| Actor | ROCK        | DUKAKIS      |
| Actor | CUBA        | BIRCH        |
| Actor | AUDREY      | BAILEY       |
| Actor | GREGORY     | GOODING      |
| Actor | JOHN        | SUVARI       |
| Actor | BURT        | TEMPLE       |
| Actor | MERYL       | ALLEN        |
| Actor | JAYNE       | SILVERSTONE  |
| Actor | BELA        | WALKEN       |
| Actor | REESE       | WEST         |
| Actor | MARY        | KEITEL       |
| Actor | JULIA       | FAWCETT      |
| Actor | THORA       | TEMPLE       |
| Staff | Mike        | Hillyer      |
| Staff | Jon         | Stephens     |
+-------+-------------+--------------+
201 rows in set (0.0008 sec)

 MySQL  localhost:3306  sakila  SQL > show tables;
+----------------------------+
| Tables_in_sakila           |
+----------------------------+
| actor                      |
| actor_info                 |
| address                    |
| category                   |
| city                       |
| country                    |
| customer                   |
| customer_list              |
| film                       |
| film_actor                 |
| film_category              |
| film_list                  |
| film_text                  |
| inventory                  |
| language                   |
| nicer_but_slower_film_list |
| payment                    |
| rental                     |
| sales_by_film_category     |
| sales_by_store             |
| staff                      |
| staff_list                 |
| store                      |
+----------------------------+
23 rows in set (0.0012 sec)

 MySQL  localhost:3306  sakila  SQL > desc city;
+-------------+----------------------+------+-----+-------------------+-----------------------------+
| Field       | Type                 | Null | Key | Default           | Extra                       |
+-------------+----------------------+------+-----+-------------------+-----------------------------+
| city_id     | smallint(5) unsigned | NO   | PRI | NULL              | auto_increment              |
| city        | varchar(50)          | NO   |     | NULL              |                             |
| country_id  | smallint(5) unsigned | NO   | MUL | NULL              |                             |
| last_update | timestamp            | NO   |     | CURRENT_TIMESTAMP | on update CURRENT_TIMESTAMP |
+-------------+----------------------+------+-----+-------------------+-----------------------------+
4 rows in set (0.0007 sec)

 MySQL  localhost:3306  sakila  SQL > desc country;
+-------------+----------------------+------+-----+-------------------+-----------------------------+
| Field       | Type                 | Null | Key | Default           | Extra                       |
+-------------+----------------------+------+-----+-------------------+-----------------------------+
| country_id  | smallint(5) unsigned | NO   | PRI | NULL              | auto_increment              |
| country     | varchar(50)          | NO   |     | NULL              |                             |
| last_update | timestamp            | NO   |     | CURRENT_TIMESTAMP | on update CURRENT_TIMESTAMP |
+-------------+----------------------+------+-----+-------------------+-----------------------------+
3 rows in set (0.0006 sec)

 MySQL  localhost:3306  sakila  SQL > select city from city limit 10
                                  ... union
                                  ... select country from country limit 10;
ERROR: 1221 (HY000): Incorrect usage of UNION and LIMIT

 MySQL  localhost:3306  sakila  SQL > select city from city union select country from country;
+---------------------------------------+
| city                                  |
+---------------------------------------+
| A Corua (La Corua)                    |
| Abha                                  |
| Abu Dhabi                             |
| Acua                                  |
| Adana                                 |
| Addis Abeba                           |
| Aden                                  |
| Adoni                                 |
| Ahmadnagar                            |
| Akishima                              |
| Akron                                 |
| al-Ayn                                |
| al-Hawiya                             |
| al-Manama                             |
| al-Qadarif                            |
| al-Qatif                              |
| Alessandria                           |
| Allappuzha (Alleppey)                 |
| Allende                               |
| Almirante Brown                       |
| Alvorada                              |
| Ambattur                              |
| Amersfoort                            |
| Amroha                                |
| Angra dos Reis                        |
| Anpolis                               |
| Antofagasta                           |
| Aparecida de Goinia                   |
| Apeldoorn                             |
| Araatuba                              |
| Arak                                  |
| Arecibo                               |
| Arlington                             |
| Ashdod                                |
| Ashgabat                              |
| Ashqelon                              |
| Asuncin                               |
| Athenai                               |
| Atinsk                                |
| Atlixco                               |
| Augusta-Richmond County               |
| Aurora                                |
| Avellaneda                            |
| Bag                                   |
| Baha Blanca                           |
| Baicheng                              |
| Baiyin                                |
| Baku                                  |
| Balaiha                               |
| Balikesir                             |
| Balurghat                             |
| Bamenda                               |
| Bandar Seri Begawan                   |
| Banjul                                |
| Barcelona                             |
| Basel                                 |
| Bat Yam                               |
| Batman                                |
| Batna                                 |
| Battambang                            |
| Baybay                                |
| Bayugan                               |
| Bchar                                 |
| Beira                                 |
| Bellevue                              |
| Belm                                  |
| Benguela                              |
| Beni-Mellal                           |
| Benin City                            |
| Bergamo                               |
| Berhampore (Baharampur)               |
| Bern                                  |
| Bhavnagar                             |
| Bhilwara                              |
| Bhimavaram                            |
| Bhopal                                |
| Bhusawal                              |
| Bijapur                               |
| Bilbays                               |
| Binzhou                               |
| Birgunj                               |
| Bislig                                |
| Blumenau                              |
| Boa Vista                             |
| Boksburg                              |
| Botosani                              |
| Botshabelo                            |
| Bradford                              |
| Braslia                               |
| Bratislava                            |
| Brescia                               |
| Brest                                 |
| Brindisi                              |
| Brockton                              |
| Bucuresti                             |
| Buenaventura                          |
| Bydgoszcz                             |
| Cabuyao                               |
| Callao                                |
| Cam Ranh                              |
| Cape Coral                            |
| Caracas                               |
| Carmen                                |
| Cavite                                |
| Cayenne                               |
| Celaya                                |
| Chandrapur                            |
| Changhwa                              |
| Changzhou                             |
| Chapra                                |
| Charlotte Amalie                      |
| Chatsworth                            |
| Cheju                                 |
| Chiayi                                |
| Chisinau                              |
| Chungho                               |
| Cianjur                               |
| Ciomas                                |
| Ciparay                               |
| Citrus Heights                        |
| Citt del Vaticano                     |
| Ciudad del Este                       |
| Clarksville                           |
| Coacalco de Berriozbal                |
| Coatzacoalcos                         |
| Compton                               |
| Coquimbo                              |
| Crdoba                                |
| Cuauhtmoc                             |
| Cuautla                               |
| Cuernavaca                            |
| Cuman                                 |
| Czestochowa                           |
| Dadu                                  |
| Dallas                                |
| Datong                                |
| Daugavpils                            |
| Davao                                 |
| Daxian                                |
| Dayton                                |
| Deba Habe                             |
| Denizli                               |
| Dhaka                                 |
| Dhule (Dhulia)                        |
| Dongying                              |
| Donostia-San Sebastin                 |
| Dos Quebradas                         |
| Duisburg                              |
| Dundee                                |
| Dzerzinsk                             |
| Ede                                   |
| Effon-Alaiye                          |
| El Alto                               |
| El Fuerte                             |
| El Monte                              |
| Elista                                |
| Emeishan                              |
| Emmen                                 |
| Enshi                                 |
| Erlangen                              |
| Escobar                               |
| Esfahan                               |
| Eskisehir                             |
| Etawah                                |
| Ezeiza                                |
| Ezhou                                 |
| Faaa                                  |
| Fengshan                              |
| Firozabad                             |
| Florencia                             |
| Fontana                               |
| Fukuyama                              |
| Funafuti                              |
| Fuyu                                  |
| Fuzhou                                |
| Gandhinagar                           |
| Garden Grove                          |
| Garland                               |
| Gatineau                              |
| Gaziantep                             |
| Gijn                                  |
| Gingoog                               |
| Goinia                                |
| Gorontalo                             |
| Grand Prairie                         |
| Graz                                  |
| Greensboro                            |
| Guadalajara                           |
| Guaruj                                |
| guas Lindas de Gois                   |
| Gulbarga                              |
| Hagonoy                               |
| Haining                               |
| Haiphong                              |
| Haldia                                |
| Halifax                               |
| Halisahar                             |
| Halle/Saale                           |
| Hami                                  |
| Hamilton                              |
| Hanoi                                 |
| Hidalgo                               |
| Higashiosaka                          |
| Hino                                  |
| Hiroshima                             |
| Hodeida                               |
| Hohhot                                |
| Hoshiarpur                            |
| Hsichuh                               |
| Huaian                                |
| Hubli-Dharwad                         |
| Huejutla de Reyes                     |
| Huixquilucan                          |
| Hunuco                                |
| Ibirit                                |
| Idfu                                  |
| Ife                                   |
| Ikerre                                |
| Iligan                                |
| Ilorin                                |
| Imus                                  |
| Inegl                                 |
| Ipoh                                  |
| Isesaki                               |
| Ivanovo                               |
| Iwaki                                 |
| Iwakuni                               |
| Iwatsuki                              |
| Izumisano                             |
| Jaffna                                |
| Jaipur                                |
| Jakarta                               |
| Jalib al-Shuyukh                      |
| Jamalpur                              |
| Jaroslavl                             |
| Jastrzebie-Zdrj                       |
| Jedda                                 |
| Jelets                                |
| Jhansi                                |
| Jinchang                              |
| Jining                                |
| Jinzhou                               |
| Jodhpur                               |
| Johannesburg                          |
| Joliet                                |
| Jos Azueta                            |
| Juazeiro do Norte                     |
| Juiz de Fora                          |
| Junan                                 |
| Jurez                                 |
| Kabul                                 |
| Kaduna                                |
| Kakamigahara                          |
| Kaliningrad                           |
| Kalisz                                |
| Kamakura                              |
| Kamarhati                             |
| Kamjanets-Podilskyi                   |
| Kamyin                                |
| Kanazawa                              |
| Kanchrapara                           |
| Kansas City                           |
| Karnal                                |
| Katihar                               |
| Kermanshah                            |
| Kilis                                 |
| Kimberley                             |
| Kimchon                               |
| Kingstown                             |
| Kirovo-Tepetsk                        |
| Kisumu                                |
| Kitwe                                 |
| Klerksdorp                            |
| Kolpino                               |
| Konotop                               |
| Koriyama                              |
| Korla                                 |
| Korolev                               |
| Kowloon and New Kowloon               |
| Kragujevac                            |
| Ktahya                                |
| Kuching                               |
| Kumbakonam                            |
| Kurashiki                             |
| Kurgan                                |
| Kursk                                 |
| Kuwana                                |
| La Paz                                |
| La Plata                              |
| La Romana                             |
| Laiwu                                 |
| Lancaster                             |
| Laohekou                              |
| Lapu-Lapu                             |
| Laredo                                |
| Lausanne                              |
| Le Mans                               |
| Lengshuijiang                         |
| Leshan                                |
| Lethbridge                            |
| Lhokseumawe                           |
| Liaocheng                             |
| Liepaja                               |
| Lilongwe                              |
| Lima                                  |
| Lincoln                               |
| Linz                                  |
| Lipetsk                               |
| Livorno                               |
| Ljubertsy                             |
| Loja                                  |
| London                                |
| Lublin                                |
| Lubumbashi                            |
| Lungtan                               |
| Luzinia                               |
| Madiun                                |
| Mahajanga                             |
| Maikop                                |
| Malm                                  |
| Manchester                            |
| Mandaluyong                           |
| Mandi Bahauddin                       |
| Mannheim                              |
| Maracabo                              |
| Mardan                                |
| Maring                                |
| Masqat                                |
| Matamoros                             |
| Matsue                                |
| Meixian                               |
| Memphis                               |
| Merlo                                 |
| Mexicali                              |
| Miraj                                 |
| Mit Ghamr                             |
| Miyakonojo                            |
| Mogiljov                              |
| Molodetno                             |
| Monclova                              |
| Monywa                                |
| Moscow                                |
| Mosul                                 |
| Mukateve                              |
| Munger (Monghyr)                      |
| Mwanza                                |
| Mwene-Ditu                            |
| Myingyan                              |
| Mysore                                |
| Naala-Porto                           |
| Nabereznyje Telny                     |
| Nador                                 |
| Nagaon                                |
| Nagareyama                            |
| Najafabad                             |
| Naju                                  |
| Nakhon Sawan                          |
| Nam Dinh                              |
| Namibe                                |
| Nantou                                |
| Nanyang                               |
| NDjamna                               |
| Newcastle                             |
| Nezahualcyotl                         |
| Nha Trang                             |
| Niznekamsk                            |
| Novi Sad                              |
| Novoterkassk                          |
| Nukualofa                             |
| Nuuk                                  |
| Nyeri                                 |
| Ocumare del Tuy                       |
| Ogbomosho                             |
| Okara                                 |
| Okayama                               |
| Okinawa                               |
| Olomouc                               |
| Omdurman                              |
| Omiya                                 |
| Ondo                                  |
| Onomichi                              |
| Oshawa                                |
| Osmaniye                              |
| ostka                                 |
| Otsu                                  |
| Oulu                                  |
| Ourense (Orense)                      |
| Owo                                   |
| Oyo                                   |
| Ozamis                                |
| Paarl                                 |
| Pachuca de Soto                       |
| Pak Kret                              |
| Palghat (Palakkad)                    |
| Pangkal Pinang                        |
| Papeete                               |
| Parbhani                              |
| Pathankot                             |
| Patiala                               |
| Patras                                |
| Pavlodar                              |
| Pemalang                              |
| Peoria                                |
| Pereira                               |
| Phnom Penh                            |
| Pingxiang                             |
| Pjatigorsk                            |
| Plock                                 |
| Po                                    |
| Ponce                                 |
| Pontianak                             |
| Poos de Caldas                        |
| Portoviejo                            |
| Probolinggo                           |
| Pudukkottai                           |
| Pune                                  |
| Purnea (Purnia)                       |
| Purwakarta                            |
| Pyongyang                             |
| Qalyub                                |
| Qinhuangdao                           |
| Qomsheh                               |
| Quilmes                               |
| Rae Bareli                            |
| Rajkot                                |
| Rampur                                |
| Rancagua                              |
| Ranchi                                |
| Richmond Hill                         |
| Rio Claro                             |
| Rizhao                                |
| Roanoke                               |
| Robamba                               |
| Rockford                              |
| Ruse                                  |
| Rustenburg                            |
| s-Hertogenbosch                       |
| Saarbrcken                            |
| Sagamihara                            |
| Saint Louis                           |
| Saint-Denis                           |
| Sal                                   |
| Salala                                |
| Salamanca                             |
| Salinas                               |
| Salzburg                              |
| Sambhal                               |
| San Bernardino                        |
| San Felipe de Puerto Plata            |
| San Felipe del Progreso               |
| San Juan Bautista Tuxtepec            |
| San Lorenzo                           |
| San Miguel de Tucumn                  |
| Sanaa                                 |
| Santa Brbara dOeste                   |
| Santa F                               |
| Santa Rosa                            |
| Santiago de Compostela                |
| Santiago de los Caballeros            |
| Santo Andr                            |
| Sanya                                 |
| Sasebo                                |
| Satna                                 |
| Sawhaj                                |
| Serpuhov                              |
| Shahr-e Kord                          |
| Shanwei                               |
| Shaoguan                              |
| Sharja                                |
| Shenzhen                              |
| Shikarpur                             |
| Shimoga                               |
| Shimonoseki                           |
| Shivapuri                             |
| Shubra al-Khayma                      |
| Siegen                                |
| Siliguri (Shiliguri)                  |
| Simferopol                            |
| Sincelejo                             |
| Sirjan                                |
| Sivas                                 |
| Skikda                                |
| Smolensk                              |
| So Bernardo do Campo                  |
| So Leopoldo                           |
| Sogamoso                              |
| Sokoto                                |
| Songkhla                              |
| Sorocaba                              |
| Soshanguve                            |
| Sousse                                |
| South Hill                            |
| Southampton                           |
| Southend-on-Sea                       |
| Southport                             |
| Springs                               |
| Stara Zagora                          |
| Sterling Heights                      |
| Stockport                             |
| Sucre                                 |
| Suihua                                |
| Sullana                               |
| Sultanbeyli                           |
| Sumqayit                              |
| Sumy                                  |
| Sungai Petani                         |
| Sunnyvale                             |
| Surakarta                             |
| Syktyvkar                             |
| Syrakusa                              |
| Szkesfehrvr                           |
| Tabora                                |
| Tabriz                                |
| Tabuk                                 |
| Tafuna                                |
| Taguig                                |
| Taizz                                 |
| Talavera                              |
| Tallahassee                           |
| Tama                                  |
| Tambaram                              |
| Tanauan                               |
| Tandil                                |
| Tangail                               |
| Tanshui                               |
| Tanza                                 |
| Tarlac                                |
| Tarsus                                |
| Tartu                                 |
| Teboksary                             |
| Tegal                                 |
| Tel Aviv-Jaffa                        |
| Tete                                  |
| Tianjin                               |
| Tiefa                                 |
| Tieli                                 |
| Tokat                                 |
| Tonghae                               |
| Tongliao                              |
| Torren                                |
| Touliu                                |
| Toulon                                |
| Toulouse                              |
| Trshavn                               |
| Tsaotun                               |
| Tsuyama                               |
| Tuguegarao                            |
| Tychy                                 |
| Udaipur                               |
| Udine                                 |
| Ueda                                  |
| Uijongbu                              |
| Uluberia                              |
| Urawa                                 |
| Uruapan                               |
| Usak                                  |
| Usolje-Sibirskoje                     |
| Uttarpara-Kotrung                     |
| Vaduz                                 |
| Valencia                              |
| Valle de la Pascua                    |
| Valle de Santiago                     |
| Valparai                              |
| Vancouver                             |
| Varanasi (Benares)                    |
| Vicente Lpez                          |
| Vijayawada                            |
| Vila Velha                            |
| Vilnius                               |
| Vinh                                  |
| Vitria de Santo Anto                  |
| Warren                                |
| Weifang                               |
| Witten                                |
| Woodridge                             |
| Wroclaw                               |
| Xiangfan                              |
| Xiangtan                              |
| Xintai                                |
| Xinxiang                              |
| Yamuna Nagar                          |
| Yangor                                |
| Yantai                                |
| Yaound                                |
| Yerevan                               |
| Yinchuan                              |
| Yingkou                               |
| York                                  |
| Yuncheng                              |
| Yuzhou                                |
| Zalantun                              |
| Zanzibar                              |
| Zaoyang                               |
| Zapopan                               |
| Zaria                                 |
| Zeleznogorsk                          |
| Zhezqazghan                           |
| Zhoushan                              |
| Ziguinchor                            |
| Afghanistan                           |
| Algeria                               |
| American Samoa                        |
| Angola                                |
| Anguilla                              |
| Argentina                             |
| Armenia                               |
| Australia                             |
| Austria                               |
| Azerbaijan                            |
| Bahrain                               |
| Bangladesh                            |
| Belarus                               |
| Bolivia                               |
| Brazil                                |
| Brunei                                |
| Bulgaria                              |
| Cambodia                              |
| Cameroon                              |
| Canada                                |
| Chad                                  |
| Chile                                 |
| China                                 |
| Colombia                              |
| Congo, The Democratic Republic of the |
| Czech Republic                        |
| Dominican Republic                    |
| Ecuador                               |
| Egypt                                 |
| Estonia                               |
| Ethiopia                              |
| Faroe Islands                         |
| Finland                               |
| France                                |
| French Guiana                         |
| French Polynesia                      |
| Gambia                                |
| Germany                               |
| Greece                                |
| Greenland                             |
| Holy See (Vatican City State)         |
| Hong Kong                             |
| Hungary                               |
| India                                 |
| Indonesia                             |
| Iran                                  |
| Iraq                                  |
| Israel                                |
| Italy                                 |
| Japan                                 |
| Kazakstan                             |
| Kenya                                 |
| Kuwait                                |
| Latvia                                |
| Liechtenstein                         |
| Lithuania                             |
| Madagascar                            |
| Malawi                                |
| Malaysia                              |
| Mexico                                |
| Moldova                               |
| Morocco                               |
| Mozambique                            |
| Myanmar                               |
| Nauru                                 |
| Nepal                                 |
| Netherlands                           |
| New Zealand                           |
| Nigeria                               |
| North Korea                           |
| Oman                                  |
| Pakistan                              |
| Paraguay                              |
| Peru                                  |
| Philippines                           |
| Poland                                |
| Puerto Rico                           |
| Romania                               |
| Runion                                |
| Russian Federation                    |
| Saint Vincent and the Grenadines      |
| Saudi Arabia                          |
| Senegal                               |
| Slovakia                              |
| South Africa                          |
| South Korea                           |
| Spain                                 |
| Sri Lanka                             |
| Sudan                                 |
| Sweden                                |
| Switzerland                           |
| Taiwan                                |
| Tanzania                              |
| Thailand                              |
| Tonga                                 |
| Tunisia                               |
| Turkey                                |
| Turkmenistan                          |
| Tuvalu                                |
| Ukraine                               |
| United Arab Emirates                  |
| United Kingdom                        |
| United States                         |
| Venezuela                             |
| Vietnam                               |
| Virgin Islands, U.S.                  |
| Yemen                                 |
| Yugoslavia                            |
| Zambia                                |
+---------------------------------------+
708 rows in set (0.0069 sec)

 MySQL  localhost:3306  sakila  SQL > select city from city union select country from country limit 10;
+--------------------+
| city               |
+--------------------+
| A Corua (La Corua) |
| Abha               |
| Abu Dhabi          |
| Acua               |
| Adana              |
| Addis Abeba        |
| Aden               |
| Adoni              |
| Ahmadnagar         |
| Akishima           |
+--------------------+
10 rows in set (0.0013 sec)

 MySQL  localhost:3306  sakila  SQL > (select city from city limit 10) union (select country from country limit 10);
+--------------------+
| city               |
+--------------------+
| A Corua (La Corua) |
| Abha               |
| Abu Dhabi          |
| Acua               |
| Adana              |
| Addis Abeba        |
| Aden               |
| Adoni              |
| Ahmadnagar         |
| Akishima           |
| Afghanistan        |
| Algeria            |
| American Samoa     |
| Angola             |
| Anguilla           |
| Argentina          |
| Armenia            |
| Australia          |
| Austria            |
| Azerbaijan         |
+--------------------+
20 rows in set (0.0012 sec)

 MySQL  localhost:3306  sakila  SQL > (select city from city limit 10)
                                  ... union
                                  ... (select city from city limit 10);
+--------------------+
| city               |
+--------------------+
| A Corua (La Corua) |
| Abha               |
| Abu Dhabi          |
| Acua               |
| Adana              |
| Addis Abeba        |
| Aden               |
| Adoni              |
| Ahmadnagar         |
| Akishima           |
+--------------------+
10 rows in set (0.0016 sec)

 MySQL  localhost:3306  sakila  SQL > (select city from city limit 10) union (select city from city limit 10) order by city;
+--------------------+
| city               |
+--------------------+
| A Corua (La Corua) |
| Abha               |
| Abu Dhabi          |
| Acua               |
| Adana              |
| Addis Abeba        |
| Aden               |
| Adoni              |
| Ahmadnagar         |
| Akishima           |
+--------------------+
10 rows in set (0.0005 sec)

 MySQL  localhost:3306  sakila  SQL > (select city from city limit 10) union (select country from country limit 10) order by city;
+--------------------+
| city               |
+--------------------+
| A Corua (La Corua) |
| Abha               |
| Abu Dhabi          |
| Acua               |
| Adana              |
| Addis Abeba        |
| Aden               |
| Adoni              |
| Afghanistan        |
| Ahmadnagar         |
| Akishima           |
| Algeria            |
| American Samoa     |
| Angola             |
| Anguilla           |
| Argentina          |
| Armenia            |
| Australia          |
| Austria            |
| Azerbaijan         |
+--------------------+
20 rows in set (0.0013 sec)

 MySQL  localhost:3306  sakila  SQL > (select 'Actor', first_name, last_name from actor) union (select 'Staff', first_name, last_name) order by last_name;
ERROR: 1054 (42S22): Unknown column 'first_name' in 'field list'

 MySQL  localhost:3306  sakila  SQL > (select first_name, last_name from actor) union (select first_name, last_name from staff) order by last_name;
+-------------+--------------+
| first_name  | last_name    |
+-------------+--------------+
| DEBBIE      | AKROYD       |
| CHRISTIAN   | AKROYD       |
| KIRSTEN     | AKROYD       |
| MERYL       | ALLEN        |
| CUBA        | ALLEN        |
| KIM         | ALLEN        |
| ANGELINA    | ASTAIRE      |
| RUSSELL     | BACALL       |
| JESSICA     | BAILEY       |
| AUDREY      | BAILEY       |
| HARRISON    | BALE         |
| RENEE       | BALL         |
| JULIA       | BARRYMORE    |
| VIVIEN      | BASINGER     |
| SCARLETT    | BENING       |
| MICHAEL     | BENING       |
| VIVIEN      | BERGEN       |
| LIZA        | BERGMAN      |
| KARL        | BERRY        |
| HENRY       | BERRY        |
| CHRISTOPHER | BERRY        |
| CUBA        | BIRCH        |
| KEVIN       | BLOOM        |
| VAL         | BOLGER       |
| MICHAEL     | BOLGER       |
| CHRIS       | BRIDGES      |
| GOLDIE      | BRODY        |
| LAURA       | BRODY        |
| LAURENCE    | BULLOCK      |
| ZERO        | CAGE         |
| JOHNNY      | CAGE         |
| MATTHEW     | CARREY       |
| GREG        | CHAPLIN      |
| JON         | CHASE        |
| ED          | CHASE        |
| RUSSELL     | CLOSE        |
| FRED        | COSTNER      |
| DARYL       | CRAWFORD     |
| RIP         | CRAWFORD     |
| ANNE        | CRONYN       |
| PENELOPE    | CRONYN       |
| SIDNEY      | CROWE        |
| JUDE        | CRUISE       |
| RALPH       | CRUZ         |
| SCARLETT    | DAMON        |
| SUSAN       | DAVIS        |
| JENNIFER    | DAVIS        |
| FRANCES     | DAY-LEWIS    |
| JUDY        | DEAN         |
| RIVER       | DEAN         |
| EMILY       | DEE          |
| LUCILLE     | DEE          |
| NICK        | DEGENERES    |
| GINA        | DEGENERES    |
| JODIE       | DEGENERES    |
| CHARLIZE    | DENCH        |
| JULIANNE    | DENCH        |
| SPENCER     | DEPP         |
| CHRIS       | DEPP         |
| SYLVESTER   | DERN         |
| ALAN        | DREYFUSS     |
| BURT        | DUKAKIS      |
| ROCK        | DUKAKIS      |
| GROUCHO     | DUNST        |
| BOB         | FAWCETT      |
| JULIA       | FAWCETT      |
| CHRISTIAN   | GABLE        |
| KEVIN       | GARLAND      |
| HUMPHREY    | GARLAND      |
| AL          | GARLAND      |
| MERYL       | GIBSON       |
| PARKER      | GOLDBERG     |
| EWAN        | GOODING      |
| GREGORY     | GOODING      |
| ADAM        | GRANT        |
| SEAN        | GUINESS      |
| ED          | GUINESS      |
| PENELOPE    | GUINESS      |
| WILLIAM     | HACKMAN      |
| TIM         | HACKMAN      |
| DAN         | HARRIS       |
| CATE        | HARRIS       |
| BEN         | HARRIS       |
| MEG         | HAWKE        |
| GEOFFREY    | HESTON       |
| Mike        | Hillyer      |
| WOODY       | HOFFMAN      |
| MAE         | HOFFMAN      |
| KENNETH     | HOFFMAN      |
| HARVEY      | HOPE         |
| NATALIE     | HOPKINS      |
| GENE        | HOPKINS      |
| MORGAN      | HOPKINS      |
| ADAM        | HOPPER       |
| MENA        | HOPPER       |
| ANGELA      | HUDSON       |
| CARMEN      | HUNT         |
| WHOOPI      | HURT         |
| WARREN      | JACKMAN      |
| JANE        | JACKMAN      |
| ALBERT      | JOHANSSON    |
| RAY         | JOHANSSON    |
| MATTHEW     | JOHANSSON    |
| WOODY       | JOLIE        |
| KIRK        | JOVOVICH     |
| GRETA       | KEITEL       |
| MARY        | KEITEL       |
| MILLA       | KEITEL       |
| FAY         | KILMER       |
| SANDRA      | KILMER       |
| OPRAH       | KILMER       |
| MINNIE      | KILMER       |
| REESE       | KILMER       |
| MATTHEW     | LEIGH        |
| JOHNNY      | LOLLOBRIGIDA |
| GRETA       | MALDEN       |
| ED          | MANSFIELD    |
| ELVIS       | MARX         |
| CARY        | MCCONAUGHEY  |
| MICHELLE    | MCCONAUGHEY  |
| MORGAN      | MCDORMAND    |
| GENE        | MCKELLEN     |
| TOM         | MCKELLEN     |
| CATE        | MCQUEEN      |
| JULIA       | MCQUEEN      |
| TOM         | MIRANDA      |
| LISA        | MONROE       |
| PENELOPE    | MONROE       |
| GRACE       | MOSTEL       |
| JIM         | MOSTEL       |
| CHRISTIAN   | NEESON       |
| JAYNE       | NEESON       |
| BETTE       | NICHOLSON    |
| WARREN      | NOLTE        |
| JAYNE       | NOLTE        |
| SALMA       | NOLTE        |
| ALBERT      | NOLTE        |
| CUBA        | OLIVIER      |
| AUDREY      | OLIVIER      |
| KIRSTEN     | PALTROW      |
| KENNETH     | PALTROW      |
| SPENCER     | PECK         |
| SANDRA      | PECK         |
| MILLA       | PECK         |
| RICHARD     | PENN         |
| GARY        | PENN         |
| KENNETH     | PESCI        |
| OLYMPIA     | PFEIFFER     |
| GARY        | PHOENIX      |
| PENELOPE    | PINKETT      |
| JAMES       | PITT         |
| BURT        | POSEY        |
| ELLEN       | PRESLEY      |
| RITA        | REYNOLDS     |
| JADA        | RYDER        |
| JAYNE       | SILVERSTONE  |
| JEFF        | SILVERSTONE  |
| GROUCHO     | SINATRA      |
| SISSY       | SOBIESKI     |
| NICK        | STALLONE     |
| Jon         | Stephens     |
| DAN         | STREEP       |
| CAMERON     | STREEP       |
| JOHN        | SUVARI       |
| JOE         | SWANK        |
| IAN         | TANDY        |
| MARY        | TANDY        |
| DUSTIN      | TAUTOU       |
| BURT        | TEMPLE       |
| RUSSELL     | TEMPLE       |
| THORA       | TEMPLE       |
| MENA        | TEMPLE       |
| FRANCES     | TOMEI        |
| DAN         | TORN         |
| WALTER      | TORN         |
| KENNETH     | TORN         |
| RENEE       | TRACY        |
| LUCILLE     | TRACY        |
| HELEN       | VOIGHT       |
| DARYL       | WAHLBERG     |
| NICK        | WAHLBERG     |
| BELA        | WALKEN       |
| ALEC        | WAYNE        |
| REESE       | WEST         |
| CHRISTOPHER | WEST         |
| MORGAN      | WILLIAMS     |
| GROUCHO     | WILLIAMS     |
| SEAN        | WILLIAMS     |
| GENE        | WILLIS       |
| BEN         | WILLIS       |
| HUMPHREY    | WILLIS       |
| WILL        | WILSON       |
| FAY         | WINSLET      |
| RIP         | WINSLET      |
| ANGELA      | WITHERSPOON  |
| FAY         | WOOD         |
| UMA         | WOOD         |
| CAMERON     | WRAY         |
| JULIA       | ZELLWEGER    |
| CAMERON     | ZELLWEGER    |
| MINNIE      | ZELLWEGER    |
+-------------+--------------+
201 rows in set (0.0009 sec)

 MySQL  localhost:3306  sakila  SQL > (select 'Actor', first_name, last_name from actor) union (select 'Staff', first_name, last_name from staff) order by last_name;
+-------+-------------+--------------+
| Actor | first_name  | last_name    |
+-------+-------------+--------------+
| Actor | KIRSTEN     | AKROYD       |
| Actor | CHRISTIAN   | AKROYD       |
| Actor | DEBBIE      | AKROYD       |
| Actor | CUBA        | ALLEN        |
| Actor | KIM         | ALLEN        |
| Actor | MERYL       | ALLEN        |
| Actor | ANGELINA    | ASTAIRE      |
| Actor | RUSSELL     | BACALL       |
| Actor | AUDREY      | BAILEY       |
| Actor | JESSICA     | BAILEY       |
| Actor | HARRISON    | BALE         |
| Actor | RENEE       | BALL         |
| Actor | JULIA       | BARRYMORE    |
| Actor | VIVIEN      | BASINGER     |
| Actor | SCARLETT    | BENING       |
| Actor | MICHAEL     | BENING       |
| Actor | VIVIEN      | BERGEN       |
| Actor | LIZA        | BERGMAN      |
| Actor | CHRISTOPHER | BERRY        |
| Actor | HENRY       | BERRY        |
| Actor | KARL        | BERRY        |
| Actor | CUBA        | BIRCH        |
| Actor | KEVIN       | BLOOM        |
| Actor | MICHAEL     | BOLGER       |
| Actor | VAL         | BOLGER       |
| Actor | CHRIS       | BRIDGES      |
| Actor | GOLDIE      | BRODY        |
| Actor | LAURA       | BRODY        |
| Actor | LAURENCE    | BULLOCK      |
| Actor | JOHNNY      | CAGE         |
| Actor | ZERO        | CAGE         |
| Actor | MATTHEW     | CARREY       |
| Actor | GREG        | CHAPLIN      |
| Actor | ED          | CHASE        |
| Actor | JON         | CHASE        |
| Actor | RUSSELL     | CLOSE        |
| Actor | FRED        | COSTNER      |
| Actor | DARYL       | CRAWFORD     |
| Actor | RIP         | CRAWFORD     |
| Actor | PENELOPE    | CRONYN       |
| Actor | ANNE        | CRONYN       |
| Actor | SIDNEY      | CROWE        |
| Actor | JUDE        | CRUISE       |
| Actor | RALPH       | CRUZ         |
| Actor | SCARLETT    | DAMON        |
| Actor | SUSAN       | DAVIS        |
| Actor | JENNIFER    | DAVIS        |
| Actor | FRANCES     | DAY-LEWIS    |
| Actor | RIVER       | DEAN         |
| Actor | JUDY        | DEAN         |
| Actor | EMILY       | DEE          |
| Actor | LUCILLE     | DEE          |
| Actor | GINA        | DEGENERES    |
| Actor | NICK        | DEGENERES    |
| Actor | JODIE       | DEGENERES    |
| Actor | JULIANNE    | DENCH        |
| Actor | CHARLIZE    | DENCH        |
| Actor | CHRIS       | DEPP         |
| Actor | SPENCER     | DEPP         |
| Actor | SYLVESTER   | DERN         |
| Actor | ALAN        | DREYFUSS     |
| Actor | ROCK        | DUKAKIS      |
| Actor | BURT        | DUKAKIS      |
| Actor | GROUCHO     | DUNST        |
| Actor | BOB         | FAWCETT      |
| Actor | JULIA       | FAWCETT      |
| Actor | CHRISTIAN   | GABLE        |
| Actor | AL          | GARLAND      |
| Actor | HUMPHREY    | GARLAND      |
| Actor | KEVIN       | GARLAND      |
| Actor | MERYL       | GIBSON       |
| Actor | PARKER      | GOLDBERG     |
| Actor | GREGORY     | GOODING      |
| Actor | EWAN        | GOODING      |
| Actor | ADAM        | GRANT        |
| Actor | PENELOPE    | GUINESS      |
| Actor | SEAN        | GUINESS      |
| Actor | ED          | GUINESS      |
| Actor | TIM         | HACKMAN      |
| Actor | WILLIAM     | HACKMAN      |
| Actor | CATE        | HARRIS       |
| Actor | DAN         | HARRIS       |
| Actor | BEN         | HARRIS       |
| Actor | MEG         | HAWKE        |
| Actor | GEOFFREY    | HESTON       |
| Staff | Mike        | Hillyer      |
| Actor | MAE         | HOFFMAN      |
| Actor | WOODY       | HOFFMAN      |
| Actor | KENNETH     | HOFFMAN      |
| Actor | HARVEY      | HOPE         |
| Actor | NATALIE     | HOPKINS      |
| Actor | MORGAN      | HOPKINS      |
| Actor | GENE        | HOPKINS      |
| Actor | ADAM        | HOPPER       |
| Actor | MENA        | HOPPER       |
| Actor | ANGELA      | HUDSON       |
| Actor | CARMEN      | HUNT         |
| Actor | WHOOPI      | HURT         |
| Actor | WARREN      | JACKMAN      |
| Actor | JANE        | JACKMAN      |
| Actor | ALBERT      | JOHANSSON    |
| Actor | MATTHEW     | JOHANSSON    |
| Actor | RAY         | JOHANSSON    |
| Actor | WOODY       | JOLIE        |
| Actor | KIRK        | JOVOVICH     |
| Actor | GRETA       | KEITEL       |
| Actor | MILLA       | KEITEL       |
| Actor | MARY        | KEITEL       |
| Actor | SANDRA      | KILMER       |
| Actor | MINNIE      | KILMER       |
| Actor | REESE       | KILMER       |
| Actor | OPRAH       | KILMER       |
| Actor | FAY         | KILMER       |
| Actor | MATTHEW     | LEIGH        |
| Actor | JOHNNY      | LOLLOBRIGIDA |
| Actor | GRETA       | MALDEN       |
| Actor | ED          | MANSFIELD    |
| Actor | ELVIS       | MARX         |
| Actor | CARY        | MCCONAUGHEY  |
| Actor | MICHELLE    | MCCONAUGHEY  |
| Actor | MORGAN      | MCDORMAND    |
| Actor | TOM         | MCKELLEN     |
| Actor | GENE        | MCKELLEN     |
| Actor | CATE        | MCQUEEN      |
| Actor | JULIA       | MCQUEEN      |
| Actor | TOM         | MIRANDA      |
| Actor | LISA        | MONROE       |
| Actor | PENELOPE    | MONROE       |
| Actor | GRACE       | MOSTEL       |
| Actor | JIM         | MOSTEL       |
| Actor | CHRISTIAN   | NEESON       |
| Actor | JAYNE       | NEESON       |
| Actor | BETTE       | NICHOLSON    |
| Actor | WARREN      | NOLTE        |
| Actor | ALBERT      | NOLTE        |
| Actor | JAYNE       | NOLTE        |
| Actor | SALMA       | NOLTE        |
| Actor | AUDREY      | OLIVIER      |
| Actor | CUBA        | OLIVIER      |
| Actor | KENNETH     | PALTROW      |
| Actor | KIRSTEN     | PALTROW      |
| Actor | MILLA       | PECK         |
| Actor | SPENCER     | PECK         |
| Actor | SANDRA      | PECK         |
| Actor | GARY        | PENN         |
| Actor | RICHARD     | PENN         |
| Actor | KENNETH     | PESCI        |
| Actor | OLYMPIA     | PFEIFFER     |
| Actor | GARY        | PHOENIX      |
| Actor | PENELOPE    | PINKETT      |
| Actor | JAMES       | PITT         |
| Actor | BURT        | POSEY        |
| Actor | ELLEN       | PRESLEY      |
| Actor | RITA        | REYNOLDS     |
| Actor | JADA        | RYDER        |
| Actor | JAYNE       | SILVERSTONE  |
| Actor | JEFF        | SILVERSTONE  |
| Actor | GROUCHO     | SINATRA      |
| Actor | SISSY       | SOBIESKI     |
| Actor | NICK        | STALLONE     |
| Staff | Jon         | Stephens     |
| Actor | CAMERON     | STREEP       |
| Actor | DAN         | STREEP       |
| Actor | JOHN        | SUVARI       |
| Actor | JOE         | SWANK        |
| Actor | IAN         | TANDY        |
| Actor | MARY        | TANDY        |
| Actor | DUSTIN      | TAUTOU       |
| Actor | THORA       | TEMPLE       |
| Actor | RUSSELL     | TEMPLE       |
| Actor | MENA        | TEMPLE       |
| Actor | BURT        | TEMPLE       |
| Actor | FRANCES     | TOMEI        |
| Actor | DAN         | TORN         |
| Actor | WALTER      | TORN         |
| Actor | KENNETH     | TORN         |
| Actor | RENEE       | TRACY        |
| Actor | LUCILLE     | TRACY        |
| Actor | HELEN       | VOIGHT       |
| Actor | DARYL       | WAHLBERG     |
| Actor | NICK        | WAHLBERG     |
| Actor | BELA        | WALKEN       |
| Actor | ALEC        | WAYNE        |
| Actor | REESE       | WEST         |
| Actor | CHRISTOPHER | WEST         |
| Actor | GROUCHO     | WILLIAMS     |
| Actor | SEAN        | WILLIAMS     |
| Actor | MORGAN      | WILLIAMS     |
| Actor | HUMPHREY    | WILLIS       |
| Actor | GENE        | WILLIS       |
| Actor | BEN         | WILLIS       |
| Actor | WILL        | WILSON       |
| Actor | RIP         | WINSLET      |
| Actor | FAY         | WINSLET      |
| Actor | ANGELA      | WITHERSPOON  |
| Actor | UMA         | WOOD         |
| Actor | FAY         | WOOD         |
| Actor | CAMERON     | WRAY         |
| Actor | MINNIE      | ZELLWEGER    |
| Actor | CAMERON     | ZELLWEGER    |
| Actor | JULIA       | ZELLWEGER    |
+-------+-------------+--------------+
201 rows in set (0.0011 sec)

 MySQL  localhost:3306  sakila  SQL > select first_name, last_name from actors;
ERROR: 1146 (42S02): Table 'sakila.actors' doesn't exist

 MySQL  localhost:3306  sakila  SQL > select first_name, last_name from actor;
+-------------+--------------+
| first_name  | last_name    |
+-------------+--------------+
| PENELOPE    | GUINESS      |
| NICK        | WAHLBERG     |
| ED          | CHASE        |
| JENNIFER    | DAVIS        |
| JOHNNY      | LOLLOBRIGIDA |
| BETTE       | NICHOLSON    |
| GRACE       | MOSTEL       |
| MATTHEW     | JOHANSSON    |
| JOE         | SWANK        |
| CHRISTIAN   | GABLE        |
| ZERO        | CAGE         |
| KARL        | BERRY        |
| UMA         | WOOD         |
| VIVIEN      | BERGEN       |
| CUBA        | OLIVIER      |
| FRED        | COSTNER      |
| HELEN       | VOIGHT       |
| DAN         | TORN         |
| BOB         | FAWCETT      |
| LUCILLE     | TRACY        |
| KIRSTEN     | PALTROW      |
| ELVIS       | MARX         |
| SANDRA      | KILMER       |
| CAMERON     | STREEP       |
| KEVIN       | BLOOM        |
| RIP         | CRAWFORD     |
| JULIA       | MCQUEEN      |
| WOODY       | HOFFMAN      |
| ALEC        | WAYNE        |
| SANDRA      | PECK         |
| SISSY       | SOBIESKI     |
| TIM         | HACKMAN      |
| MILLA       | PECK         |
| AUDREY      | OLIVIER      |
| JUDY        | DEAN         |
| BURT        | DUKAKIS      |
| VAL         | BOLGER       |
| TOM         | MCKELLEN     |
| GOLDIE      | BRODY        |
| JOHNNY      | CAGE         |
| JODIE       | DEGENERES    |
| TOM         | MIRANDA      |
| KIRK        | JOVOVICH     |
| NICK        | STALLONE     |
| REESE       | KILMER       |
| PARKER      | GOLDBERG     |
| JULIA       | BARRYMORE    |
| FRANCES     | DAY-LEWIS    |
| ANNE        | CRONYN       |
| NATALIE     | HOPKINS      |
| GARY        | PHOENIX      |
| CARMEN      | HUNT         |
| MENA        | TEMPLE       |
| PENELOPE    | PINKETT      |
| FAY         | KILMER       |
| DAN         | HARRIS       |
| JUDE        | CRUISE       |
| CHRISTIAN   | AKROYD       |
| DUSTIN      | TAUTOU       |
| HENRY       | BERRY        |
| CHRISTIAN   | NEESON       |
| JAYNE       | NEESON       |
| CAMERON     | WRAY         |
| RAY         | JOHANSSON    |
| ANGELA      | HUDSON       |
| MARY        | TANDY        |
| JESSICA     | BAILEY       |
| RIP         | WINSLET      |
| KENNETH     | PALTROW      |
| MICHELLE    | MCCONAUGHEY  |
| ADAM        | GRANT        |
| SEAN        | WILLIAMS     |
| GARY        | PENN         |
| MILLA       | KEITEL       |
| BURT        | POSEY        |
| ANGELINA    | ASTAIRE      |
| CARY        | MCCONAUGHEY  |
| GROUCHO     | SINATRA      |
| MAE         | HOFFMAN      |
| RALPH       | CRUZ         |
| SCARLETT    | DAMON        |
| WOODY       | JOLIE        |
| BEN         | WILLIS       |
| JAMES       | PITT         |
| MINNIE      | ZELLWEGER    |
| GREG        | CHAPLIN      |
| SPENCER     | PECK         |
| KENNETH     | PESCI        |
| CHARLIZE    | DENCH        |
| SEAN        | GUINESS      |
| CHRISTOPHER | BERRY        |
| KIRSTEN     | AKROYD       |
| ELLEN       | PRESLEY      |
| KENNETH     | TORN         |
| DARYL       | WAHLBERG     |
| GENE        | WILLIS       |
| MEG         | HAWKE        |
| CHRIS       | BRIDGES      |
| JIM         | MOSTEL       |
| SPENCER     | DEPP         |
| SUSAN       | DAVIS        |
| WALTER      | TORN         |
| MATTHEW     | LEIGH        |
| PENELOPE    | CRONYN       |
| SIDNEY      | CROWE        |
| GROUCHO     | DUNST        |
| GINA        | DEGENERES    |
| WARREN      | NOLTE        |
| SYLVESTER   | DERN         |
| SUSAN       | DAVIS        |
| CAMERON     | ZELLWEGER    |
| RUSSELL     | BACALL       |
| MORGAN      | HOPKINS      |
| MORGAN      | MCDORMAND    |
| HARRISON    | BALE         |
| DAN         | STREEP       |
| RENEE       | TRACY        |
| CUBA        | ALLEN        |
| WARREN      | JACKMAN      |
| PENELOPE    | MONROE       |
| LIZA        | BERGMAN      |
| SALMA       | NOLTE        |
| JULIANNE    | DENCH        |
| SCARLETT    | BENING       |
| ALBERT      | NOLTE        |
| FRANCES     | TOMEI        |
| KEVIN       | GARLAND      |
| CATE        | MCQUEEN      |
| DARYL       | CRAWFORD     |
| GRETA       | KEITEL       |
| JANE        | JACKMAN      |
| ADAM        | HOPPER       |
| RICHARD     | PENN         |
| GENE        | HOPKINS      |
| RITA        | REYNOLDS     |
| ED          | MANSFIELD    |
| MORGAN      | WILLIAMS     |
| LUCILLE     | DEE          |
| EWAN        | GOODING      |
| WHOOPI      | HURT         |
| CATE        | HARRIS       |
| JADA        | RYDER        |
| RIVER       | DEAN         |
| ANGELA      | WITHERSPOON  |
| KIM         | ALLEN        |
| ALBERT      | JOHANSSON    |
| FAY         | WINSLET      |
| EMILY       | DEE          |
| RUSSELL     | TEMPLE       |
| JAYNE       | NOLTE        |
| GEOFFREY    | HESTON       |
| BEN         | HARRIS       |
| MINNIE      | KILMER       |
| MERYL       | GIBSON       |
| IAN         | TANDY        |
| FAY         | WOOD         |
| GRETA       | MALDEN       |
| VIVIEN      | BASINGER     |
| LAURA       | BRODY        |
| CHRIS       | DEPP         |
| HARVEY      | HOPE         |
| OPRAH       | KILMER       |
| CHRISTOPHER | WEST         |
| HUMPHREY    | WILLIS       |
| AL          | GARLAND      |
| NICK        | DEGENERES    |
| LAURENCE    | BULLOCK      |
| WILL        | WILSON       |
| KENNETH     | HOFFMAN      |
| MENA        | HOPPER       |
| OLYMPIA     | PFEIFFER     |
| GROUCHO     | WILLIAMS     |
| ALAN        | DREYFUSS     |
| MICHAEL     | BENING       |
| WILLIAM     | HACKMAN      |
| JON         | CHASE        |
| GENE        | MCKELLEN     |
| LISA        | MONROE       |
| ED          | GUINESS      |
| JEFF        | SILVERSTONE  |
| MATTHEW     | CARREY       |
| DEBBIE      | AKROYD       |
| RUSSELL     | CLOSE        |
| HUMPHREY    | GARLAND      |
| MICHAEL     | BOLGER       |
| JULIA       | ZELLWEGER    |
| RENEE       | BALL         |
| ROCK        | DUKAKIS      |
| CUBA        | BIRCH        |
| AUDREY      | BAILEY       |
| GREGORY     | GOODING      |
| JOHN        | SUVARI       |
| BURT        | TEMPLE       |
| MERYL       | ALLEN        |
| JAYNE       | SILVERSTONE  |
| BELA        | WALKEN       |
| REESE       | WEST         |
| MARY        | KEITEL       |
| JULIA       | FAWCETT      |
| THORA       | TEMPLE       |
+-------------+--------------+
200 rows in set (0.0005 sec)

 MySQL  localhost:3306  sakila  SQL > select first_name, last_name from actor where last_name = 'TEMPLE';
+------------+-----------+
| first_name | last_name |
+------------+-----------+
| MENA       | TEMPLE    |
| RUSSELL    | TEMPLE    |
| BURT       | TEMPLE    |
| THORA      | TEMPLE    |
+------------+-----------+
4 rows in set (0.0047 sec)

 MySQL  localhost:3306  sakila  SQL > select first_name, last_name from actor where last_name like 'W%';
+-------------+-------------+
| first_name  | last_name   |
+-------------+-------------+
| NICK        | WAHLBERG    |
| DARYL       | WAHLBERG    |
| BELA        | WALKEN      |
| ALEC        | WAYNE       |
| CHRISTOPHER | WEST        |
| REESE       | WEST        |
| SEAN        | WILLIAMS    |
| MORGAN      | WILLIAMS    |
| GROUCHO     | WILLIAMS    |
| BEN         | WILLIS      |
| GENE        | WILLIS      |
| HUMPHREY    | WILLIS      |
| WILL        | WILSON      |
| RIP         | WINSLET     |
| FAY         | WINSLET     |
| ANGELA      | WITHERSPOON |
| UMA         | WOOD        |
| FAY         | WOOD        |
| CAMERON     | WRAY        |
+-------------+-------------+
19 rows in set (0.0005 sec)

 MySQL  localhost:3306  sakila  SQL > select first_name, last_name from actor where last_name like '%W';
+------------+-----------+
| first_name | last_name |
+------------+-----------+
| KIRSTEN    | PALTROW   |
| KENNETH    | PALTROW   |
+------------+-----------+
2 rows in set (0.0007 sec)

 MySQL  localhost:3306  sakila  SQL > select first_name, last_name from actor where last_name like '%A';
+------------+--------------+
| first_name | last_name    |
+------------+--------------+
| JOHNNY     | LOLLOBRIGIDA |
| TOM        | MIRANDA      |
| GROUCHO    | SINATRA      |
+------------+--------------+
3 rows in set (0.0009 sec)

 MySQL  localhost:3306  sakila  SQL > select first_name, last_name from actor where last_name like '%W%';
+-------------+-------------+
| first_name  | last_name   |
+-------------+-------------+
| NICK        | WAHLBERG    |
| JOE         | SWANK       |
| UMA         | WOOD        |
| BOB         | FAWCETT     |
| KIRSTEN     | PALTROW     |
| RIP         | CRAWFORD    |
| ALEC        | WAYNE       |
| FRANCES     | DAY-LEWIS   |
| CAMERON     | WRAY        |
| RIP         | WINSLET     |
| KENNETH     | PALTROW     |
| SEAN        | WILLIAMS    |
| BEN         | WILLIS      |
| MINNIE      | ZELLWEGER   |
| DARYL       | WAHLBERG    |
| GENE        | WILLIS      |
| MEG         | HAWKE       |
| SIDNEY      | CROWE       |
| CAMERON     | ZELLWEGER   |
| DARYL       | CRAWFORD    |
| MORGAN      | WILLIAMS    |
| ANGELA      | WITHERSPOON |
| FAY         | WINSLET     |
| FAY         | WOOD        |
| CHRISTOPHER | WEST        |
| HUMPHREY    | WILLIS      |
| WILL        | WILSON      |
| GROUCHO     | WILLIAMS    |
| JULIA       | ZELLWEGER   |
| BELA        | WALKEN      |
| REESE       | WEST        |
| JULIA       | FAWCETT     |
+-------------+-------------+
32 rows in set (0.0005 sec)

 MySQL  localhost:3306  sakila  SQL > select count(*) from actor where last_name like '%W%';
+----------+
| count(*) |
+----------+
|       32 |
+----------+
1 row in set (0.0006 sec)

 MySQL  localhost:3306  sakila  SQL > select count(*) from actor where last_name like 'W%';
+----------+
| count(*) |
+----------+
|       19 |
+----------+
1 row in set (0.0005 sec)

 MySQL  localhost:3306  sakila  SQL > select count(*) from actor where last_name like '%W';
+----------+
| count(*) |
+----------+
|        2 |
+----------+
1 row in set (0.0004 sec)

 MySQL  localhost:3306  sakila  SQL >




