MySQL Shell 8.0.12

Copyright (c) 2016, 2018, Oracle and/or its affiliates. All rights reserved.

Oracle is a registered trademark of Oracle Corporation and/or its
affiliates. Other names may be trademarks of their respective
owners.

Type '\help' or '\?' for help; '\quit' to exit.


 MySQL  JS > \sql
Switching to SQL mode... Commands end with ;

 MySQL  SQL > \connect -c root@localhost
The -c option is deprecated, please use --mysql or -mc instead
Creating a Classic session to 'root@localhost'
Please provide the password for 'root@localhost': *********
Save password for 'root@localhost:3306'? [Y]es/[N]o/Ne[v]er (default No): y
Fetching schema names for autocompletion... Press ^C to stop.
Your MySQL connection id is 10
Server version: 5.7.21-log MySQL Community Server (GPL)
No default schema selected; type \use <schema> to set one.

 MySQL  localhost:3306  SQL > show databases;
+----------------------+
| Database             |
+----------------------+
| information_schema   |
| banbajio             |
| banbajiodosgruposres |
| datos_coche          |
| datoscoches          |
| dbclientes           |
| employees            |
| evaluacion_1         |
| evaluacion_2         |
| inventario_          |
| inventario_bdd       |
| mysql                |
| northwind            |
| performance_schema   |
| sakila               |
| sys                  |
| tecnologico_ii       |
| world                |
+----------------------+
18 rows in set (0.0007 sec)

 MySQL  localhost:3306  SQL > \use northwind
Default schema set to `northwind`.
Fetching table and column names from `northwind` for auto-completion... Press ^C to stop.

 MySQL  localhost:3306  northwind  SQL > show tables
                                     ... ;
+-----------------------------+
| Tables_in_northwind         |
+-----------------------------+
| customers                   |
| employee_privileges         |
| employees                   |
| inventory_transaction_types |
| inventory_transactions      |
| invoices                    |
| order_details               |
| order_details_status        |
| orders                      |
| orders_status               |
| orders_tax_status           |
| privileges                  |
| products                    |
| purchase_order_details      |
| purchase_order_status       |
| purchase_orders             |
| sales_reports               |
| shippers                    |
| strings                     |
| suppliers                   |
+-----------------------------+
20 rows in set (0.0014 sec)

 MySQL  localhost:3306  northwind  SQL > select count(*) from customer;
ERROR: 1146 (42S02): Table 'northwind.customer' doesn't exist

 MySQL  localhost:3306  northwind  SQL > select count(*) from customers;
+----------+
| count(*) |
+----------+
|       29 |
+----------+
1 row in set (0.0005 sec)

 MySQL  localhost:3306  northwind  SQL > select count(*) from products;
+----------+
| count(*) |
+----------+
|       45 |
+----------+
1 row in set (0.0004 sec)

 MySQL  localhost:3306  northwind  SQL > desc categories;
ERROR: 1146 (42S02): Table 'northwind.categories' doesn't exist

 MySQL  localhost:3306  northwind  SQL > \use evaluacion_2
Default schema set to `evaluacion_2`.
Fetching table and column names from `evaluacion_2` for auto-completion... Press ^C to stop.

 MySQL  localhost:3306  evaluacion_2  SQL > \use northwind;
MySQL Error 1049 (42000): ClassicSession.runSql: Unknown database 'northwind;'

 MySQL  localhost:3306  evaluacion_2  SQL > \use northwind
Default schema set to `northwind`.
Fetching table and column names from `northwind` for auto-completion... Press ^C to stop.

 MySQL  localhost:3306  northwind  SQL > show tables;
+----------------------+
| Tables_in_northwind  |
+----------------------+
| account              |
| categories           |
| customercustomerdemo |
| customerdemographics |
| customers            |
| empleados            |
| employees            |
| employeeterritories  |
| lista_empleados      |
| lista_empleados_a    |
| mi_rfc               |
| nombre_cliente       |
| orderdetails         |
| orders               |
| pagos_empleados      |
| personas             |
| products             |
| prueba2              |
| region               |
| rfc_gringos          |
| shippers             |
| suppliers            |
| territories          |
| ventas_producto      |
+----------------------+
24 rows in set (0.0009 sec)

 MySQL  localhost:3306  northwind  SQL > select count(*) from categories;
+----------+
| count(*) |
+----------+
|        8 |
+----------+
1 row in set (0.0004 sec)

 MySQL  localhost:3306  northwind  SQL > select a.productname, b.categoryname from products a
                                     ... inner join categories b
                                     ... on a.categoryid = b.categoryid;
+----------------------------------+----------------+
| productname                      | categoryname   |
+----------------------------------+----------------+
| Chai                             | Beverages      |
| Chang                            | Beverages      |
| Guaran Fantstica                 | Beverages      |
| Sasquatch Ale                    | Beverages      |
| Steeleye Stout                   | Beverages      |
| Cte de Blaye                     | Beverages      |
| Chartreuse verte                 | Beverages      |
| Ipoh Coffee                      | Beverages      |
| Laughing Lumberjack Lager        | Beverages      |
| Outback Lager                    | Beverages      |
| Rhnbru Klosterbier               | Beverages      |
| Lakkalikri                       | Beverages      |
| Aniseed Syrup                    | Condiments     |
| Chef Anton's Cajun Seasoning     | Condiments     |
| Chef Anton's Gumbo Mix           | Condiments     |
| Grandma's Boysenberry Spread     | Condiments     |
| Northwoods Cranberry Sauce       | Condiments     |
| Genen Shouyu                     | Condiments     |
| Gula Malacca                     | Condiments     |
| Sirop d'rable                    | Condiments     |
| Vegie-spread                     | Condiments     |
| Louisiana Fiery Hot Pepper Sauce | Condiments     |
| Louisiana Hot Spiced Okra        | Condiments     |
| Original Frankfurter grne Soe    | Condiments     |
| Pavlova                          | Confections    |
| Teatime Chocolate Biscuits       | Confections    |
| Sir Rodney's Marmalade           | Confections    |
| Sir Rodney's Scones              | Confections    |
| NuNuCa Nu-Nougat-Creme           | Confections    |
| Gumbr Gummibrchen                | Confections    |
| Schoggi Schokolade               | Confections    |
| Zaanse koeken                    | Confections    |
| Chocolade                        | Confections    |
| Maxilaku                         | Confections    |
| Valkoinen suklaa                 | Confections    |
| Tarte au sucre                   | Confections    |
| Scottish Longbreads              | Confections    |
| Queso Cabrales                   | Dairy Products |
| Queso Manchego La Pastora        | Dairy Products |
| Gorgonzola Telino                | Dairy Products |
| Mascarpone Fabioli               | Dairy Products |
| Geitost                          | Dairy Products |
| Raclette Courdavault             | Dairy Products |
| Camembert Pierrot                | Dairy Products |
| Gudbrandsdalsost                 | Dairy Products |
| Flotemysost                      | Dairy Products |
| Mozzarella di Giovanni           | Dairy Products |
| Gustaf's Knckebrd                | Grains/Cereals |
| Tunnbrd                          | Grains/Cereals |
| Singaporean Hokkien Fried Mee    | Grains/Cereals |
| Filo Mix                         | Grains/Cereals |
| Gnocchi di nonna Alice           | Grains/Cereals |
| Ravioli Angelo                   | Grains/Cereals |
| Wimmers gute Semmelkndel         | Grains/Cereals |
| Mishi Kobe Niku                  | Meat/Poultry   |
| Alice Mutton                     | Meat/Poultry   |
| Thringer Rostbratwurst           | Meat/Poultry   |
| Perth Pasties                    | Meat/Poultry   |
| Tourtire                         | Meat/Poultry   |
| Pt chinois                       | Meat/Poultry   |
| Uncle Bob's Organic Dried Pears  | Produce        |
| Tofu                             | Produce        |
| Rssle Sauerkraut                 | Produce        |
| Manjimup Dried Apples            | Produce        |
| Longlife Tofu                    | Produce        |
| Ikura                            | Seafood        |
| Konbu                            | Seafood        |
| Carnarvon Tigers                 | Seafood        |
| Nord-Ost Matjeshering            | Seafood        |
| Inlagd Sill                      | Seafood        |
| Gravad lax                       | Seafood        |
| Boston Crab Meat                 | Seafood        |
| Jack's New England Clam Chowder  | Seafood        |
| Rogede sild                      | Seafood        |
| Spegesild                        | Seafood        |
| Escargots de Bourgogne           | Seafood        |
| Rd Kaviar                        | Seafood        |
+----------------------------------+----------------+
77 rows in set (0.0013 sec)

 MySQL  localhost:3306  northwind  SQL > desc products;
+-----------------+---------------+------+-----+---------+----------------+
| Field           | Type          | Null | Key | Default | Extra          |
+-----------------+---------------+------+-----+---------+----------------+
| ProductID       | int(11)       | NO   | PRI | NULL    | auto_increment |
| ProductName     | varchar(40)   | NO   | MUL | NULL    |                |
| SupplierID      | int(11)       | YES  | MUL | NULL    |                |
| CategoryID      | int(11)       | YES  | MUL | NULL    |                |
| QuantityPerUnit | varchar(20)   | YES  |     | NULL    |                |
| UnitPrice       | decimal(10,4) | YES  |     | 0.0000  |                |
| UnitsInStock    | smallint(2)   | YES  |     | 0       |                |
| UnitsOnOrder    | smallint(2)   | YES  |     | 0       |                |
| ReorderLevel    | smallint(2)   | YES  |     | 0       |                |
| Discontinued    | bit(1)        | NO   |     | b'0'    |                |
+-----------------+---------------+------+-----+---------+----------------+
10 rows in set (0.0008 sec)

 MySQL  localhost:3306  northwind  SQL > desc supplieers;
ERROR: 1146 (42S02): Table 'northwind.supplieers' doesn't exist

 MySQL  localhost:3306  northwind  SQL > desc suppliers;
+--------------+-------------+------+-----+---------+----------------+
| Field        | Type        | Null | Key | Default | Extra          |
+--------------+-------------+------+-----+---------+----------------+
| SupplierID   | int(11)     | NO   | PRI | NULL    | auto_increment |
| CompanyName  | varchar(40) | NO   | MUL | NULL    |                |
| ContactName  | varchar(30) | YES  |     | NULL    |                |
| ContactTitle | varchar(30) | YES  |     | NULL    |                |
| Address      | varchar(60) | YES  |     | NULL    |                |
| City         | varchar(15) | YES  |     | NULL    |                |
| Region       | varchar(15) | YES  |     | NULL    |                |
| PostalCode   | varchar(10) | YES  | MUL | NULL    |                |
| Country      | varchar(15) | YES  |     | NULL    |                |
| Phone        | varchar(24) | YES  |     | NULL    |                |
| Fax          | varchar(24) | YES  |     | NULL    |                |
| HomePage     | mediumtext  | YES  |     | NULL    |                |
+--------------+-------------+------+-----+---------+----------------+
12 rows in set (0.0006 sec)

 MySQL  localhost:3306  northwind  SQL > select a.productname, b.companyname from products
                                     ... inner join suppliers b
                                     ... on a.supplierid = b.supplierid;
ERROR: 1054 (42S22): Unknown column 'a.productname' in 'field list'

 MySQL  localhost:3306  northwind  SQL > select a.productname, b.companyname from products a inner join suppliers b on a.supplierid = b.supplierid;
+----------------------------------+----------------------------------------+
| productname                      | companyname                            |
+----------------------------------+----------------------------------------+
| Cte de Blaye                     | Aux joyeux ecclsiastiques              |
| Chartreuse verte                 | Aux joyeux ecclsiastiques              |
| Sasquatch Ale                    | Bigfoot Breweries                      |
| Steeleye Stout                   | Bigfoot Breweries                      |
| Laughing Lumberjack Lager        | Bigfoot Breweries                      |
| Queso Cabrales                   | Cooperativa de Quesos 'Las Cabras'     |
| Queso Manchego La Pastora        | Cooperativa de Quesos 'Las Cabras'     |
| Escargots de Bourgogne           | Escargots Nouveaux                     |
| Chai                             | Exotic Liquids                         |
| Chang                            | Exotic Liquids                         |
| Aniseed Syrup                    | Exotic Liquids                         |
| Gorgonzola Telino                | Formaggi Fortini s.r.l.                |
| Mascarpone Fabioli               | Formaggi Fortini s.r.l.                |
| Mozzarella di Giovanni           | Formaggi Fortini s.r.l.                |
| Sirop d'rable                    | Forts d'rables                         |
| Tarte au sucre                   | Forts d'rables                         |
| Manjimup Dried Apples            | G'day, Mate                            |
| Filo Mix                         | G'day, Mate                            |
| Perth Pasties                    | G'day, Mate                            |
| Raclette Courdavault             | Gai pturage                            |
| Camembert Pierrot                | Gai pturage                            |
| Grandma's Boysenberry Spread     | Grandma Kelly's Homestead              |
| Uncle Bob's Organic Dried Pears  | Grandma Kelly's Homestead              |
| Northwoods Cranberry Sauce       | Grandma Kelly's Homestead              |
| NuNuCa Nu-Nougat-Creme           | Heli Swaren GmbH & Co. KG              |
| Gumbr Gummibrchen                | Heli Swaren GmbH & Co. KG              |
| Schoggi Schokolade               | Heli Swaren GmbH & Co. KG              |
| Maxilaku                         | Karkki Oy                              |
| Valkoinen suklaa                 | Karkki Oy                              |
| Lakkalikri                       | Karkki Oy                              |
| Singaporean Hokkien Fried Mee    | Leka Trading                           |
| Ipoh Coffee                      | Leka Trading                           |
| Gula Malacca                     | Leka Trading                           |
| Rogede sild                      | Lyngbysild                             |
| Spegesild                        | Lyngbysild                             |
| Tourtire                         | Ma Maison                              |
| Pt chinois                       | Ma Maison                              |
| Konbu                            | Mayumi's                               |
| Tofu                             | Mayumi's                               |
| Genen Shouyu                     | Mayumi's                               |
| Boston Crab Meat                 | New England Seafood Cannery            |
| Jack's New England Clam Chowder  | New England Seafood Cannery            |
| Chef Anton's Cajun Seasoning     | New Orleans Cajun Delights             |
| Chef Anton's Gumbo Mix           | New Orleans Cajun Delights             |
| Louisiana Fiery Hot Pepper Sauce | New Orleans Cajun Delights             |
| Louisiana Hot Spiced Okra        | New Orleans Cajun Delights             |
| Nord-Ost Matjeshering            | Nord-Ost-Fisch Handelsgesellschaft mbH |
| Geitost                          | Norske Meierier                        |
| Gudbrandsdalsost                 | Norske Meierier                        |
| Flotemysost                      | Norske Meierier                        |
| Gnocchi di nonna Alice           | Pasta Buttini s.r.l.                   |
| Ravioli Angelo                   | Pasta Buttini s.r.l.                   |
| Pavlova                          | Pavlova, Ltd.                          |
| Alice Mutton                     | Pavlova, Ltd.                          |
| Carnarvon Tigers                 | Pavlova, Ltd.                          |
| Vegie-spread                     | Pavlova, Ltd.                          |
| Outback Lager                    | Pavlova, Ltd.                          |
| Gustaf's Knckebrd                | PB Knckebrd AB                         |
| Tunnbrd                          | PB Knckebrd AB                         |
| Rssle Sauerkraut                 | Plutzer Lebensmittelgromrkte AG        |
| Thringer Rostbratwurst           | Plutzer Lebensmittelgromrkte AG        |
| Wimmers gute Semmelkndel         | Plutzer Lebensmittelgromrkte AG        |
| Rhnbru Klosterbier               | Plutzer Lebensmittelgromrkte AG        |
| Original Frankfurter grne Soe    | Plutzer Lebensmittelgromrkte AG        |
| Guaran Fantstica                 | Refrescos Americanas LTDA              |
| Teatime Chocolate Biscuits       | Specialty Biscuits, Ltd.               |
| Sir Rodney's Marmalade           | Specialty Biscuits, Ltd.               |
| Sir Rodney's Scones              | Specialty Biscuits, Ltd.               |
| Scottish Longbreads              | Specialty Biscuits, Ltd.               |
| Inlagd Sill                      | Svensk Sjfda AB                        |
| Gravad lax                       | Svensk Sjfda AB                        |
| Rd Kaviar                        | Svensk Sjfda AB                        |
| Mishi Kobe Niku                  | Tokyo Traders                          |
| Ikura                            | Tokyo Traders                          |
| Longlife Tofu                    | Tokyo Traders                          |
| Zaanse koeken                    | Zaanse Snoepfabriek                    |
| Chocolade                        | Zaanse Snoepfabriek                    |
+----------------------------------+----------------------------------------+
77 rows in set (0.0007 sec)

 MySQL  localhost:3306  northwind  SQL > select a.productname, b.categoryname, c.companyname
                                     ... from products a
                                     ... inner join categories b on a.categoryid = b.categoryid
                                     ... inner join suppliers c on a.supplierid = c.supplierid;
+----------------------------------+----------------+----------------------------------------+
| productname                      | categoryname   | companyname                            |
+----------------------------------+----------------+----------------------------------------+
| Chai                             | Beverages      | Exotic Liquids                         |
| Chang                            | Beverages      | Exotic Liquids                         |
| Guaran Fantstica                 | Beverages      | Refrescos Americanas LTDA              |
| Sasquatch Ale                    | Beverages      | Bigfoot Breweries                      |
| Steeleye Stout                   | Beverages      | Bigfoot Breweries                      |
| Cte de Blaye                     | Beverages      | Aux joyeux ecclsiastiques              |
| Chartreuse verte                 | Beverages      | Aux joyeux ecclsiastiques              |
| Ipoh Coffee                      | Beverages      | Leka Trading                           |
| Laughing Lumberjack Lager        | Beverages      | Bigfoot Breweries                      |
| Outback Lager                    | Beverages      | Pavlova, Ltd.                          |
| Rhnbru Klosterbier               | Beverages      | Plutzer Lebensmittelgromrkte AG        |
| Lakkalikri                       | Beverages      | Karkki Oy                              |
| Aniseed Syrup                    | Condiments     | Exotic Liquids                         |
| Chef Anton's Cajun Seasoning     | Condiments     | New Orleans Cajun Delights             |
| Chef Anton's Gumbo Mix           | Condiments     | New Orleans Cajun Delights             |
| Grandma's Boysenberry Spread     | Condiments     | Grandma Kelly's Homestead              |
| Northwoods Cranberry Sauce       | Condiments     | Grandma Kelly's Homestead              |
| Genen Shouyu                     | Condiments     | Mayumi's                               |
| Gula Malacca                     | Condiments     | Leka Trading                           |
| Sirop d'rable                    | Condiments     | Forts d'rables                         |
| Vegie-spread                     | Condiments     | Pavlova, Ltd.                          |
| Louisiana Fiery Hot Pepper Sauce | Condiments     | New Orleans Cajun Delights             |
| Louisiana Hot Spiced Okra        | Condiments     | New Orleans Cajun Delights             |
| Original Frankfurter grne Soe    | Condiments     | Plutzer Lebensmittelgromrkte AG        |
| Pavlova                          | Confections    | Pavlova, Ltd.                          |
| Teatime Chocolate Biscuits       | Confections    | Specialty Biscuits, Ltd.               |
| Sir Rodney's Marmalade           | Confections    | Specialty Biscuits, Ltd.               |
| Sir Rodney's Scones              | Confections    | Specialty Biscuits, Ltd.               |
| NuNuCa Nu-Nougat-Creme           | Confections    | Heli Swaren GmbH & Co. KG              |
| Gumbr Gummibrchen                | Confections    | Heli Swaren GmbH & Co. KG              |
| Schoggi Schokolade               | Confections    | Heli Swaren GmbH & Co. KG              |
| Zaanse koeken                    | Confections    | Zaanse Snoepfabriek                    |
| Chocolade                        | Confections    | Zaanse Snoepfabriek                    |
| Maxilaku                         | Confections    | Karkki Oy                              |
| Valkoinen suklaa                 | Confections    | Karkki Oy                              |
| Tarte au sucre                   | Confections    | Forts d'rables                         |
| Scottish Longbreads              | Confections    | Specialty Biscuits, Ltd.               |
| Queso Cabrales                   | Dairy Products | Cooperativa de Quesos 'Las Cabras'     |
| Queso Manchego La Pastora        | Dairy Products | Cooperativa de Quesos 'Las Cabras'     |
| Gorgonzola Telino                | Dairy Products | Formaggi Fortini s.r.l.                |
| Mascarpone Fabioli               | Dairy Products | Formaggi Fortini s.r.l.                |
| Geitost                          | Dairy Products | Norske Meierier                        |
| Raclette Courdavault             | Dairy Products | Gai pturage                            |
| Camembert Pierrot                | Dairy Products | Gai pturage                            |
| Gudbrandsdalsost                 | Dairy Products | Norske Meierier                        |
| Flotemysost                      | Dairy Products | Norske Meierier                        |
| Mozzarella di Giovanni           | Dairy Products | Formaggi Fortini s.r.l.                |
| Gustaf's Knckebrd                | Grains/Cereals | PB Knckebrd AB                         |
| Tunnbrd                          | Grains/Cereals | PB Knckebrd AB                         |
| Singaporean Hokkien Fried Mee    | Grains/Cereals | Leka Trading                           |
| Filo Mix                         | Grains/Cereals | G'day, Mate                            |
| Gnocchi di nonna Alice           | Grains/Cereals | Pasta Buttini s.r.l.                   |
| Ravioli Angelo                   | Grains/Cereals | Pasta Buttini s.r.l.                   |
| Wimmers gute Semmelkndel         | Grains/Cereals | Plutzer Lebensmittelgromrkte AG        |
| Mishi Kobe Niku                  | Meat/Poultry   | Tokyo Traders                          |
| Alice Mutton                     | Meat/Poultry   | Pavlova, Ltd.                          |
| Thringer Rostbratwurst           | Meat/Poultry   | Plutzer Lebensmittelgromrkte AG        |
| Perth Pasties                    | Meat/Poultry   | G'day, Mate                            |
| Tourtire                         | Meat/Poultry   | Ma Maison                              |
| Pt chinois                       | Meat/Poultry   | Ma Maison                              |
| Uncle Bob's Organic Dried Pears  | Produce        | Grandma Kelly's Homestead              |
| Tofu                             | Produce        | Mayumi's                               |
| Rssle Sauerkraut                 | Produce        | Plutzer Lebensmittelgromrkte AG        |
| Manjimup Dried Apples            | Produce        | G'day, Mate                            |
| Longlife Tofu                    | Produce        | Tokyo Traders                          |
| Ikura                            | Seafood        | Tokyo Traders                          |
| Konbu                            | Seafood        | Mayumi's                               |
| Carnarvon Tigers                 | Seafood        | Pavlova, Ltd.                          |
| Nord-Ost Matjeshering            | Seafood        | Nord-Ost-Fisch Handelsgesellschaft mbH |
| Inlagd Sill                      | Seafood        | Svensk Sjfda AB                        |
| Gravad lax                       | Seafood        | Svensk Sjfda AB                        |
| Boston Crab Meat                 | Seafood        | New England Seafood Cannery            |
| Jack's New England Clam Chowder  | Seafood        | New England Seafood Cannery            |
| Rogede sild                      | Seafood        | Lyngbysild                             |
| Spegesild                        | Seafood        | Lyngbysild                             |
| Escargots de Bourgogne           | Seafood        | Escargots Nouveaux                     |
| Rd Kaviar                        | Seafood        | Svensk Sjfda AB                        |
+----------------------------------+----------------+----------------------------------------+
77 rows in set (0.0013 sec)

 MySQL  localhost:3306  northwind  SQL > show tables;
+----------------------+
| Tables_in_northwind  |
+----------------------+
| account              |
| categories           |
| customercustomerdemo |
| customerdemographics |
| customers            |
| empleados            |
| employees            |
| employeeterritories  |
| lista_empleados      |
| lista_empleados_a    |
| mi_rfc               |
| nombre_cliente       |
| orderdetails         |
| orders               |
| pagos_empleados      |
| personas             |
| products             |
| prueba2              |
| region               |
| rfc_gringos          |
| shippers             |
| suppliers            |
| territories          |
| ventas_producto      |
+----------------------+
24 rows in set (0.0009 sec)

 MySQL  localhost:3306  northwind  SQL > desc orders;
+----------------+---------------+------+-----+---------+----------------+
| Field          | Type          | Null | Key | Default | Extra          |
+----------------+---------------+------+-----+---------+----------------+
| OrderID        | int(11)       | NO   | PRI | NULL    | auto_increment |
| CustomerID     | varchar(5)    | YES  | MUL | NULL    |                |
| EmployeeID     | int(11)       | YES  | MUL | NULL    |                |
| OrderDate      | datetime      | YES  | MUL | NULL    |                |
| RequiredDate   | datetime      | YES  |     | NULL    |                |
| ShippedDate    | datetime      | YES  | MUL | NULL    |                |
| ShipVia        | int(11)       | YES  | MUL | NULL    |                |
| Freight        | decimal(10,4) | YES  |     | 0.0000  |                |
| ShipName       | varchar(40)   | YES  |     | NULL    |                |
| ShipAddress    | varchar(60)   | YES  |     | NULL    |                |
| ShipCity       | varchar(15)   | YES  |     | NULL    |                |
| ShipRegion     | varchar(15)   | YES  |     | NULL    |                |
| ShipPostalCode | varchar(10)   | YES  | MUL | NULL    |                |
| ShipCountry    | varchar(15)   | YES  |     | NULL    |                |
+----------------+---------------+------+-----+---------+----------------+
14 rows in set (0.0010 sec)

 MySQL  localhost:3306  northwind  SQL > desc orderdetails;
+-----------+---------------+------+-----+---------+-------+
| Field     | Type          | Null | Key | Default | Extra |
+-----------+---------------+------+-----+---------+-------+
| OrderID   | int(11)       | NO   | PRI | NULL    |       |
| ProductID | int(11)       | NO   | PRI | NULL    |       |
| UnitPrice | decimal(10,4) | NO   |     | 0.0000  |       |
| Quantity  | smallint(2)   | NO   |     | 1       |       |
| Discount  | double(8,0)   | NO   |     | 0       |       |
+-----------+---------------+------+-----+---------+-------+
5 rows in set (0.0006 sec)

 MySQL  localhost:3306  northwind  SQL > select orderid, customerid, employeeid from orders;
+---------+------------+------------+
| orderid | customerid | employeeid |
+---------+------------+------------+
|   10248 | VINET      |          5 |
|   10249 | TOMSP      |          6 |
|   10250 | HANAR      |          4 |
|   10251 | VICTE      |          3 |
|   10252 | SUPRD      |          4 |
|   10253 | HANAR      |          3 |
|   10254 | CHOPS      |          5 |
|   10255 | RICSU      |          9 |
|   10256 | WELLI      |          3 |
|   10257 | HILAA      |          4 |
|   10258 | ERNSH      |          1 |
|   10259 | CENTC      |          4 |
|   10260 | OTTIK      |          4 |
|   10261 | QUEDE      |          4 |
|   10262 | RATTC      |          8 |
|   10263 | ERNSH      |          9 |
|   10264 | FOLKO      |          6 |
|   10265 | BLONP      |          2 |
|   10266 | WARTH      |          3 |
|   10267 | FRANK      |          4 |
|   10268 | GROSR      |          8 |
|   10269 | WHITC      |          5 |
|   10270 | WARTH      |          1 |
|   10271 | SPLIR      |          6 |
|   10272 | RATTC      |          6 |
|   10273 | QUICK      |          3 |
|   10274 | VINET      |          6 |
|   10275 | MAGAA      |          1 |
|   10276 | TORTU      |          8 |
|   10277 | MORGK      |          2 |
|   10278 | BERGS      |          8 |
|   10279 | LEHMS      |          8 |
|   10280 | BERGS      |          2 |
|   10281 | ROMEY      |          4 |
|   10282 | ROMEY      |          4 |
|   10283 | LILAS      |          3 |
|   10284 | LEHMS      |          4 |
|   10285 | QUICK      |          1 |
|   10286 | QUICK      |          8 |
|   10287 | RICAR      |          8 |
|   10288 | REGGC      |          4 |
|   10289 | BSBEV      |          7 |
|   10290 | COMMI      |          8 |
|   10291 | QUEDE      |          6 |
|   10292 | TRADH      |          1 |
|   10293 | TORTU      |          1 |
|   10294 | RATTC      |          4 |
|   10295 | VINET      |          2 |
|   10296 | LILAS      |          6 |
|   10297 | BLONP      |          5 |
|   10298 | HUNGO      |          6 |
|   10299 | RICAR      |          4 |
|   10300 | MAGAA      |          2 |
|   10301 | WANDK      |          8 |
|   10302 | SUPRD      |          4 |
|   10303 | GODOS      |          7 |
|   10304 | TORTU      |          1 |
|   10305 | OLDWO      |          8 |
|   10306 | ROMEY      |          1 |
|   10307 | LONEP      |          2 |
|   10308 | ANATR      |          7 |
|   10309 | HUNGO      |          3 |
|   10310 | THEBI      |          8 |
|   10311 | DUMON      |          1 |
|   10312 | WANDK      |          2 |
|   10313 | QUICK      |          2 |
|   10314 | RATTC      |          1 |
|   10315 | ISLAT      |          4 |
|   10316 | RATTC      |          1 |
|   10317 | LONEP      |          6 |
|   10318 | ISLAT      |          8 |
|   10319 | TORTU      |          7 |
|   10320 | WARTH      |          5 |
|   10321 | ISLAT      |          3 |
|   10322 | PERIC      |          7 |
|   10323 | KOENE      |          4 |
|   10324 | SAVEA      |          9 |
|   10325 | KOENE      |          1 |
|   10326 | BOLID      |          4 |
|   10327 | FOLKO      |          2 |
|   10328 | FURIB      |          4 |
|   10329 | SPLIR      |          4 |
|   10330 | LILAS      |          3 |
|   10331 | BONAP      |          9 |
|   10332 | MEREP      |          3 |
|   10333 | WARTH      |          5 |
|   10334 | VICTE      |          8 |
|   10335 | HUNGO      |          7 |
|   10336 | PRINI      |          7 |
|   10337 | FRANK      |          4 |
|   10338 | OLDWO      |          4 |
|   10339 | MEREP      |          2 |
|   10340 | BONAP      |          1 |
|   10341 | SIMOB      |          7 |
|   10342 | FRANK      |          4 |
|   10343 | LEHMS      |          4 |
|   10344 | WHITC      |          4 |
|   10345 | QUICK      |          2 |
|   10346 | RATTC      |          3 |
|   10347 | FAMIA      |          4 |
|   10348 | WANDK      |          4 |
|   10349 | SPLIR      |          7 |
|   10350 | LAMAI      |          6 |
|   10351 | ERNSH      |          1 |
|   10352 | FURIB      |          3 |
|   10353 | PICCO      |          7 |
|   10354 | PERIC      |          8 |
|   10355 | AROUT      |          6 |
|   10356 | WANDK      |          6 |
|   10357 | LILAS      |          1 |
|   10358 | LAMAI      |          5 |
|   10359 | SEVES      |          5 |
|   10360 | BLONP      |          4 |
|   10361 | QUICK      |          1 |
|   10362 | BONAP      |          3 |
|   10363 | DRACD      |          4 |
|   10364 | EASTC      |          1 |
|   10365 | ANTON      |          3 |
|   10366 | GALED      |          8 |
|   10367 | VAFFE      |          7 |
|   10368 | ERNSH      |          2 |
|   10369 | SPLIR      |          8 |
|   10370 | CHOPS      |          6 |
|   10371 | LAMAI      |          1 |
|   10372 | QUEEN      |          5 |
|   10373 | HUNGO      |          4 |
|   10374 | WOLZA      |          1 |
|   10375 | HUNGC      |          3 |
|   10376 | MEREP      |          1 |
|   10377 | SEVES      |          1 |
|   10378 | FOLKO      |          5 |
|   10379 | QUEDE      |          2 |
|   10380 | HUNGO      |          8 |
|   10381 | LILAS      |          3 |
|   10382 | ERNSH      |          4 |
|   10383 | AROUT      |          8 |
|   10384 | BERGS      |          3 |
|   10385 | SPLIR      |          1 |
|   10386 | FAMIA      |          9 |
|   10387 | SANTG      |          1 |
|   10388 | SEVES      |          2 |
|   10389 | BOTTM      |          4 |
|   10390 | ERNSH      |          6 |
|   10391 | DRACD      |          3 |
|   10392 | PICCO      |          2 |
|   10393 | SAVEA      |          1 |
|   10394 | HUNGC      |          1 |
|   10395 | HILAA      |          6 |
|   10396 | FRANK      |          1 |
|   10397 | PRINI      |          5 |
|   10398 | SAVEA      |          2 |
|   10399 | VAFFE      |          8 |
|   10400 | EASTC      |          1 |
|   10401 | RATTC      |          1 |
|   10402 | ERNSH      |          8 |
|   10403 | ERNSH      |          4 |
|   10404 | MAGAA      |          2 |
|   10405 | LINOD      |          1 |
|   10406 | QUEEN      |          7 |
|   10407 | OTTIK      |          2 |
|   10408 | FOLIG      |          8 |
|   10409 | OCEAN      |          3 |
|   10410 | BOTTM      |          3 |
|   10411 | BOTTM      |          9 |
|   10412 | WARTH      |          8 |
|   10413 | LAMAI      |          3 |
|   10414 | FAMIA      |          2 |
|   10415 | HUNGC      |          3 |
|   10416 | WARTH      |          8 |
|   10417 | SIMOB      |          4 |
|   10418 | QUICK      |          4 |
|   10419 | RICSU      |          4 |
|   10420 | WELLI      |          3 |
|   10421 | QUEDE      |          8 |
|   10422 | FRANS      |          2 |
|   10423 | GOURL      |          6 |
|   10424 | MEREP      |          7 |
|   10425 | LAMAI      |          6 |
|   10426 | GALED      |          4 |
|   10427 | PICCO      |          4 |
|   10428 | REGGC      |          7 |
|   10429 | HUNGO      |          3 |
|   10430 | ERNSH      |          4 |
|   10431 | BOTTM      |          4 |
|   10432 | SPLIR      |          3 |
|   10433 | PRINI      |          3 |
|   10434 | FOLKO      |          3 |
|   10435 | CONSH      |          8 |
|   10436 | BLONP      |          3 |
|   10437 | WARTH      |          8 |
|   10438 | TOMSP      |          3 |
|   10439 | MEREP      |          6 |
|   10440 | SAVEA      |          4 |
|   10441 | OLDWO      |          3 |
|   10442 | ERNSH      |          3 |
|   10443 | REGGC      |          8 |
|   10444 | BERGS      |          3 |
|   10445 | BERGS      |          3 |
|   10446 | TOMSP      |          6 |
|   10447 | RICAR      |          4 |
|   10448 | RANCH      |          4 |
|   10449 | BLONP      |          3 |
|   10450 | VICTE      |          8 |
|   10451 | QUICK      |          4 |
|   10452 | SAVEA      |          8 |
|   10453 | AROUT      |          1 |
|   10454 | LAMAI      |          4 |
|   10455 | WARTH      |          8 |
|   10456 | KOENE      |          8 |
|   10457 | KOENE      |          2 |
|   10458 | SUPRD      |          7 |
|   10459 | VICTE      |          4 |
|   10460 | FOLKO      |          8 |
|   10461 | LILAS      |          1 |
|   10462 | CONSH      |          2 |
|   10463 | SUPRD      |          5 |
|   10464 | FURIB      |          4 |
|   10465 | VAFFE      |          1 |
|   10466 | COMMI      |          4 |
|   10467 | MAGAA      |          8 |
|   10468 | KOENE      |          3 |
|   10469 | WHITC      |          1 |
|   10470 | BONAP      |          4 |
|   10471 | BSBEV      |          2 |
|   10472 | SEVES      |          8 |
|   10473 | ISLAT      |          1 |
|   10474 | PERIC      |          5 |
|   10475 | SUPRD      |          9 |
|   10476 | HILAA      |          8 |
|   10477 | PRINI      |          5 |
|   10478 | VICTE      |          2 |
|   10479 | RATTC      |          3 |
|   10480 | FOLIG      |          6 |
|   10481 | RICAR      |          8 |
|   10482 | LAZYK      |          1 |
|   10483 | WHITC      |          7 |
|   10484 | BSBEV      |          3 |
|   10485 | LINOD      |          4 |
|   10486 | HILAA      |          1 |
|   10487 | QUEEN      |          2 |
|   10488 | FRANK      |          8 |
|   10489 | PICCO      |          6 |
|   10490 | HILAA      |          7 |
|   10491 | FURIB      |          8 |
|   10492 | BOTTM      |          3 |
|   10493 | LAMAI      |          4 |
|   10494 | COMMI      |          4 |
|   10495 | LAUGB      |          3 |
|   10496 | TRADH      |          7 |
|   10497 | LEHMS      |          7 |
|   10498 | HILAA      |          8 |
|   10499 | LILAS      |          4 |
|   10500 | LAMAI      |          6 |
|   10501 | BLAUS      |          9 |
|   10502 | PERIC      |          2 |
|   10503 | HUNGO      |          6 |
|   10504 | WHITC      |          4 |
|   10505 | MEREP      |          3 |
|   10506 | KOENE      |          9 |
|   10507 | ANTON      |          7 |
|   10508 | OTTIK      |          1 |
|   10509 | BLAUS      |          4 |
|   10510 | SAVEA      |          6 |
|   10511 | BONAP      |          4 |
|   10512 | FAMIA      |          7 |
|   10513 | WANDK      |          7 |
|   10514 | ERNSH      |          3 |
|   10515 | QUICK      |          2 |
|   10516 | HUNGO      |          2 |
|   10517 | NORTS      |          3 |
|   10518 | TORTU      |          4 |
|   10519 | CHOPS      |          6 |
|   10520 | SANTG      |          7 |
|   10521 | CACTU      |          8 |
|   10522 | LEHMS      |          4 |
|   10523 | SEVES      |          7 |
|   10524 | BERGS      |          1 |
|   10525 | BONAP      |          1 |
|   10526 | WARTH      |          4 |
|   10527 | QUICK      |          7 |
|   10528 | GREAL      |          6 |
|   10529 | MAISD      |          5 |
|   10530 | PICCO      |          3 |
|   10531 | OCEAN      |          7 |
|   10532 | EASTC      |          7 |
|   10533 | FOLKO      |          8 |
|   10534 | LEHMS      |          8 |
|   10535 | ANTON      |          4 |
|   10536 | LEHMS      |          3 |
|   10537 | RICSU      |          1 |
|   10538 | BSBEV      |          9 |
|   10539 | BSBEV      |          6 |
|   10540 | QUICK      |          3 |
|   10541 | HANAR      |          2 |
|   10542 | KOENE      |          1 |
|   10543 | LILAS      |          8 |
|   10544 | LONEP      |          4 |
|   10545 | LAZYK      |          8 |
|   10546 | VICTE      |          1 |
|   10547 | SEVES      |          3 |
|   10548 | TOMSP      |          3 |
|   10549 | QUICK      |          5 |
|   10550 | GODOS      |          7 |
|   10551 | FURIB      |          4 |
|   10552 | HILAA      |          2 |
|   10553 | WARTH      |          2 |
|   10554 | OTTIK      |          4 |
|   10555 | SAVEA      |          6 |
|   10556 | SIMOB      |          2 |
|   10557 | LEHMS      |          9 |
|   10558 | AROUT      |          1 |
|   10559 | BLONP      |          6 |
|   10560 | FRANK      |          8 |
|   10561 | FOLKO      |          2 |
|   10562 | REGGC      |          1 |
|   10563 | RICAR      |          2 |
|   10564 | RATTC      |          4 |
|   10565 | MEREP      |          8 |
|   10566 | BLONP      |          9 |
|   10567 | HUNGO      |          1 |
|   10568 | GALED      |          3 |
|   10569 | RATTC      |          5 |
|   10570 | MEREP      |          3 |
|   10571 | ERNSH      |          8 |
|   10572 | BERGS      |          3 |
|   10573 | ANTON      |          7 |
|   10574 | TRAIH      |          4 |
|   10575 | MORGK      |          5 |
|   10576 | TORTU      |          3 |
|   10577 | TRAIH      |          9 |
|   10578 | BSBEV      |          4 |
|   10579 | LETSS      |          1 |
|   10580 | OTTIK      |          4 |
|   10581 | FAMIA      |          3 |
|   10582 | BLAUS      |          3 |
|   10583 | WARTH      |          2 |
|   10584 | BLONP      |          4 |
|   10585 | WELLI      |          7 |
|   10586 | REGGC      |          9 |
|   10587 | QUEDE      |          1 |
|   10588 | QUICK      |          2 |
|   10589 | GREAL      |          8 |
|   10590 | MEREP      |          4 |
|   10591 | VAFFE      |          1 |
|   10592 | LEHMS      |          3 |
|   10593 | LEHMS      |          7 |
|   10594 | OLDWO      |          3 |
|   10595 | ERNSH      |          2 |
|   10596 | WHITC      |          8 |
|   10597 | PICCO      |          7 |
|   10598 | RATTC      |          1 |
|   10599 | BSBEV      |          6 |
|   10600 | HUNGC      |          4 |
|   10601 | HILAA      |          7 |
|   10602 | VAFFE      |          8 |
|   10603 | SAVEA      |          8 |
|   10604 | FURIB      |          1 |
|   10605 | MEREP      |          1 |
|   10606 | TRADH      |          4 |
|   10607 | SAVEA      |          5 |
|   10608 | TOMSP      |          4 |
|   10609 | DUMON      |          7 |
|   10610 | LAMAI      |          8 |
|   10611 | WOLZA      |          6 |
|   10612 | SAVEA      |          1 |
|   10613 | HILAA      |          4 |
|   10614 | BLAUS      |          8 |
|   10615 | WILMK      |          2 |
|   10616 | GREAL      |          1 |
|   10617 | GREAL      |          4 |
|   10618 | MEREP      |          1 |
|   10619 | MEREP      |          3 |
|   10620 | LAUGB      |          2 |
|   10621 | ISLAT      |          4 |
|   10622 | RICAR      |          4 |
|   10623 | FRANK      |          8 |
|   10624 | THECR      |          4 |
|   10625 | ANATR      |          3 |
|   10626 | BERGS      |          1 |
|   10627 | SAVEA      |          8 |
|   10628 | BLONP      |          4 |
|   10629 | GODOS      |          4 |
|   10630 | KOENE      |          1 |
|   10631 | LAMAI      |          8 |
|   10632 | WANDK      |          8 |
|   10633 | ERNSH      |          7 |
|   10634 | FOLIG      |          4 |
|   10635 | MAGAA      |          8 |
|   10636 | WARTH      |          4 |
|   10637 | QUEEN      |          6 |
|   10638 | LINOD      |          3 |
|   10639 | SANTG      |          7 |
|   10640 | WANDK      |          4 |
|   10641 | HILAA      |          4 |
|   10642 | SIMOB      |          7 |
|   10643 | ALFKI      |          6 |
|   10644 | WELLI      |          3 |
|   10645 | HANAR      |          4 |
|   10646 | HUNGO      |          9 |
|   10647 | QUEDE      |          4 |
|   10648 | RICAR      |          5 |
|   10649 | MAISD      |          5 |
|   10650 | FAMIA      |          5 |
|   10651 | WANDK      |          8 |
|   10652 | GOURL      |          4 |
|   10653 | FRANK      |          1 |
|   10654 | BERGS      |          5 |
|   10655 | REGGC      |          1 |
|   10656 | GREAL      |          6 |
|   10657 | SAVEA      |          2 |
|   10658 | QUICK      |          4 |
|   10659 | QUEEN      |          7 |
|   10660 | HUNGC      |          8 |
|   10661 | HUNGO      |          7 |
|   10662 | LONEP      |          3 |
|   10663 | BONAP      |          2 |
|   10664 | FURIB      |          1 |
|   10665 | LONEP      |          1 |
|   10666 | RICSU      |          7 |
|   10667 | ERNSH      |          7 |
|   10668 | WANDK      |          1 |
|   10669 | SIMOB      |          2 |
|   10670 | FRANK      |          4 |
|   10671 | FRANR      |          1 |
|   10672 | BERGS      |          9 |
|   10673 | WILMK      |          2 |
|   10674 | ISLAT      |          4 |
|   10675 | FRANK      |          5 |
|   10676 | TORTU      |          2 |
|   10677 | ANTON      |          1 |
|   10678 | SAVEA      |          7 |
|   10679 | BLONP      |          8 |
|   10680 | OLDWO      |          1 |
|   10681 | GREAL      |          3 |
|   10682 | ANTON      |          3 |
|   10683 | DUMON      |          2 |
|   10684 | OTTIK      |          3 |
|   10685 | GOURL      |          4 |
|   10686 | PICCO      |          2 |
|   10687 | HUNGO      |          9 |
|   10688 | VAFFE      |          4 |
|   10689 | BERGS      |          1 |
|   10690 | HANAR      |          1 |
|   10691 | QUICK      |          2 |
|   10692 | ALFKI      |          4 |
|   10693 | WHITC      |          3 |
|   10694 | QUICK      |          8 |
|   10695 | WILMK      |          7 |
|   10696 | WHITC      |          8 |
|   10697 | LINOD      |          3 |
|   10698 | ERNSH      |          4 |
|   10699 | MORGK      |          3 |
|   10700 | SAVEA      |          3 |
|   10701 | HUNGO      |          6 |
|   10702 | ALFKI      |          4 |
|   10703 | FOLKO      |          6 |
|   10704 | QUEEN      |          6 |
|   10705 | HILAA      |          9 |
|   10706 | OLDWO      |          8 |
|   10707 | AROUT      |          4 |
|   10708 | THEBI      |          6 |
|   10709 | GOURL      |          1 |
|   10710 | FRANS      |          1 |
|   10711 | SAVEA      |          5 |
|   10712 | HUNGO      |          3 |
|   10713 | SAVEA      |          1 |
|   10714 | SAVEA      |          5 |
|   10715 | BONAP      |          3 |
|   10716 | RANCH      |          4 |
|   10717 | FRANK      |          1 |
|   10718 | KOENE      |          1 |
|   10719 | LETSS      |          8 |
|   10720 | QUEDE      |          8 |
|   10721 | QUICK      |          5 |
|   10722 | SAVEA      |          8 |
|   10723 | WHITC      |          3 |
|   10724 | MEREP      |          8 |
|   10725 | FAMIA      |          4 |
|   10726 | EASTC      |          4 |
|   10727 | REGGC      |          2 |
|   10728 | QUEEN      |          4 |
|   10729 | LINOD      |          8 |
|   10730 | BONAP      |          5 |
|   10731 | CHOPS      |          7 |
|   10732 | BONAP      |          3 |
|   10733 | BERGS      |          1 |
|   10734 | GOURL      |          2 |
|   10735 | LETSS      |          6 |
|   10736 | HUNGO      |          9 |
|   10737 | VINET      |          2 |
|   10738 | SPECD      |          2 |
|   10739 | VINET      |          3 |
|   10740 | WHITC      |          4 |
|   10741 | AROUT      |          4 |
|   10742 | BOTTM      |          3 |
|   10743 | AROUT      |          1 |
|   10744 | VAFFE      |          6 |
|   10745 | QUICK      |          9 |
|   10746 | CHOPS      |          1 |
|   10747 | PICCO      |          6 |
|   10748 | SAVEA      |          3 |
|   10749 | ISLAT      |          4 |
|   10750 | WARTH      |          9 |
|   10751 | RICSU      |          3 |
|   10752 | NORTS      |          2 |
|   10753 | FRANS      |          3 |
|   10754 | MAGAA      |          6 |
|   10755 | BONAP      |          4 |
|   10756 | SPLIR      |          8 |
|   10757 | SAVEA      |          6 |
|   10758 | RICSU      |          3 |
|   10759 | ANATR      |          3 |
|   10760 | MAISD      |          4 |
|   10761 | RATTC      |          5 |
|   10762 | FOLKO      |          3 |
|   10763 | FOLIG      |          3 |
|   10764 | ERNSH      |          6 |
|   10765 | QUICK      |          3 |
|   10766 | OTTIK      |          4 |
|   10767 | SUPRD      |          4 |
|   10768 | AROUT      |          3 |
|   10769 | VAFFE      |          3 |
|   10770 | HANAR      |          8 |
|   10771 | ERNSH      |          9 |
|   10772 | LEHMS      |          3 |
|   10773 | ERNSH      |          1 |
|   10774 | FOLKO      |          4 |
|   10775 | THECR      |          7 |
|   10776 | ERNSH      |          1 |
|   10777 | GOURL      |          7 |
|   10778 | BERGS      |          3 |
|   10779 | MORGK      |          3 |
|   10780 | LILAS      |          2 |
|   10781 | WARTH      |          2 |
|   10782 | CACTU      |          9 |
|   10783 | HANAR      |          4 |
|   10784 | MAGAA      |          4 |
|   10785 | GROSR      |          1 |
|   10786 | QUEEN      |          8 |
|   10787 | LAMAI      |          2 |
|   10788 | QUICK      |          1 |
|   10789 | FOLIG      |          1 |
|   10790 | GOURL      |          6 |
|   10791 | FRANK      |          6 |
|   10792 | WOLZA      |          1 |
|   10793 | AROUT      |          3 |
|   10794 | QUEDE      |          6 |
|   10795 | ERNSH      |          8 |
|   10796 | HILAA      |          3 |
|   10797 | DRACD      |          7 |
|   10798 | ISLAT      |          2 |
|   10799 | KOENE      |          9 |
|   10800 | SEVES      |          1 |
|   10801 | BOLID      |          4 |
|   10802 | SIMOB      |          4 |
|   10803 | WELLI      |          4 |
|   10804 | SEVES      |          6 |
|   10805 | THEBI      |          2 |
|   10806 | VICTE      |          3 |
|   10807 | FRANS      |          4 |
|   10808 | OLDWO      |          2 |
|   10809 | WELLI      |          7 |
|   10810 | LAUGB      |          2 |
|   10811 | LINOD      |          8 |
|   10812 | REGGC      |          5 |
|   10813 | RICAR      |          1 |
|   10814 | VICTE      |          3 |
|   10815 | SAVEA      |          2 |
|   10816 | GREAL      |          4 |
|   10817 | KOENE      |          3 |
|   10818 | MAGAA      |          7 |
|   10819 | CACTU      |          2 |
|   10820 | RATTC      |          3 |
|   10821 | SPLIR      |          1 |
|   10822 | TRAIH      |          6 |
|   10823 | LILAS      |          5 |
|   10824 | FOLKO      |          8 |
|   10825 | DRACD      |          1 |
|   10826 | BLONP      |          6 |
|   10827 | BONAP      |          1 |
|   10828 | RANCH      |          9 |
|   10829 | ISLAT      |          9 |
|   10830 | TRADH      |          4 |
|   10831 | SANTG      |          3 |
|   10832 | LAMAI      |          2 |
|   10833 | OTTIK      |          6 |
|   10834 | TRADH      |          1 |
|   10835 | ALFKI      |          1 |
|   10836 | ERNSH      |          7 |
|   10837 | BERGS      |          9 |
|   10838 | LINOD      |          3 |
|   10839 | TRADH      |          3 |
|   10840 | LINOD      |          4 |
|   10841 | SUPRD      |          5 |
|   10842 | TORTU      |          1 |
|   10843 | VICTE      |          4 |
|   10844 | PICCO      |          8 |
|   10845 | QUICK      |          8 |
|   10846 | SUPRD      |          2 |
|   10847 | SAVEA      |          4 |
|   10848 | CONSH      |          7 |
|   10849 | KOENE      |          9 |
|   10850 | VICTE      |          1 |
|   10851 | RICAR      |          5 |
|   10852 | RATTC      |          8 |
|   10853 | BLAUS      |          9 |
|   10854 | ERNSH      |          3 |
|   10855 | OLDWO      |          3 |
|   10856 | ANTON      |          3 |
|   10857 | BERGS      |          8 |
|   10858 | LACOR      |          2 |
|   10859 | FRANK      |          1 |
|   10860 | FRANR      |          3 |
|   10861 | WHITC      |          4 |
|   10862 | LEHMS      |          8 |
|   10863 | HILAA      |          4 |
|   10864 | AROUT      |          4 |
|   10865 | QUICK      |          2 |
|   10866 | BERGS      |          5 |
|   10867 | LONEP      |          6 |
|   10868 | QUEEN      |          7 |
|   10869 | SEVES      |          5 |
|   10870 | WOLZA      |          5 |
|   10871 | BONAP      |          9 |
|   10872 | GODOS      |          5 |
|   10873 | WILMK      |          4 |
|   10874 | GODOS      |          5 |
|   10875 | BERGS      |          4 |
|   10876 | BONAP      |          7 |
|   10877 | RICAR      |          1 |
|   10878 | QUICK      |          4 |
|   10879 | WILMK      |          3 |
|   10880 | FOLKO      |          7 |
|   10881 | CACTU      |          4 |
|   10882 | SAVEA      |          4 |
|   10883 | LONEP      |          8 |
|   10884 | LETSS      |          4 |
|   10885 | SUPRD      |          6 |
|   10886 | HANAR      |          1 |
|   10887 | GALED      |          8 |
|   10888 | GODOS      |          1 |
|   10889 | RATTC      |          9 |
|   10890 | DUMON      |          7 |
|   10891 | LEHMS      |          7 |
|   10892 | MAISD      |          4 |
|   10893 | KOENE      |          9 |
|   10894 | SAVEA      |          1 |
|   10895 | ERNSH      |          3 |
|   10896 | MAISD      |          7 |
|   10897 | HUNGO      |          3 |
|   10898 | OCEAN      |          4 |
|   10899 | LILAS      |          5 |
|   10900 | WELLI      |          1 |
|   10901 | HILAA      |          4 |
|   10902 | FOLKO      |          1 |
|   10903 | HANAR      |          3 |
|   10904 | WHITC      |          3 |
|   10905 | WELLI      |          9 |
|   10906 | WOLZA      |          4 |
|   10907 | SPECD      |          6 |
|   10908 | REGGC      |          4 |
|   10909 | SANTG      |          1 |
|   10910 | WILMK      |          1 |
|   10911 | GODOS      |          3 |
|   10912 | HUNGO      |          2 |
|   10913 | QUEEN      |          4 |
|   10914 | QUEEN      |          6 |
|   10915 | TORTU      |          2 |
|   10916 | RANCH      |          1 |
|   10917 | ROMEY      |          4 |
|   10918 | BOTTM      |          3 |
|   10919 | LINOD      |          2 |
|   10920 | AROUT      |          4 |
|   10921 | VAFFE      |          1 |
|   10922 | HANAR      |          5 |
|   10923 | LAMAI      |          7 |
|   10924 | BERGS      |          3 |
|   10925 | HANAR      |          3 |
|   10926 | ANATR      |          4 |
|   10927 | LACOR      |          4 |
|   10928 | GALED      |          1 |
|   10929 | FRANK      |          6 |
|   10930 | SUPRD      |          4 |
|   10931 | RICSU      |          4 |
|   10932 | BONAP      |          8 |
|   10933 | ISLAT      |          6 |
|   10934 | LEHMS      |          3 |
|   10935 | WELLI      |          4 |
|   10936 | GREAL      |          3 |
|   10937 | CACTU      |          7 |
|   10938 | QUICK      |          3 |
|   10939 | MAGAA      |          2 |
|   10940 | BONAP      |          8 |
|   10941 | SAVEA      |          7 |
|   10942 | REGGC      |          9 |
|   10943 | BSBEV      |          4 |
|   10944 | BOTTM      |          6 |
|   10945 | MORGK      |          4 |
|   10946 | VAFFE      |          1 |
|   10947 | BSBEV      |          3 |
|   10948 | GODOS      |          3 |
|   10949 | BOTTM      |          2 |
|   10950 | MAGAA      |          1 |
|   10951 | RICSU      |          9 |
|   10952 | ALFKI      |          1 |
|   10953 | AROUT      |          9 |
|   10954 | LINOD      |          5 |
|   10955 | FOLKO      |          8 |
|   10956 | BLAUS      |          6 |
|   10957 | HILAA      |          8 |
|   10958 | OCEAN      |          7 |
|   10959 | GOURL      |          6 |
|   10960 | HILAA      |          3 |
|   10961 | QUEEN      |          8 |
|   10962 | QUICK      |          8 |
|   10963 | FURIB      |          9 |
|   10964 | SPECD      |          3 |
|   10965 | OLDWO      |          6 |
|   10966 | CHOPS      |          4 |
|   10967 | TOMSP      |          2 |
|   10968 | ERNSH      |          1 |
|   10969 | COMMI      |          1 |
|   10970 | BOLID      |          9 |
|   10971 | FRANR      |          2 |
|   10972 | LACOR      |          4 |
|   10973 | LACOR      |          6 |
|   10974 | SPLIR      |          3 |
|   10975 | BOTTM      |          1 |
|   10976 | HILAA      |          1 |
|   10977 | FOLKO      |          8 |
|   10978 | MAISD      |          9 |
|   10979 | ERNSH      |          8 |
|   10980 | FOLKO      |          4 |
|   10981 | HANAR      |          1 |
|   10982 | BOTTM      |          2 |
|   10983 | SAVEA      |          2 |
|   10984 | SAVEA      |          1 |
|   10985 | HUNGO      |          2 |
|   10986 | OCEAN      |          8 |
|   10987 | EASTC      |          8 |
|   10988 | RATTC      |          3 |
|   10989 | QUEDE      |          2 |
|   10990 | ERNSH      |          2 |
|   10991 | QUICK      |          1 |
|   10992 | THEBI      |          1 |
|   10993 | FOLKO      |          7 |
|   10994 | VAFFE      |          2 |
|   10995 | PERIC      |          1 |
|   10996 | QUICK      |          4 |
|   10997 | LILAS      |          8 |
|   10998 | WOLZA      |          8 |
|   10999 | OTTIK      |          6 |
|   11000 | RATTC      |          2 |
|   11001 | FOLKO      |          2 |
|   11002 | SAVEA      |          4 |
|   11003 | THECR      |          3 |
|   11004 | MAISD      |          3 |
|   11005 | WILMK      |          2 |
|   11006 | GREAL      |          3 |
|   11007 | PRINI      |          8 |
|   11008 | ERNSH      |          7 |
|   11009 | GODOS      |          2 |
|   11010 | REGGC      |          2 |
|   11011 | ALFKI      |          3 |
|   11012 | FRANK      |          1 |
|   11013 | ROMEY      |          2 |
|   11014 | LINOD      |          2 |
|   11015 | SANTG      |          2 |
|   11016 | AROUT      |          9 |
|   11017 | ERNSH      |          9 |
|   11018 | LONEP      |          4 |
|   11019 | RANCH      |          6 |
|   11020 | OTTIK      |          2 |
|   11021 | QUICK      |          3 |
|   11022 | HANAR      |          9 |
|   11023 | BSBEV      |          1 |
|   11024 | EASTC      |          4 |
|   11025 | WARTH      |          6 |
|   11026 | FRANS      |          4 |
|   11027 | BOTTM      |          1 |
|   11028 | KOENE      |          2 |
|   11029 | CHOPS      |          4 |
|   11030 | SAVEA      |          7 |
|   11031 | SAVEA      |          6 |
|   11032 | WHITC      |          2 |
|   11033 | RICSU      |          7 |
|   11034 | OLDWO      |          8 |
|   11035 | SUPRD      |          2 |
|   11036 | DRACD      |          8 |
|   11037 | GODOS      |          7 |
|   11038 | SUPRD      |          1 |
|   11039 | LINOD      |          1 |
|   11040 | GREAL      |          4 |
|   11041 | CHOPS      |          3 |
|   11042 | COMMI      |          2 |
|   11043 | SPECD      |          5 |
|   11044 | WOLZA      |          4 |
|   11045 | BOTTM      |          6 |
|   11046 | WANDK      |          8 |
|   11047 | EASTC      |          7 |
|   11048 | BOTTM      |          7 |
|   11049 | GOURL      |          3 |
|   11050 | FOLKO      |          8 |
|   11051 | LAMAI      |          7 |
|   11052 | HANAR      |          3 |
|   11053 | PICCO      |          2 |
|   11054 | CACTU      |          8 |
|   11055 | HILAA      |          7 |
|   11056 | EASTC      |          8 |
|   11057 | NORTS      |          3 |
|   11058 | BLAUS      |          9 |
|   11059 | RICAR      |          2 |
|   11060 | FRANS      |          2 |
|   11061 | GREAL      |          4 |
|   11062 | REGGC      |          4 |
|   11063 | HUNGO      |          3 |
|   11064 | SAVEA      |          1 |
|   11065 | LILAS      |          8 |
|   11066 | WHITC      |          7 |
|   11067 | DRACD      |          1 |
|   11068 | QUEEN      |          8 |
|   11069 | TORTU      |          1 |
|   11070 | LEHMS      |          2 |
|   11071 | LILAS      |          1 |
|   11072 | ERNSH      |          4 |
|   11073 | PERIC      |          2 |
|   11074 | SIMOB      |          7 |
|   11075 | RICSU      |          8 |
|   11076 | BONAP      |          4 |
|   11077 | RATTC      |          1 |
+---------+------------+------------+
830 rows in set (0.0009 sec)

 MySQL  localhost:3306  northwind  SQL > select orderid, customerid, employeeid from orders limit 30;
+---------+------------+------------+
| orderid | customerid | employeeid |
+---------+------------+------------+
|   10248 | VINET      |          5 |
|   10249 | TOMSP      |          6 |
|   10250 | HANAR      |          4 |
|   10251 | VICTE      |          3 |
|   10252 | SUPRD      |          4 |
|   10253 | HANAR      |          3 |
|   10254 | CHOPS      |          5 |
|   10255 | RICSU      |          9 |
|   10256 | WELLI      |          3 |
|   10257 | HILAA      |          4 |
|   10258 | ERNSH      |          1 |
|   10259 | CENTC      |          4 |
|   10260 | OTTIK      |          4 |
|   10261 | QUEDE      |          4 |
|   10262 | RATTC      |          8 |
|   10263 | ERNSH      |          9 |
|   10264 | FOLKO      |          6 |
|   10265 | BLONP      |          2 |
|   10266 | WARTH      |          3 |
|   10267 | FRANK      |          4 |
|   10268 | GROSR      |          8 |
|   10269 | WHITC      |          5 |
|   10270 | WARTH      |          1 |
|   10271 | SPLIR      |          6 |
|   10272 | RATTC      |          6 |
|   10273 | QUICK      |          3 |
|   10274 | VINET      |          6 |
|   10275 | MAGAA      |          1 |
|   10276 | TORTU      |          8 |
|   10277 | MORGK      |          2 |
+---------+------------+------------+
30 rows in set (0.0004 sec)

 MySQL  localhost:3306  northwind  SQL > select a.orderid, b.customerid, c.employeeid
                                     ... from orders a
                                     ... inner join customername ;
ERROR: 1146 (42S02): Table 'northwind.customername' doesn't exist

 MySQL  localhost:3306  northwind  SQL > select a.orderid, b.companyname, c.firstname
                                     ... from orders a
                                     ... inner join customers b on a.customerid = b.customerid
                                     ... inner join employees c on a.employeeid = c.employeeid limit 20;
+---------+------------------------------+-----------+
| orderid | companyname                  | firstname |
+---------+------------------------------+-----------+
|   10258 | Ernst Handel                 | Nancy     |
|   10270 | Wartian Herkku               | Nancy     |
|   10275 | Magazzini Alimentari Riuniti | Nancy     |
|   10285 | QUICK-Stop                   | Nancy     |
|   10292 | Tradio Hipermercados         | Nancy     |
|   10293 | Tortuga Restaurante          | Nancy     |
|   10304 | Tortuga Restaurante          | Nancy     |
|   10306 | Romero y tomillo             | Nancy     |
|   10311 | Du monde entier              | Nancy     |
|   10314 | Rattlesnake Canyon Grocery   | Nancy     |
|   10316 | Rattlesnake Canyon Grocery   | Nancy     |
|   10325 | Kniglich Essen               | Nancy     |
|   10340 | Bon app'                     | Nancy     |
|   10351 | Ernst Handel                 | Nancy     |
|   10357 | LILA-Supermercado            | Nancy     |
|   10361 | QUICK-Stop                   | Nancy     |
|   10364 | Eastern Connection           | Nancy     |
|   10371 | La maison d'Asie             | Nancy     |
|   10374 | Wolski  Zajazd               | Nancy     |
|   10376 | Mre Paillarde                | Nancy     |
+---------+------------------------------+-----------+
20 rows in set (0.0022 sec)

 MySQL  localhost:3306  northwind  SQL > desc orderdetails
                                     ... ;
+-----------+---------------+------+-----+---------+-------+
| Field     | Type          | Null | Key | Default | Extra |
+-----------+---------------+------+-----+---------+-------+
| OrderID   | int(11)       | NO   | PRI | NULL    |       |
| ProductID | int(11)       | NO   | PRI | NULL    |       |
| UnitPrice | decimal(10,4) | NO   |     | 0.0000  |       |
| Quantity  | smallint(2)   | NO   |     | 1       |       |
| Discount  | double(8,0)   | NO   |     | 0       |       |
+-----------+---------------+------+-----+---------+-------+
5 rows in set (0.0007 sec)

 MySQL  localhost:3306  northwind  SQL > select orderid, productid, (unitprice * quantity) as total from orderdetails;
+---------+-----------+------------+
| orderid | productid | total      |
+---------+-----------+------------+
|   10248 |        11 |   168.0000 |
|   10248 |        42 |    98.0000 |
|   10248 |        72 |   174.0000 |
|   10249 |        14 |   167.4000 |
|   10249 |        51 |  1696.0000 |
|   10250 |        41 |    77.0000 |
|   10250 |        51 |  1484.0000 |
|   10250 |        65 |   252.0000 |
|   10251 |        22 |   100.8000 |
|   10251 |        57 |   234.0000 |
|   10251 |        65 |   336.0000 |
|   10252 |        20 |  2592.0000 |
|   10252 |        33 |    50.0000 |
|   10252 |        60 |  1088.0000 |
|   10253 |        31 |   200.0000 |
|   10253 |        39 |   604.8000 |
|   10253 |        49 |   640.0000 |
|   10254 |        24 |    54.0000 |
|   10254 |        55 |   403.2000 |
|   10254 |        74 |   168.0000 |
|   10255 |         2 |   304.0000 |
|   10255 |        16 |   486.5000 |
|   10255 |        36 |   380.0000 |
|   10255 |        59 |  1320.0000 |
|   10256 |        53 |   393.0000 |
|   10256 |        77 |   124.8000 |
|   10257 |        27 |   877.5000 |
|   10257 |        39 |    86.4000 |
|   10257 |        77 |   156.0000 |
|   10258 |         2 |   760.0000 |
|   10258 |         5 |  1105.0000 |
|   10258 |        32 |   153.6000 |
|   10259 |        21 |    80.0000 |
|   10259 |        37 |    20.8000 |
|   10260 |        41 |   123.2000 |
|   10260 |        57 |   780.0000 |
|   10260 |        62 |   591.0000 |
|   10260 |        70 |   252.0000 |
|   10261 |        21 |   160.0000 |
|   10261 |        35 |   288.0000 |
|   10262 |         5 |   204.0000 |
|   10262 |         7 |   360.0000 |
|   10262 |        56 |    60.8000 |
|   10263 |        16 |   834.0000 |
|   10263 |        24 |   100.8000 |
|   10263 |        30 |  1242.0000 |
|   10263 |        74 |   288.0000 |
|   10264 |         2 |   532.0000 |
|   10264 |        41 |   192.5000 |
|   10265 |        17 |   936.0000 |
|   10265 |        70 |   240.0000 |
|   10266 |        12 |   364.8000 |
|   10267 |        40 |   735.0000 |
|   10267 |        59 |  3080.0000 |
|   10267 |        76 |   216.0000 |
|   10268 |        29 |   990.0000 |
|   10268 |        72 |   111.2000 |
|   10269 |        33 |   120.0000 |
|   10269 |        72 |   556.0000 |
|   10270 |        36 |   456.0000 |
|   10270 |        43 |   920.0000 |
|   10271 |        33 |    48.0000 |
|   10272 |        20 |   388.8000 |
|   10272 |        31 |   400.0000 |
|   10272 |        72 |   667.2000 |
|   10273 |        10 |   595.2000 |
|   10273 |        31 |   150.0000 |
|   10273 |        33 |    40.0000 |
|   10273 |        40 |   882.0000 |
|   10273 |        76 |   475.2000 |
|   10274 |        71 |   344.0000 |
|   10274 |        72 |   194.6000 |
|   10275 |        24 |    43.2000 |
|   10275 |        59 |   264.0000 |
|   10276 |        10 |   372.0000 |
|   10276 |        13 |    48.0000 |
|   10277 |        28 |   728.0000 |
|   10277 |        62 |   472.8000 |
|   10278 |        44 |   248.0000 |
|   10278 |        59 |   660.0000 |
|   10278 |        63 |   280.8000 |
|   10278 |        73 |   300.0000 |
|   10279 |        17 |   468.0000 |
|   10280 |        24 |    43.2000 |
|   10280 |        55 |   384.0000 |
|   10280 |        75 |   186.0000 |
|   10281 |        19 |     7.3000 |
|   10281 |        24 |    21.6000 |
|   10281 |        35 |    57.6000 |
|   10282 |        30 |   124.2000 |
|   10282 |        57 |    31.2000 |
|   10283 |        15 |   248.0000 |
|   10283 |        19 |   131.4000 |
|   10283 |        60 |   952.0000 |
|   10283 |        72 |    83.4000 |
|   10284 |        27 |   526.5000 |
|   10284 |        44 |   325.5000 |
|   10284 |        60 |   544.0000 |
|   10284 |        67 |    56.0000 |
|   10285 |         1 |   648.0000 |
|   10285 |        40 |   588.0000 |
|   10285 |        53 |   943.2000 |
|   10286 |        35 |  1440.0000 |
|   10286 |        62 |  1576.0000 |
|   10287 |        16 |   556.0000 |
|   10287 |        34 |   224.0000 |
|   10287 |        46 |   144.0000 |
|   10288 |        54 |    59.0000 |
|   10288 |        68 |    30.0000 |
|   10289 |         3 |   240.0000 |
|   10289 |        64 |   239.4000 |
|   10290 |         5 |   340.0000 |
|   10290 |        29 |  1485.0000 |
|   10290 |        49 |   240.0000 |
|   10290 |        77 |   104.0000 |
|   10291 |        13 |    96.0000 |
|   10291 |        44 |   372.0000 |
|   10291 |        51 |    84.8000 |
|   10292 |        20 |  1296.0000 |
|   10293 |        18 |   600.0000 |
|   10293 |        24 |    36.0000 |
|   10293 |        63 |   175.5000 |
|   10293 |        75 |    37.2000 |
|   10294 |         1 |   259.2000 |
|   10294 |        17 |   468.0000 |
|   10294 |        43 |   552.0000 |
|   10294 |        60 |   571.2000 |
|   10294 |        75 |    37.2000 |
|   10295 |        56 |   121.6000 |
|   10296 |        11 |   201.6000 |
|   10296 |        16 |   417.0000 |
|   10296 |        69 |   432.0000 |
|   10297 |        39 |   864.0000 |
|   10297 |        72 |   556.0000 |
|   10298 |         2 |   608.0000 |
|   10298 |        36 |   608.0000 |
|   10298 |        59 |  1320.0000 |
|   10298 |        62 |   591.0000 |
|   10299 |        19 |   109.5000 |
|   10299 |        70 |   240.0000 |
|   10300 |        66 |   408.0000 |
|   10300 |        68 |   200.0000 |
|   10301 |        40 |   147.0000 |
|   10301 |        56 |   608.0000 |
|   10302 |        17 |  1248.0000 |
|   10302 |        28 |  1019.2000 |
|   10302 |        43 |   441.6000 |
|   10303 |        40 |   588.0000 |
|   10303 |        65 |   504.0000 |
|   10303 |        68 |   150.0000 |
|   10304 |        49 |   480.0000 |
|   10304 |        59 |   440.0000 |
|   10304 |        71 |    34.4000 |
|   10305 |        18 |  1250.0000 |
|   10305 |        29 |  2475.0000 |
|   10305 |        39 |   432.0000 |
|   10306 |        30 |   207.0000 |
|   10306 |        53 |   262.0000 |
|   10306 |        54 |    29.5000 |
|   10307 |        62 |   394.0000 |
|   10307 |        68 |    30.0000 |
|   10308 |        69 |    28.8000 |
|   10308 |        70 |    60.0000 |
|   10309 |         4 |   352.0000 |
|   10309 |         6 |   600.0000 |
|   10309 |        42 |    22.4000 |
|   10309 |        43 |   736.0000 |
|   10309 |        71 |    51.6000 |
|   10310 |        16 |   139.0000 |
|   10310 |        62 |   197.0000 |
|   10311 |        42 |    67.2000 |
|   10311 |        69 |   201.6000 |
|   10312 |        28 |   145.6000 |
|   10312 |        43 |   883.2000 |
|   10312 |        53 |   524.0000 |
|   10312 |        75 |    62.0000 |
|   10313 |        36 |   182.4000 |
|   10314 |        32 |  1024.0000 |
|   10314 |        58 |   318.0000 |
|   10314 |        62 |   985.0000 |
|   10315 |        34 |   156.8000 |
|   10315 |        70 |   360.0000 |
|   10316 |        41 |    77.0000 |
|   10316 |        62 |  2758.0000 |
|   10317 |         1 |   288.0000 |
|   10318 |        41 |   154.0000 |
|   10318 |        76 |    86.4000 |
|   10319 |        17 |   249.6000 |
|   10319 |        28 |   509.6000 |
|   10319 |        76 |   432.0000 |
|   10320 |        71 |   516.0000 |
|   10321 |        35 |   144.0000 |
|   10322 |        52 |   112.0000 |
|   10323 |        15 |    62.0000 |
|   10323 |        25 |    44.8000 |
|   10323 |        39 |    57.6000 |
|   10324 |        16 |   291.9000 |
|   10324 |        35 |  1008.0000 |
|   10324 |        46 |   288.0000 |
|   10324 |        59 |  1760.0000 |
|   10324 |        63 |  2808.0000 |
|   10325 |         6 |   120.0000 |
|   10325 |        13 |    57.6000 |
|   10325 |        14 |   167.4000 |
|   10325 |        31 |    40.0000 |
|   10325 |        72 |  1112.0000 |
|   10326 |         4 |   422.4000 |
|   10326 |        57 |   249.6000 |
|   10326 |        75 |   310.0000 |
|   10327 |         2 |   380.0000 |
|   10327 |        11 |   840.0000 |
|   10327 |        30 |   724.5000 |
|   10327 |        58 |   318.0000 |
|   10328 |        59 |   396.0000 |
|   10328 |        65 |   672.0000 |
|   10328 |        68 |   100.0000 |
|   10329 |        19 |    73.0000 |
|   10329 |        30 |   165.6000 |
|   10329 |        38 |  4216.0000 |
|   10329 |        56 |   364.8000 |
|   10330 |        26 |  1245.0000 |
|   10330 |        72 |   695.0000 |
|   10331 |        54 |    88.5000 |
|   10332 |        18 |  2000.0000 |
|   10332 |        42 |   112.0000 |
|   10332 |        47 |   121.6000 |
|   10333 |        14 |   186.0000 |
|   10333 |        21 |    80.0000 |
|   10333 |        71 |   688.0000 |
|   10334 |        52 |    44.8000 |
|   10334 |        68 |   100.0000 |
|   10335 |         2 |   106.4000 |
|   10335 |        31 |   250.0000 |
|   10335 |        32 |   153.6000 |
|   10335 |        51 |  2035.2000 |
|   10336 |         4 |   316.8000 |
|   10337 |        23 |   288.0000 |
|   10337 |        26 |   597.6000 |
|   10337 |        36 |   304.0000 |
|   10337 |        37 |   582.4000 |
|   10337 |        72 |   695.0000 |
|   10338 |        17 |   624.0000 |
|   10338 |        30 |   310.5000 |
|   10339 |         4 |   176.0000 |
|   10339 |        17 |  2184.0000 |
|   10339 |        62 |  1103.2000 |
|   10340 |        18 |  1000.0000 |
|   10340 |        41 |    92.4000 |
|   10340 |        43 |  1472.0000 |
|   10341 |        33 |    16.0000 |
|   10341 |        59 |   396.0000 |
|   10342 |         2 |   364.8000 |
|   10342 |        31 |   560.0000 |
|   10342 |        36 |   608.0000 |
|   10342 |        55 |   768.0000 |
|   10343 |        64 |  1330.0000 |
|   10343 |        68 |    40.0000 |
|   10343 |        76 |   216.0000 |
|   10344 |         4 |   616.0000 |
|   10344 |         8 |  2240.0000 |
|   10345 |         8 |  2240.0000 |
|   10345 |        19 |   584.0000 |
|   10345 |        42 |   100.8000 |
|   10346 |        17 |  1123.2000 |
|   10346 |        56 |   608.0000 |
|   10347 |        25 |   112.0000 |
|   10347 |        39 |   720.0000 |
|   10347 |        40 |    58.8000 |
|   10347 |        75 |    37.2000 |
|   10348 |         1 |   216.0000 |
|   10348 |        23 |   180.0000 |
|   10349 |        54 |   141.6000 |
|   10350 |        50 |   195.0000 |
|   10350 |        69 |   518.4000 |
|   10351 |        38 |  4216.0000 |
|   10351 |        41 |   100.1000 |
|   10351 |        44 |  1193.5000 |
|   10351 |        65 |   168.0000 |
|   10352 |        24 |    36.0000 |
|   10352 |        54 |   118.0000 |
|   10353 |        11 |   201.6000 |
|   10353 |        38 | 10540.0000 |
|   10354 |         1 |   172.8000 |
|   10354 |        29 |   396.0000 |
|   10355 |        24 |    90.0000 |
|   10355 |        57 |   390.0000 |
|   10356 |        31 |   300.0000 |
|   10356 |        55 |   230.4000 |
|   10356 |        69 |   576.0000 |
|   10357 |        10 |   744.0000 |
|   10357 |        26 |   398.4000 |
|   10357 |        60 |   217.6000 |
|   10358 |        24 |    36.0000 |
|   10358 |        34 |   112.0000 |
|   10358 |        36 |   304.0000 |
|   10359 |        16 |   778.4000 |
|   10359 |        31 |   700.0000 |
|   10359 |        60 |  2176.0000 |
|   10360 |        28 |  1092.0000 |
|   10360 |        29 |  3465.0000 |
|   10360 |        38 |  2108.0000 |
|   10360 |        49 |   560.0000 |
|   10360 |        54 |   165.2000 |
|   10361 |        39 |   777.6000 |
|   10361 |        60 |  1496.0000 |
|   10362 |        25 |   560.0000 |
|   10362 |        51 |   848.0000 |
|   10362 |        54 |   141.6000 |
|   10363 |        31 |   200.0000 |
|   10363 |        75 |    74.4000 |
|   10363 |        76 |   172.8000 |
|   10364 |        69 |   864.0000 |
|   10364 |        71 |    86.0000 |
|   10365 |        11 |   403.2000 |
|   10366 |        65 |    84.0000 |
|   10366 |        77 |    52.0000 |
|   10367 |        34 |   403.2000 |
|   10367 |        54 |   106.2000 |
|   10367 |        65 |   252.0000 |
|   10367 |        77 |    72.8000 |
|   10368 |        21 |    40.0000 |
|   10368 |        28 |   473.2000 |
|   10368 |        57 |   390.0000 |
|   10368 |        64 |   931.0000 |
|   10369 |        29 |  1980.0000 |
|   10369 |        56 |   547.2000 |
|   10370 |         1 |   216.0000 |
|   10370 |        64 |   798.0000 |
|   10370 |        74 |   160.0000 |
|   10371 |        36 |    91.2000 |
|   10372 |        20 |   777.6000 |
|   10372 |        38 |  8432.0000 |
|   10372 |        60 |  1904.0000 |
|   10372 |        72 |  1167.6000 |
|   10373 |        58 |   848.0000 |
|   10373 |        71 |   860.0000 |
|   10374 |        31 |   300.0000 |
|   10374 |        58 |   159.0000 |
|   10375 |        14 |   279.0000 |
|   10375 |        54 |    59.0000 |
|   10376 |        31 |   420.0000 |
|   10377 |        28 |   728.0000 |
|   10377 |        39 |   288.0000 |
|   10378 |        71 |   103.2000 |
|   10379 |        41 |    61.6000 |
|   10379 |        63 |   561.6000 |
|   10379 |        65 |   336.0000 |
|   10380 |        30 |   372.6000 |
|   10380 |        53 |   524.0000 |
|   10380 |        60 |   163.2000 |
|   10380 |        70 |   360.0000 |
|   10381 |        74 |   112.0000 |
|   10382 |         5 |   544.0000 |
|   10382 |        18 |   450.0000 |
|   10382 |        29 |  1386.0000 |
|   10382 |        33 |   120.0000 |
|   10382 |        74 |   400.0000 |
|   10383 |        13 |    96.0000 |
|   10383 |        50 |   195.0000 |
|   10383 |        56 |   608.0000 |
|   10384 |        20 |  1814.4000 |
|   10384 |        60 |   408.0000 |
|   10385 |         7 |   240.0000 |
|   10385 |        60 |   544.0000 |
|   10385 |        68 |    80.0000 |
|   10386 |        24 |    54.0000 |
|   10386 |        34 |   112.0000 |
|   10387 |        24 |    54.0000 |
|   10387 |        28 |   218.4000 |
|   10387 |        59 |   528.0000 |
|   10387 |        71 |   258.0000 |
|   10388 |        45 |   114.0000 |
|   10388 |        52 |   112.0000 |
|   10388 |        53 |  1048.0000 |
|   10389 |        10 |   396.8000 |
|   10389 |        55 |   288.0000 |
|   10389 |        62 |   788.0000 |
|   10389 |        70 |   360.0000 |
|   10390 |        31 |   600.0000 |
|   10390 |        35 |   576.0000 |
|   10390 |        46 |   432.0000 |
|   10390 |        72 |   667.2000 |
|   10391 |        13 |    86.4000 |
|   10392 |        69 |  1440.0000 |
|   10393 |         2 |   380.0000 |
|   10393 |        14 |   781.2000 |
|   10393 |        25 |    78.4000 |
|   10393 |        26 |  1743.0000 |
|   10393 |        31 |   320.0000 |
|   10394 |        13 |    48.0000 |
|   10394 |        62 |   394.0000 |
|   10395 |        46 |   268.8000 |
|   10395 |        53 |  1834.0000 |
|   10395 |        69 |   230.4000 |
|   10396 |        23 |   288.0000 |
|   10396 |        71 |  1032.0000 |
|   10396 |        72 |   583.8000 |
|   10397 |        21 |    80.0000 |
|   10397 |        51 |   763.2000 |
|   10398 |        35 |   432.0000 |
|   10398 |        55 |  2304.0000 |
|   10399 |        68 |   600.0000 |
|   10399 |        71 |   516.0000 |
|   10399 |        76 |   504.0000 |
|   10399 |        77 |   145.6000 |
|   10400 |        29 |  2079.0000 |
|   10400 |        35 |   504.0000 |
|   10400 |        49 |   480.0000 |
|   10401 |        30 |   372.6000 |
|   10401 |        56 |  2128.0000 |
|   10401 |        65 |   336.0000 |
|   10401 |        71 |  1032.0000 |
|   10402 |        23 |   432.0000 |
|   10402 |        63 |  2281.5000 |
|   10403 |        16 |   291.9000 |
|   10403 |        48 |   714.0000 |
|   10404 |        26 |   747.0000 |
|   10404 |        42 |   448.0000 |
|   10404 |        49 |   480.0000 |
|   10405 |         3 |   400.0000 |
|   10406 |         1 |   144.0000 |
|   10406 |        21 |   240.0000 |
|   10406 |        28 |  1528.8000 |
|   10406 |        36 |    76.0000 |
|   10406 |        40 |    29.4000 |
|   10407 |        11 |   504.0000 |
|   10407 |        69 |   432.0000 |
|   10407 |        71 |   258.0000 |
|   10408 |        37 |   208.0000 |
|   10408 |        54 |    35.4000 |
|   10408 |        62 |  1379.0000 |
|   10409 |        14 |   223.2000 |
|   10409 |        21 |    96.0000 |
|   10410 |        33 |    98.0000 |
|   10410 |        59 |   704.0000 |
|   10411 |        41 |   192.5000 |
|   10411 |        44 |   620.0000 |
|   10411 |        59 |   396.0000 |
|   10412 |        14 |   372.0000 |
|   10413 |         1 |   345.6000 |
|   10413 |        62 |  1576.0000 |
|   10413 |        76 |   201.6000 |
|   10414 |        19 |   131.4000 |
|   10414 |        33 |   100.0000 |
|   10415 |        17 |    62.4000 |
|   10415 |        33 |    40.0000 |
|   10416 |        19 |   146.0000 |
|   10416 |        53 |   262.0000 |
|   10416 |        57 |   312.0000 |
|   10417 |        38 | 10540.0000 |
|   10417 |        46 |    19.2000 |
|   10417 |        68 |   360.0000 |
|   10417 |        77 |   364.0000 |
|   10418 |         2 |   912.0000 |
|   10418 |        47 |   418.0000 |
|   10418 |        61 |   364.8000 |
|   10418 |        74 |   120.0000 |
|   10419 |        60 |  1632.0000 |
|   10419 |        69 |   576.0000 |
|   10420 |         9 |  1552.0000 |
|   10420 |        13 |     9.6000 |
|   10420 |        70 |    96.0000 |
|   10420 |        73 |   240.0000 |
|   10421 |        19 |    29.2000 |
|   10421 |        26 |   747.0000 |
|   10421 |        53 |   393.0000 |
|   10421 |        77 |   104.0000 |
|   10422 |        26 |    49.8000 |
|   10423 |        31 |   140.0000 |
|   10423 |        59 |   880.0000 |
|   10424 |        35 |   864.0000 |
|   10424 |        38 | 10329.2000 |
|   10424 |        68 |   300.0000 |
|   10425 |        55 |   192.0000 |
|   10425 |        76 |   288.0000 |
|   10426 |        56 |   152.0000 |
|   10426 |        64 |   186.2000 |
|   10427 |        14 |   651.0000 |
|   10428 |        46 |   192.0000 |
|   10429 |        50 |   520.0000 |
|   10429 |        63 |  1228.5000 |
|   10430 |        17 |  1404.0000 |
|   10430 |        21 |   400.0000 |
|   10430 |        56 |   912.0000 |
|   10430 |        59 |  3080.0000 |
|   10431 |        17 |  1560.0000 |
|   10431 |        40 |   735.0000 |
|   10431 |        47 |   228.0000 |
|   10432 |        26 |   249.0000 |
|   10432 |        54 |   236.0000 |
|   10433 |        56 |   851.2000 |
|   10434 |        11 |   100.8000 |
|   10434 |        76 |   259.2000 |
|   10435 |         2 |   152.0000 |
|   10435 |        22 |   201.6000 |
|   10435 |        72 |   278.0000 |
|   10436 |        46 |    48.0000 |
|   10436 |        56 |  1216.0000 |
|   10436 |        64 |   798.0000 |
|   10436 |        75 |   148.8000 |
|   10437 |        53 |   393.0000 |
|   10438 |        19 |   109.5000 |
|   10438 |        34 |   224.0000 |
|   10438 |        57 |   234.0000 |
|   10439 |        12 |   456.0000 |
|   10439 |        16 |   222.4000 |
|   10439 |        64 |   159.6000 |
|   10439 |        74 |   240.0000 |
|   10440 |         2 |   684.0000 |
|   10440 |        16 |   681.1000 |
|   10440 |        29 |  2376.0000 |
|   10440 |        61 |  2052.0000 |
|   10441 |        27 |  1755.0000 |
|   10442 |        11 |   504.0000 |
|   10442 |        54 |   472.0000 |
|   10442 |        66 |   816.0000 |
|   10443 |        11 |   100.8000 |
|   10443 |        28 |   436.8000 |
|   10444 |        17 |   312.0000 |
|   10444 |        26 |   373.5000 |
|   10444 |        35 |   115.2000 |
|   10444 |        41 |   231.0000 |
|   10445 |        39 |    86.4000 |
|   10445 |        54 |    88.5000 |
|   10446 |        19 |    87.6000 |
|   10446 |        24 |    72.0000 |
|   10446 |        31 |    30.0000 |
|   10446 |        52 |    84.0000 |
|   10447 |        19 |   292.0000 |
|   10447 |        65 |   588.0000 |
|   10447 |        71 |    34.4000 |
|   10448 |        26 |   149.4000 |
|   10448 |        40 |   294.0000 |
|   10449 |        10 |   347.2000 |
|   10449 |        52 |   112.0000 |
|   10449 |        62 |  1379.0000 |
|   10450 |        10 |   496.0000 |
|   10450 |        54 |    35.4000 |
|   10451 |        55 |  2304.0000 |
|   10451 |        64 |   931.0000 |
|   10451 |        65 |   470.4000 |
|   10451 |        77 |   572.0000 |
|   10452 |        28 |   546.0000 |
|   10452 |        44 |  1550.0000 |
|   10453 |        48 |   153.0000 |
|   10453 |        70 |   300.0000 |
|   10454 |        16 |   278.0000 |
|   10454 |        33 |    40.0000 |
|   10454 |        46 |    96.0000 |
|   10455 |        39 |   288.0000 |
|   10455 |        53 |  1310.0000 |
|   10455 |        61 |   570.0000 |
|   10455 |        71 |   516.0000 |
|   10456 |        21 |   320.0000 |
|   10456 |        49 |   336.0000 |
|   10457 |        59 |  1584.0000 |
|   10458 |        26 |   747.0000 |
|   10458 |        28 |  1092.0000 |
|   10458 |        43 |   736.0000 |
|   10458 |        56 |   456.0000 |
|   10458 |        71 |   860.0000 |
|   10459 |         7 |   384.0000 |
|   10459 |        46 |   192.0000 |
|   10459 |        72 |  1112.0000 |
|   10460 |        68 |   210.0000 |
|   10460 |        75 |    24.8000 |
|   10461 |        21 |   320.0000 |
|   10461 |        30 |   579.6000 |
|   10461 |        55 |  1152.0000 |
|   10462 |        13 |     4.8000 |
|   10462 |        23 |   151.2000 |
|   10463 |        19 |   153.3000 |
|   10463 |        42 |   560.0000 |
|   10464 |         4 |   281.6000 |
|   10464 |        43 |   110.4000 |
|   10464 |        56 |   912.0000 |
|   10464 |        60 |   544.0000 |
|   10465 |        24 |    90.0000 |
|   10465 |        29 |  1782.0000 |
|   10465 |        40 |   294.0000 |
|   10465 |        45 |   228.0000 |
|   10465 |        50 |   325.0000 |
|   10466 |        11 |   168.0000 |
|   10466 |        46 |    48.0000 |
|   10467 |        24 |   100.8000 |
|   10467 |        25 |   134.4000 |
|   10468 |        30 |   165.6000 |
|   10468 |        43 |   552.0000 |
|   10469 |         2 |   608.0000 |
|   10469 |        16 |   486.5000 |
|   10469 |        44 |    31.0000 |
|   10470 |        18 |  1500.0000 |
|   10470 |        23 |   108.0000 |
|   10470 |        64 |   212.8000 |
|   10471 |         7 |   720.0000 |
|   10471 |        56 |   608.0000 |
|   10472 |        24 |   288.0000 |
|   10472 |        51 |   763.2000 |
|   10473 |        33 |    24.0000 |
|   10473 |        71 |   206.4000 |
|   10474 |        14 |   223.2000 |
|   10474 |        28 |   655.2000 |
|   10474 |        40 |   308.7000 |
|   10474 |        75 |    62.0000 |
|   10475 |        31 |   350.0000 |
|   10475 |        66 |   816.0000 |
|   10475 |        76 |   604.8000 |
|   10476 |        55 |    38.4000 |
|   10476 |        70 |   144.0000 |
|   10477 |         1 |   216.0000 |
|   10477 |        21 |   168.0000 |
|   10477 |        39 |   288.0000 |
|   10478 |        10 |   496.0000 |
|   10479 |        38 |  6324.0000 |
|   10479 |        53 |   733.6000 |
|   10479 |        59 |  2640.0000 |
|   10479 |        64 |   798.0000 |
|   10480 |        47 |   228.0000 |
|   10480 |        59 |   528.0000 |
|   10481 |        49 |   384.0000 |
|   10481 |        60 |  1088.0000 |
|   10482 |        40 |   147.0000 |
|   10483 |        34 |   392.0000 |
|   10483 |        77 |   312.0000 |
|   10484 |        21 |   112.0000 |
|   10484 |        40 |   147.0000 |
|   10484 |        51 |   127.2000 |
|   10485 |         2 |   304.0000 |
|   10485 |         3 |   160.0000 |
|   10485 |        55 |   576.0000 |
|   10485 |        70 |   720.0000 |
|   10486 |        11 |    84.0000 |
|   10486 |        51 |  1060.0000 |
|   10486 |        74 |   128.0000 |
|   10487 |        19 |    36.5000 |
|   10487 |        26 |   747.0000 |
|   10487 |        54 |   141.6000 |
|   10488 |        59 |  1320.0000 |
|   10488 |        73 |   240.0000 |
|   10489 |        11 |   252.0000 |
|   10489 |        16 |   250.2000 |
|   10490 |        59 |  2640.0000 |
|   10490 |        68 |   300.0000 |
|   10490 |        75 |   223.2000 |
|   10491 |        44 |   232.5000 |
|   10491 |        77 |    72.8000 |
|   10492 |        25 |   672.0000 |
|   10492 |        42 |   224.0000 |
|   10493 |        65 |   252.0000 |
|   10493 |        66 |   136.0000 |
|   10493 |        69 |   288.0000 |
|   10494 |        56 |   912.0000 |
|   10495 |        23 |    72.0000 |
|   10495 |        41 |   154.0000 |
|   10495 |        77 |    52.0000 |
|   10496 |        31 |   200.0000 |
|   10497 |        56 |   425.6000 |
|   10497 |        72 |   695.0000 |
|   10497 |        77 |   260.0000 |
|   10498 |        24 |    63.0000 |
|   10498 |        40 |    92.0000 |
|   10498 |        42 |   420.0000 |
|   10499 |        28 |   912.0000 |
|   10499 |        49 |   500.0000 |
|   10500 |        15 |   186.0000 |
|   10500 |        28 |   364.8000 |
|   10501 |        54 |   149.0000 |
|   10502 |        45 |   199.5000 |
|   10502 |        53 |   196.8000 |
|   10502 |        67 |   420.0000 |
|   10503 |        14 |  1627.5000 |
|   10503 |        65 |   421.0000 |
|   10504 |         2 |   228.0000 |
|   10504 |        21 |   120.0000 |
|   10504 |        53 |   328.0000 |
|   10504 |        61 |   712.5000 |
|   10505 |        62 |   147.9000 |
|   10506 |        25 |   252.0000 |
|   10506 |        70 |   210.0000 |
|   10507 |        43 |   690.0000 |
|   10507 |        48 |   191.2500 |
|   10508 |        13 |    60.0000 |
|   10508 |        39 |   180.0000 |
|   10509 |        28 |   136.8000 |
|   10510 |        29 |  4456.4400 |
|   10510 |        75 |   279.0000 |
|   10511 |         4 |  1100.0000 |
|   10511 |         7 |  1500.0000 |
|   10511 |         8 |   400.0000 |
|   10512 |        24 |    45.0000 |
|   10512 |        46 |   108.0000 |
|   10512 |        47 |    57.0000 |
|   10512 |        60 |   408.0000 |
|   10513 |        21 |   400.0000 |
|   10513 |        32 |  1600.0000 |
|   10513 |        61 |   427.5000 |
|   10514 |        20 |  3159.0000 |
|   10514 |        28 |  1596.0000 |
|   10514 |        56 |  2660.0000 |
|   10514 |        65 |   820.9500 |
|   10514 |        75 |   387.5000 |
|   10515 |         9 |  1552.0000 |
|   10515 |        16 |   872.5000 |
|   10515 |        27 |  5268.0000 |
|   10515 |        33 |    40.0000 |
|   10515 |        60 |  2856.0000 |
|   10516 |        18 |  1562.5000 |
|   10516 |        41 |   772.0000 |
|   10516 |        42 |   280.0000 |
|   10517 |        52 |    42.0000 |
|   10517 |        59 |   220.0000 |
|   10517 |        70 |    90.0000 |
|   10518 |        24 |    22.5000 |
|   10518 |        38 |  3952.5000 |
|   10518 |        44 |   175.0500 |
|   10519 |        10 |   496.0000 |
|   10519 |        56 |  1520.0000 |
|   10519 |        60 |   340.0000 |
|   10520 |        24 |    36.0000 |
|   10520 |        53 |   164.0000 |
|   10521 |        35 |    54.0000 |
|   10521 |        41 |    96.5000 |
|   10521 |        68 |    75.0000 |
|   10522 |         1 |   720.0000 |
|   10522 |         8 |   960.0000 |
|   10522 |        30 |   517.8000 |
|   10522 |        40 |   460.0000 |
|   10523 |        17 |   975.0000 |
|   10523 |        20 |  1215.0000 |
|   10523 |        37 |   468.0000 |
|   10523 |        41 |    57.9000 |
|   10524 |        10 |    62.0000 |
|   10524 |        30 |   258.9000 |
|   10524 |        43 |  2760.0000 |
|   10524 |        54 |   111.7500 |
|   10525 |        36 |   570.0000 |
|   10525 |        40 |   276.0000 |
|   10526 |         1 |   144.0000 |
|   10526 |        13 |    60.0000 |
|   10526 |        56 |  1140.0000 |
|   10527 |         4 |  1100.0000 |
|   10527 |        36 |   570.0000 |
|   10528 |        11 |    63.0000 |
|   10528 |        33 |    20.0000 |
|   10528 |        72 |   313.2000 |
|   10529 |        55 |   336.0000 |
|   10529 |        68 |   250.0000 |
|   10529 |        69 |   360.0000 |
|   10530 |        17 |  1560.0000 |
|   10530 |        43 |  1150.0000 |
|   10530 |        61 |   570.0000 |
|   10530 |        76 |   900.0000 |
|   10531 |        59 |   110.0000 |
|   10532 |        30 |   388.3500 |
|   10532 |        66 |   408.0000 |
|   10533 |         4 |  1100.0000 |
|   10533 |        72 |   835.2000 |
|   10533 |        73 |   360.0000 |
|   10534 |        30 |   258.9000 |
|   10534 |        40 |   184.0000 |
|   10534 |        54 |    74.5000 |
|   10535 |        11 |  1050.0000 |
|   10535 |        40 |   184.0000 |
|   10535 |        57 |    97.5000 |
|   10535 |        59 |   825.0000 |
|   10536 |        12 |   570.0000 |
|   10536 |        31 |   250.0000 |
|   10536 |        33 |    75.0000 |
|   10536 |        60 |  1190.0000 |
|   10537 |        31 |   375.0000 |
|   10537 |        51 |   318.0000 |
|   10537 |        58 |   265.0000 |
|   10537 |        72 |   730.8000 |
|   10537 |        73 |   135.0000 |
|   10538 |        70 |   105.0000 |
|   10538 |        72 |    34.8000 |
|   10539 |        13 |    48.0000 |
|   10539 |        21 |   150.0000 |
|   10539 |        33 |    37.5000 |
|   10539 |        49 |   120.0000 |
|   10540 |         3 |   600.0000 |
|   10540 |        26 |  1249.2000 |
|   10540 |        38 |  7905.0000 |
|   10540 |        68 |   437.5000 |
|   10541 |        24 |   157.5000 |
|   10541 |        38 |  1054.0000 |
|   10541 |        65 |   757.8000 |
|   10541 |        71 |   193.5000 |
|   10542 |        11 |   315.0000 |
|   10542 |        54 |   178.8000 |
|   10543 |        12 |  1140.0000 |
|   10543 |        23 |   630.0000 |
|   10544 |        28 |   319.2000 |
|   10544 |        67 |    98.0000 |
|   10545 |        11 |   210.0000 |
|   10546 |         7 |   300.0000 |
|   10546 |        35 |   540.0000 |
|   10546 |        62 |  1972.0000 |
|   10547 |        32 |   768.0000 |
|   10547 |        36 |  1140.0000 |
|   10548 |        34 |   140.0000 |
|   10548 |        41 |   135.1000 |
|   10549 |        31 |   687.5000 |
|   10549 |        45 |   950.0000 |
|   10549 |        51 |  2544.0000 |
|   10550 |        17 |   312.0000 |
|   10550 |        19 |    92.0000 |
|   10550 |        21 |    60.0000 |
|   10550 |        61 |   285.0000 |
|   10551 |        16 |   698.0000 |
|   10551 |        35 |   360.0000 |
|   10551 |        44 |   778.0000 |
|   10552 |        69 |   648.0000 |
|   10552 |        75 |   232.5000 |
|   10553 |        11 |   315.0000 |
|   10553 |        16 |   244.3000 |
|   10553 |        22 |   504.0000 |
|   10553 |        31 |   375.0000 |
|   10553 |        35 |   108.0000 |
|   10554 |        16 |   523.5000 |
|   10554 |        23 |   180.0000 |
|   10554 |        62 |   986.0000 |
|   10554 |        77 |   130.0000 |
|   10555 |        14 |   697.5000 |
|   10555 |        19 |   322.0000 |
|   10555 |        24 |    81.0000 |
|   10555 |        51 |  1060.0000 |
|   10555 |        56 |  1520.0000 |
|   10556 |        72 |   835.2000 |
|   10557 |        64 |   997.5000 |
|   10557 |        75 |   155.0000 |
|   10558 |        47 |   237.5000 |
|   10558 |        51 |  1060.0000 |
|   10558 |        52 |   210.0000 |
|   10558 |        53 |   590.4000 |
|   10558 |        73 |    45.0000 |
|   10559 |        41 |   115.8000 |
|   10559 |        55 |   432.0000 |
|   10560 |        30 |   517.8000 |
|   10560 |        62 |   739.5000 |
|   10561 |        44 |   194.5000 |
|   10561 |        51 |  2650.0000 |
|   10562 |        33 |    50.0000 |
|   10562 |        62 |   493.0000 |
|   10563 |        36 |   475.0000 |
|   10563 |        52 |   490.0000 |
|   10564 |        17 |   624.0000 |
|   10564 |        31 |    75.0000 |
|   10564 |        55 |   600.0000 |
|   10565 |        24 |   112.5000 |
|   10565 |        64 |   598.5000 |
|   10566 |        11 |   735.0000 |
|   10566 |        18 |  1125.0000 |
|   10566 |        76 |   180.0000 |
|   10567 |        31 |   750.0000 |
|   10567 |        51 |   159.0000 |
|   10567 |        59 |  2200.0000 |
|   10568 |        10 |   155.0000 |
|   10569 |        31 |   437.5000 |
|   10569 |        76 |   540.0000 |
|   10570 |        11 |   315.0000 |
|   10570 |        56 |  2280.0000 |
|   10571 |        14 |   255.7500 |
|   10571 |        42 |   392.0000 |
|   10572 |        16 |   209.4000 |
|   10572 |        32 |   320.0000 |
|   10572 |        40 |   920.0000 |
|   10572 |        75 |   116.2500 |
|   10573 |        17 |   702.0000 |
|   10573 |        34 |   560.0000 |
|   10573 |        53 |   820.0000 |
|   10574 |        33 |    35.0000 |
|   10574 |        40 |    36.8000 |
|   10574 |        62 |   493.0000 |
|   10574 |        64 |   199.5000 |
|   10575 |        59 |   660.0000 |
|   10575 |        63 |   263.4000 |
|   10575 |        72 |  1044.0000 |
|   10575 |        76 |   180.0000 |
|   10576 |         1 |   180.0000 |
|   10576 |        31 |   250.0000 |
|   10576 |        44 |   408.4500 |
|   10577 |        39 |   180.0000 |
|   10577 |        75 |   155.0000 |
|   10577 |        77 |   234.0000 |
|   10578 |        35 |   360.0000 |
|   10578 |        57 |   117.0000 |
|   10579 |        15 |   155.0000 |
|   10579 |        75 |   162.7500 |
|   10580 |        14 |   348.7500 |
|   10580 |        41 |    86.8500 |
|   10580 |        65 |   631.5000 |
|   10581 |        75 |   387.5000 |
|   10582 |        57 |    78.0000 |
|   10582 |        76 |   252.0000 |
|   10583 |        29 |  1237.9000 |
|   10583 |        60 |   816.0000 |
|   10583 |        69 |   360.0000 |
|   10584 |        31 |   625.0000 |
|   10585 |        47 |   142.5000 |
|   10586 |        52 |    28.0000 |
|   10587 |        26 |   187.3800 |
|   10587 |        35 |   360.0000 |
|   10587 |        77 |   260.0000 |
|   10588 |        18 |  2500.0000 |
|   10588 |        42 |  1400.0000 |
|   10589 |        35 |    72.0000 |
|   10590 |         1 |   360.0000 |
|   10590 |        77 |   780.0000 |
|   10591 |         3 |   140.0000 |
|   10591 |         7 |   300.0000 |
|   10591 |        54 |   372.5000 |
|   10592 |        15 |   387.5000 |
|   10592 |        26 |   156.1500 |
|   10593 |        20 |  1701.0000 |
|   10593 |        69 |   720.0000 |
|   10593 |        76 |    72.0000 |
|   10594 |        52 |   168.0000 |
|   10594 |        58 |   397.5000 |
|   10595 |        35 |   540.0000 |
|   10595 |        61 |  3420.0000 |
|   10595 |        69 |  2340.0000 |
|   10596 |        56 |   190.0000 |
|   10596 |        63 |  1053.6000 |
|   10596 |        75 |   232.5000 |
|   10597 |        24 |   157.5000 |
|   10597 |        57 |   390.0000 |
|   10597 |        65 |   252.6000 |
|   10598 |        27 |  2195.0000 |
|   10598 |        71 |   193.5000 |
|   10599 |        62 |   493.0000 |
|   10600 |        54 |    29.8000 |
|   10600 |        73 |   450.0000 |
|   10601 |        13 |   360.0000 |
|   10601 |        59 |  1925.0000 |
|   10602 |        77 |    65.0000 |
|   10603 |        22 |  1008.0000 |
|   10603 |        49 |   500.0000 |
|   10604 |        48 |    76.5000 |
|   10604 |        76 |   180.0000 |
|   10605 |        16 |   523.5000 |
|   10605 |        59 |  1100.0000 |
|   10605 |        60 |  2380.0000 |
|   10605 |        71 |   322.5000 |
|   10606 |         4 |   440.0000 |
|   10606 |        55 |   480.0000 |
|   10606 |        62 |   493.0000 |
|   10607 |         7 |  1350.0000 |
|   10607 |        17 |  3900.0000 |
|   10607 |        33 |    35.0000 |
|   10607 |        40 |   772.8000 |
|   10607 |        72 |   417.6000 |
|   10608 |        56 |  1064.0000 |
|   10609 |         1 |    54.0000 |
|   10609 |        10 |   310.0000 |
|   10609 |        21 |    60.0000 |
|   10610 |        36 |   399.0000 |
|   10611 |         1 |   108.0000 |
|   10611 |         2 |   190.0000 |
|   10611 |        60 |   510.0000 |
|   10612 |        10 |  2170.0000 |
|   10612 |        36 |  1045.0000 |
|   10612 |        49 |   360.0000 |
|   10612 |        60 |  1360.0000 |
|   10612 |        76 |  1440.0000 |
|   10613 |        13 |    48.0000 |
|   10613 |        75 |   310.0000 |
|   10614 |        11 |   294.0000 |
|   10614 |        21 |    80.0000 |
|   10614 |        39 |    90.0000 |
|   10615 |        55 |   120.0000 |
|   10616 |        38 |  3952.5000 |
|   10616 |        56 |   532.0000 |
|   10616 |        70 |   225.0000 |
|   10616 |        71 |   322.5000 |
|   10617 |        59 |  1650.0000 |
|   10618 |         6 |  1750.0000 |
|   10618 |        56 |   760.0000 |
|   10618 |        68 |   187.5000 |
|   10619 |        21 |   420.0000 |
|   10619 |        22 |   840.0000 |
|   10620 |        24 |    22.5000 |
|   10620 |        52 |    35.0000 |
|   10621 |        19 |    46.0000 |
|   10621 |        23 |    90.0000 |
|   10621 |        70 |   300.0000 |
|   10621 |        71 |   322.5000 |
|   10622 |         2 |   380.0000 |
|   10622 |        68 |   225.0000 |
|   10623 |        14 |   488.2500 |
|   10623 |        19 |   138.0000 |
|   10623 |        21 |   250.0000 |
|   10623 |        24 |    13.5000 |
|   10623 |        35 |   540.0000 |
|   10624 |        28 |   456.0000 |
|   10624 |        29 |   742.7400 |
|   10624 |        44 |   194.5000 |
|   10625 |        14 |    69.7500 |
|   10625 |        42 |    70.0000 |
|   10625 |        60 |   340.0000 |
|   10626 |        53 |   393.6000 |
|   10626 |        60 |   680.0000 |
|   10626 |        71 |   430.0000 |
|   10627 |        62 |   739.5000 |
|   10627 |        73 |   525.0000 |
|   10628 |         1 |   450.0000 |
|   10629 |        29 |  2475.8000 |
|   10629 |        64 |   299.2500 |
|   10630 |        55 |   288.0000 |
|   10630 |        76 |   630.0000 |
|   10631 |        75 |    62.0000 |
|   10632 |         2 |   570.0000 |
|   10632 |        33 |    50.0000 |
|   10633 |        12 |  1368.0000 |
|   10633 |        13 |    78.0000 |
|   10633 |        26 |  1093.0500 |
|   10633 |        62 |  3944.0000 |
|   10634 |         7 |  1050.0000 |
|   10634 |        18 |  3125.0000 |
|   10634 |        51 |   795.0000 |
|   10634 |        75 |    15.5000 |
|   10635 |         4 |   220.0000 |
|   10635 |         5 |   320.2500 |
|   10635 |        22 |   840.0000 |
|   10636 |         4 |   550.0000 |
|   10636 |        58 |    79.5000 |
|   10637 |        11 |   210.0000 |
|   10637 |        50 |   406.2500 |
|   10637 |        56 |  2280.0000 |
|   10638 |        45 |   190.0000 |
|   10638 |        65 |   442.0500 |
|   10638 |        72 |  2088.0000 |
|   10639 |        18 |   500.0000 |
|   10640 |        69 |   720.0000 |
|   10640 |        70 |   225.0000 |
|   10641 |         2 |   950.0000 |
|   10641 |        40 |  1104.0000 |
|   10642 |        21 |   300.0000 |
|   10642 |        61 |   570.0000 |
|   10643 |        28 |   684.0000 |
|   10643 |        39 |   378.0000 |
|   10643 |        46 |    24.0000 |
|   10644 |        18 |   250.0000 |
|   10644 |        43 |   920.0000 |
|   10644 |        46 |   252.0000 |
|   10645 |        18 |  1250.0000 |
|   10645 |        36 |   285.0000 |
|   10646 |         1 |   270.0000 |
|   10646 |        10 |   558.0000 |
|   10646 |        71 |   645.0000 |
|   10646 |        77 |   455.0000 |
|   10647 |        19 |   276.0000 |
|   10647 |        39 |   360.0000 |
|   10648 |        22 |   315.0000 |
|   10648 |        24 |    67.5000 |
|   10649 |        28 |   912.0000 |
|   10649 |        72 |   522.0000 |
|   10650 |        30 |   776.7000 |
|   10650 |        53 |   820.0000 |
|   10650 |        54 |   223.5000 |
|   10651 |        19 |   110.4000 |
|   10651 |        22 |   420.0000 |
|   10652 |        30 |    51.7800 |
|   10652 |        42 |   280.0000 |
|   10653 |        16 |   523.5000 |
|   10653 |        60 |   680.0000 |
|   10654 |         4 |   264.0000 |
|   10654 |        39 |   360.0000 |
|   10654 |        54 |    44.7000 |
|   10655 |        41 |   193.0000 |
|   10656 |        14 |    69.7500 |
|   10656 |        44 |   544.6000 |
|   10656 |        47 |    57.0000 |
|   10657 |        15 |   775.0000 |
|   10657 |        41 |   231.6000 |
|   10657 |        46 |   540.0000 |
|   10657 |        47 |    95.0000 |
|   10657 |        56 |  1710.0000 |
|   10657 |        60 |  1020.0000 |
|   10658 |        21 |   600.0000 |
|   10658 |        40 |  1288.0000 |
|   10658 |        60 |  1870.0000 |
|   10658 |        77 |   910.0000 |
|   10659 |        31 |   250.0000 |
|   10659 |        40 |   441.6000 |
|   10659 |        70 |   600.0000 |
|   10660 |        20 |  1701.0000 |
|   10661 |        39 |    54.0000 |
|   10661 |        58 |   649.2500 |
|   10662 |        68 |   125.0000 |
|   10663 |        40 |   552.0000 |
|   10663 |        42 |   420.0000 |
|   10663 |        51 |  1060.0000 |
|   10664 |        10 |   744.0000 |
|   10664 |        56 |   456.0000 |
|   10664 |        65 |   315.7500 |
|   10665 |        51 |  1060.0000 |
|   10665 |        59 |    55.0000 |
|   10665 |        76 |   180.0000 |
|   10666 |        29 |  4456.4400 |
|   10666 |        65 |   210.5000 |
|   10667 |        69 |  1620.0000 |
|   10667 |        71 |   301.0000 |
|   10668 |        31 |   100.0000 |
|   10668 |        55 |    96.0000 |
|   10668 |        64 |   498.7500 |
|   10669 |        36 |   570.0000 |
|   10670 |        23 |   288.0000 |
|   10670 |        46 |   720.0000 |
|   10670 |        67 |   350.0000 |
|   10670 |        73 |   750.0000 |
|   10670 |        75 |   193.7500 |
|   10671 |        16 |   174.5000 |
|   10671 |        62 |   493.0000 |
|   10671 |        65 |   252.6000 |
|   10672 |        38 |  3952.5000 |
|   10672 |        71 |   258.0000 |
|   10673 |        16 |    52.3500 |
|   10673 |        42 |    84.0000 |
|   10673 |        43 |   276.0000 |
|   10674 |        23 |    45.0000 |
|   10675 |        14 |   697.5000 |
|   10675 |        53 |   328.0000 |
|   10675 |        58 |   397.5000 |
|   10676 |        10 |    62.0000 |
|   10676 |        19 |    64.4000 |
|   10676 |        44 |   408.4500 |
|   10677 |        26 |   936.9000 |
|   10677 |        33 |    20.0000 |
|   10678 |        12 |  3800.0000 |
|   10678 |        33 |    75.0000 |
|   10678 |        41 |  1158.0000 |
|   10678 |        54 |   223.5000 |
|   10679 |        59 |   660.0000 |
|   10680 |        16 |   872.5000 |
|   10680 |        31 |   250.0000 |
|   10680 |        42 |   560.0000 |
|   10681 |        19 |   276.0000 |
|   10681 |        21 |   120.0000 |
|   10681 |        64 |   931.0000 |
|   10682 |        33 |    75.0000 |
|   10682 |        66 |    68.0000 |
|   10682 |        75 |   232.5000 |
|   10683 |        52 |    63.0000 |
|   10684 |        40 |   368.0000 |
|   10684 |        47 |   380.0000 |
|   10684 |        60 |  1020.0000 |
|   10685 |        10 |   620.0000 |
|   10685 |        41 |    38.6000 |
|   10685 |        47 |   142.5000 |
|   10686 |        17 |  1170.0000 |
|   10686 |        26 |   468.4500 |
|   10687 |         9 |  4850.0000 |
|   10687 |        29 |  1237.9000 |
|   10687 |        36 |   114.0000 |
|   10688 |        10 |   558.0000 |
|   10688 |        28 |  2736.0000 |
|   10688 |        34 |   196.0000 |
|   10689 |         1 |   630.0000 |
|   10690 |        56 |   760.0000 |
|   10690 |        77 |   390.0000 |
|   10691 |         1 |   540.0000 |
|   10691 |        29 |  4951.6000 |
|   10691 |        43 |  1840.0000 |
|   10691 |        44 |   466.8000 |
|   10691 |        62 |  2366.4000 |
|   10692 |        63 |   878.0000 |
|   10693 |         9 |   582.0000 |
|   10693 |        54 |   447.0000 |
|   10693 |        69 |  1080.0000 |
|   10693 |        73 |   225.0000 |
|   10694 |         7 |  2700.0000 |
|   10694 |        59 |  1375.0000 |
|   10694 |        70 |   750.0000 |
|   10695 |         8 |   400.0000 |
|   10695 |        12 |   152.0000 |
|   10695 |        24 |    90.0000 |
|   10696 |        17 |   780.0000 |
|   10696 |        46 |   216.0000 |
|   10697 |        19 |    64.4000 |
|   10697 |        35 |   162.0000 |
|   10697 |        58 |   397.5000 |
|   10697 |        70 |   450.0000 |
|   10698 |        11 |   315.0000 |
|   10698 |        17 |   312.0000 |
|   10698 |        29 |  1485.4800 |
|   10698 |        65 |  1368.2500 |
|   10698 |        70 |   120.0000 |
|   10699 |        47 |   114.0000 |
|   10700 |         1 |    90.0000 |
|   10700 |        34 |   168.0000 |
|   10700 |        68 |   500.0000 |
|   10700 |        71 |  1290.0000 |
|   10701 |        59 |  2310.0000 |
|   10701 |        71 |   430.0000 |
|   10701 |        76 |   630.0000 |
|   10702 |         3 |    60.0000 |
|   10702 |        76 |   270.0000 |
|   10703 |         2 |    95.0000 |
|   10703 |        59 |  1925.0000 |
|   10703 |        73 |   525.0000 |
|   10704 |         4 |   132.0000 |
|   10704 |        24 |   157.5000 |
|   10704 |        48 |   306.0000 |
|   10705 |        31 |   250.0000 |
|   10705 |        32 |   128.0000 |
|   10706 |        16 |   349.0000 |
|   10706 |        43 |  1104.0000 |
|   10706 |        59 |   440.0000 |
|   10707 |        55 |   504.0000 |
|   10707 |        57 |   780.0000 |
|   10707 |        70 |   420.0000 |
|   10708 |         5 |    85.4000 |
|   10708 |        36 |    95.0000 |
|   10709 |         8 |  1600.0000 |
|   10709 |        51 |  1484.0000 |
|   10709 |        60 |   340.0000 |
|   10710 |        19 |    46.0000 |
|   10710 |        47 |    47.5000 |
|   10711 |        19 |   110.4000 |
|   10711 |        41 |   405.3000 |
|   10711 |        53 |  3936.0000 |
|   10712 |        53 |    98.4000 |
|   10712 |        56 |  1140.0000 |
|   10713 |        10 |   558.0000 |
|   10713 |        26 |   936.9000 |
|   10713 |        45 |  1045.0000 |
|   10713 |        46 |   288.0000 |
|   10714 |         2 |   570.0000 |
|   10714 |        17 |  1053.0000 |
|   10714 |        47 |   475.0000 |
|   10714 |        56 |   684.0000 |
|   10714 |        58 |   159.0000 |
|   10715 |        10 |   651.0000 |
|   10715 |        71 |   645.0000 |
|   10716 |        21 |    50.0000 |
|   10716 |        51 |   371.0000 |
|   10716 |        61 |   285.0000 |
|   10717 |        21 |   320.0000 |
|   10717 |        54 |   111.7500 |
|   10717 |        69 |   900.0000 |
|   10718 |        12 |  1368.0000 |
|   10718 |        16 |   349.0000 |
|   10718 |        36 |   760.0000 |
|   10718 |        62 |   986.0000 |
|   10719 |        18 |   750.0000 |
|   10719 |        30 |    77.6700 |
|   10719 |        54 |   298.0000 |
|   10720 |        35 |   378.0000 |
|   10720 |        71 |   172.0000 |
|   10721 |        44 |   972.5000 |
|   10722 |         2 |    57.0000 |
|   10722 |        31 |   625.0000 |
|   10722 |        68 |   562.5000 |
|   10722 |        75 |   325.5000 |
|   10723 |        26 |   468.4500 |
|   10724 |        10 |   496.0000 |
|   10724 |        61 |   142.5000 |
|   10725 |        41 |   115.8000 |
|   10725 |        52 |    28.0000 |
|   10725 |        55 |   144.0000 |
|   10726 |         4 |   550.0000 |
|   10726 |        11 |   105.0000 |
|   10727 |        17 |   780.0000 |
|   10727 |        56 |   380.0000 |
|   10727 |        59 |   550.0000 |
|   10728 |        30 |   388.3500 |
|   10728 |        40 |   110.4000 |
|   10728 |        55 |   288.0000 |
|   10728 |        60 |   510.0000 |
|   10729 |         1 |   900.0000 |
|   10729 |        21 |   300.0000 |
|   10729 |        50 |   650.0000 |
|   10730 |        16 |   261.7500 |
|   10730 |        31 |    37.5000 |
|   10730 |        65 |   210.5000 |
|   10731 |        21 |   400.0000 |
|   10731 |        51 |  1590.0000 |
|   10732 |        76 |   360.0000 |
|   10733 |        14 |   372.0000 |
|   10733 |        28 |   912.0000 |
|   10733 |        52 |   175.0000 |
|   10734 |         6 |   750.0000 |
|   10734 |        30 |   388.3500 |
|   10734 |        76 |   360.0000 |
|   10735 |        61 |   570.0000 |
|   10735 |        77 |    26.0000 |
|   10736 |        65 |   842.0000 |
|   10736 |        75 |   155.0000 |
|   10737 |        13 |    24.0000 |
|   10737 |        41 |   115.8000 |
|   10738 |        16 |    52.3500 |
|   10739 |        36 |   114.0000 |
|   10739 |        52 |   126.0000 |
|   10740 |        28 |   228.0000 |
|   10740 |        35 |   630.0000 |
|   10740 |        45 |   380.0000 |
|   10740 |        56 |   532.0000 |
|   10741 |         2 |   285.0000 |
|   10742 |         3 |   200.0000 |
|   10742 |        60 |  1700.0000 |
|   10742 |        72 |  1218.0000 |
|   10743 |        46 |   336.0000 |
|   10744 |        40 |   920.0000 |
|   10745 |        18 |  1500.0000 |
|   10745 |        44 |   311.2000 |
|   10745 |        59 |  2475.0000 |
|   10745 |        72 |   243.6000 |
|   10746 |        13 |    36.0000 |
|   10746 |        42 |   392.0000 |
|   10746 |        62 |   443.7000 |
|   10746 |        69 |  1440.0000 |
|   10747 |        31 |   100.0000 |
|   10747 |        41 |   337.7500 |
|   10747 |        63 |   395.1000 |
|   10747 |        69 |  1080.0000 |
|   10748 |        23 |   396.0000 |
|   10748 |        40 |   736.0000 |
|   10748 |        56 |  1064.0000 |
|   10749 |        56 |   570.0000 |
|   10749 |        59 |   330.0000 |
|   10749 |        76 |   180.0000 |
|   10750 |        14 |   116.2500 |
|   10750 |        45 |   380.0000 |
|   10750 |        59 |  1375.0000 |
|   10751 |        26 |   374.7600 |
|   10751 |        30 |   776.7000 |
|   10751 |        50 |   325.0000 |
|   10751 |        73 |   225.0000 |
|   10752 |         1 |   144.0000 |
|   10752 |        69 |   108.0000 |
|   10753 |        45 |    38.0000 |
|   10753 |        74 |    50.0000 |
|   10754 |        40 |    55.2000 |
|   10755 |        47 |   285.0000 |
|   10755 |        56 |  1140.0000 |
|   10755 |        57 |   273.0000 |
|   10755 |        69 |   900.0000 |
|   10756 |        18 |  1312.5000 |
|   10756 |        36 |   380.0000 |
|   10756 |        68 |    75.0000 |
|   10756 |        69 |   720.0000 |
|   10757 |        34 |   420.0000 |
|   10757 |        59 |   385.0000 |
|   10757 |        62 |  1479.0000 |
|   10757 |        64 |   798.0000 |
|   10758 |        26 |   624.6000 |
|   10758 |        52 |   420.0000 |
|   10758 |        70 |   600.0000 |
|   10759 |        32 |   320.0000 |
|   10760 |        25 |   168.0000 |
|   10760 |        27 |  1756.0000 |
|   10760 |        43 |  1380.0000 |
|   10761 |        25 |   490.0000 |
|   10761 |        75 |   139.5000 |
|   10762 |        39 |   288.0000 |
|   10762 |        47 |   285.0000 |
|   10762 |        51 |  1484.0000 |
|   10762 |        56 |  2280.0000 |
|   10763 |        21 |   400.0000 |
|   10763 |        22 |   126.0000 |
|   10763 |        24 |    90.0000 |
|   10764 |         3 |   200.0000 |
|   10764 |        39 |  2340.0000 |
|   10765 |        65 |  1684.0000 |
|   10766 |         2 |   760.0000 |
|   10766 |         7 |  1050.0000 |
|   10766 |        68 |   500.0000 |
|   10767 |        42 |    28.0000 |
|   10768 |        22 |    84.0000 |
|   10768 |        31 |   625.0000 |
|   10768 |        60 |   510.0000 |
|   10768 |        71 |   258.0000 |
|   10769 |        41 |   289.5000 |
|   10769 |        52 |   105.0000 |
|   10769 |        61 |   570.0000 |
|   10769 |        62 |   739.5000 |
|   10770 |        11 |   315.0000 |
|   10771 |        71 |   344.0000 |
|   10772 |        29 |  2228.2200 |
|   10772 |        59 |  1375.0000 |
|   10773 |        17 |  1287.0000 |
|   10773 |        31 |   875.0000 |
|   10773 |        75 |    54.2500 |
|   10774 |        31 |    25.0000 |
|   10774 |        66 |   850.0000 |
|   10775 |        10 |   186.0000 |
|   10775 |        67 |    42.0000 |
|   10776 |        31 |   200.0000 |
|   10776 |        42 |   168.0000 |
|   10776 |        45 |   256.5000 |
|   10776 |        51 |  6360.0000 |
|   10777 |        42 |   280.0000 |
|   10778 |        41 |    96.5000 |
|   10779 |        16 |   349.0000 |
|   10779 |        62 |   986.0000 |
|   10780 |        70 |   525.0000 |
|   10780 |        77 |   195.0000 |
|   10781 |        54 |    22.3500 |
|   10781 |        56 |   760.0000 |
|   10781 |        74 |   350.0000 |
|   10782 |        31 |    12.5000 |
|   10783 |        31 |   125.0000 |
|   10783 |        38 |  1317.5000 |
|   10784 |        36 |   570.0000 |
|   10784 |        39 |    36.0000 |
|   10784 |        72 |  1044.0000 |
|   10785 |        10 |   310.0000 |
|   10785 |        75 |    77.5000 |
|   10786 |         8 |  1200.0000 |
|   10786 |        30 |   388.3500 |
|   10786 |        75 |   325.5000 |
|   10787 |         2 |   285.0000 |
|   10787 |        29 |  2475.8000 |
|   10788 |        19 |   460.0000 |
|   10788 |        75 |   310.0000 |
|   10789 |        18 |  1875.0000 |
|   10789 |        35 |   270.0000 |
|   10789 |        63 |  1317.0000 |
|   10789 |        68 |   225.0000 |
|   10790 |         7 |    90.0000 |
|   10790 |        56 |   760.0000 |
|   10791 |        29 |  1733.0600 |
|   10791 |        41 |   193.0000 |
|   10792 |         2 |   190.0000 |
|   10792 |        54 |    22.3500 |
|   10792 |        68 |   187.5000 |
|   10793 |        41 |   135.1000 |
|   10793 |        52 |    56.0000 |
|   10794 |        14 |   348.7500 |
|   10794 |        54 |    44.7000 |
|   10795 |        16 |  1134.2500 |
|   10795 |        17 |  1365.0000 |
|   10796 |        26 |   655.8300 |
|   10796 |        44 |   194.5000 |
|   10796 |        64 |  1163.7500 |
|   10796 |        69 |   864.0000 |
|   10797 |        11 |   420.0000 |
|   10798 |        62 |    98.6000 |
|   10798 |        72 |   348.0000 |
|   10799 |        13 |   120.0000 |
|   10799 |        24 |    90.0000 |
|   10799 |        59 |  1375.0000 |
|   10800 |        11 |  1050.0000 |
|   10800 |        51 |   530.0000 |
|   10800 |        54 |    52.1500 |
|   10801 |        17 |  1560.0000 |
|   10801 |        29 |  2475.8000 |
|   10802 |        30 |   647.2500 |
|   10802 |        51 |  1590.0000 |
|   10802 |        55 |  1440.0000 |
|   10802 |        62 |   246.5000 |
|   10803 |        19 |   220.8000 |
|   10803 |        25 |   210.0000 |
|   10803 |        59 |   825.0000 |
|   10804 |        10 |  1116.0000 |
|   10804 |        28 |  1094.4000 |
|   10804 |        49 |    80.0000 |
|   10805 |        34 |   140.0000 |
|   10805 |        38 |  2635.0000 |
|   10806 |         2 |   380.0000 |
|   10806 |        65 |    42.1000 |
|   10806 |        74 |   150.0000 |
|   10807 |        40 |    18.4000 |
|   10808 |        56 |   760.0000 |
|   10808 |        76 |   900.0000 |
|   10809 |        52 |   140.0000 |
|   10810 |        13 |    42.0000 |
|   10810 |        25 |    70.0000 |
|   10810 |        70 |    75.0000 |
|   10811 |        19 |   138.0000 |
|   10811 |        23 |   162.0000 |
|   10811 |        40 |   552.0000 |
|   10812 |        31 |   200.0000 |
|   10812 |        72 |  1392.0000 |
|   10812 |        77 |   260.0000 |
|   10813 |         2 |   228.0000 |
|   10813 |        46 |   420.0000 |
|   10814 |        41 |   193.0000 |
|   10814 |        43 |   920.0000 |
|   10814 |        48 |   102.0000 |
|   10814 |        61 |   855.0000 |
|   10815 |        33 |    40.0000 |
|   10816 |        38 |  7905.0000 |
|   10816 |        62 |   986.0000 |
|   10817 |        26 |  1249.2000 |
|   10817 |        38 |  7905.0000 |
|   10817 |        40 |  1104.0000 |
|   10817 |        62 |  1232.5000 |
|   10818 |        32 |   640.0000 |
|   10818 |        41 |   193.0000 |
|   10819 |        43 |   322.0000 |
|   10819 |        75 |   155.0000 |
|   10820 |        56 |  1140.0000 |
|   10821 |        35 |   360.0000 |
|   10821 |        51 |   318.0000 |
|   10822 |        62 |   147.9000 |
|   10822 |        70 |    90.0000 |
|   10823 |        11 |   420.0000 |
|   10823 |        57 |   292.5000 |
|   10823 |        59 |  2200.0000 |
|   10823 |        77 |   195.0000 |
|   10824 |        41 |   115.8000 |
|   10824 |        70 |   135.0000 |
|   10825 |        26 |   374.7600 |
|   10825 |        53 |   656.0000 |
|   10826 |        31 |   437.5000 |
|   10826 |        57 |   292.5000 |
|   10827 |        10 |   465.0000 |
|   10827 |        39 |   378.0000 |
|   10828 |        20 |   405.0000 |
|   10828 |        38 |   527.0000 |
|   10829 |         2 |   190.0000 |
|   10829 |         8 |   800.0000 |
|   10829 |        13 |    60.0000 |
|   10829 |        60 |   714.0000 |
|   10830 |         6 |   150.0000 |
|   10830 |        39 |   504.0000 |
|   10830 |        60 |  1020.0000 |
|   10830 |        68 |   300.0000 |
|   10831 |        19 |    18.4000 |
|   10831 |        35 |   144.0000 |
|   10831 |        38 |  2108.0000 |
|   10831 |        43 |   414.0000 |
|   10832 |        13 |    18.0000 |
|   10832 |        25 |   140.0000 |
|   10832 |        44 |   311.2000 |
|   10832 |        64 |    99.7500 |
|   10833 |         7 |   600.0000 |
|   10833 |        31 |   112.5000 |
|   10833 |        53 |   295.2000 |
|   10834 |        29 |   990.3200 |
|   10834 |        30 |   517.8000 |
|   10835 |        59 |   825.0000 |
|   10835 |        77 |    26.0000 |
|   10836 |        22 |  1092.0000 |
|   10836 |        35 |   108.0000 |
|   10836 |        57 |   468.0000 |
|   10836 |        60 |  2040.0000 |
|   10836 |        64 |   997.5000 |
|   10837 |        13 |    36.0000 |
|   10837 |        40 |   460.0000 |
|   10837 |        47 |   380.0000 |
|   10837 |        76 |   378.0000 |
|   10838 |         1 |    72.0000 |
|   10838 |        18 |  1562.5000 |
|   10838 |        36 |   950.0000 |
|   10839 |        58 |   397.5000 |
|   10839 |        72 |   522.0000 |
|   10840 |        25 |    84.0000 |
|   10840 |        39 |   180.0000 |
|   10841 |        10 |   496.0000 |
|   10841 |        56 |  1140.0000 |
|   10841 |        59 |  2750.0000 |
|   10841 |        77 |   195.0000 |
|   10842 |        11 |   315.0000 |
|   10842 |        43 |   230.0000 |
|   10842 |        68 |   250.0000 |
|   10842 |        70 |   180.0000 |
|   10843 |        51 |   212.0000 |
|   10844 |        22 |   735.0000 |
|   10845 |        23 |   630.0000 |
|   10845 |        35 |   450.0000 |
|   10845 |        42 |   588.0000 |
|   10845 |        58 |   795.0000 |
|   10845 |        64 |  1596.0000 |
|   10846 |         4 |   462.0000 |
|   10846 |        70 |   450.0000 |
|   10846 |        74 |   200.0000 |
|   10847 |         1 |  1440.0000 |
|   10847 |        19 |   110.4000 |
|   10847 |        37 |  1560.0000 |
|   10847 |        45 |   342.0000 |
|   10847 |        60 |  1530.0000 |
|   10847 |        71 |  1182.5000 |
|   10848 |         5 |   640.5000 |
|   10848 |         9 |   291.0000 |
|   10849 |         3 |   490.0000 |
|   10849 |        26 |   562.1400 |
|   10850 |        25 |   280.0000 |
|   10850 |        33 |    10.0000 |
|   10850 |        70 |   450.0000 |
|   10851 |         2 |    95.0000 |
|   10851 |        25 |   140.0000 |
|   10851 |        57 |   195.0000 |
|   10851 |        59 |  2310.0000 |
|   10852 |         2 |   285.0000 |
|   10852 |        17 |   234.0000 |
|   10852 |        62 |  2465.0000 |
|   10853 |        18 |   625.0000 |
|   10854 |        10 |  3100.0000 |
|   10854 |        13 |   390.0000 |
|   10855 |        16 |   872.5000 |
|   10855 |        31 |   175.0000 |
|   10855 |        56 |   912.0000 |
|   10855 |        65 |   315.7500 |
|   10856 |         2 |   380.0000 |
|   10856 |        42 |   280.0000 |
|   10857 |         3 |   300.0000 |
|   10857 |        26 |  1093.0500 |
|   10857 |        29 |  1237.9000 |
|   10858 |         7 |   150.0000 |
|   10858 |        27 |   439.0000 |
|   10858 |        70 |    60.0000 |
|   10859 |        24 |   180.0000 |
|   10859 |        54 |   260.7500 |
|   10859 |        64 |   997.5000 |
|   10860 |        51 |   159.0000 |
|   10860 |        76 |   360.0000 |
|   10861 |        17 |  1638.0000 |
|   10861 |        18 |  1250.0000 |
|   10861 |        21 |   400.0000 |
|   10861 |        33 |    87.5000 |
|   10861 |        62 |   147.9000 |
|   10862 |        11 |   525.0000 |
|   10862 |        52 |    56.0000 |
|   10863 |         1 |   360.0000 |
|   10863 |        58 |   159.0000 |
|   10864 |        35 |    72.0000 |
|   10864 |        67 |   210.0000 |
|   10865 |        38 | 15810.0000 |
|   10865 |        39 |  1440.0000 |
|   10866 |         2 |   399.0000 |
|   10866 |        24 |    27.0000 |
|   10866 |        30 |  1035.6000 |
|   10867 |        53 |    98.4000 |
|   10868 |        26 |   624.6000 |
|   10868 |        35 |   540.0000 |
|   10868 |        49 |   840.0000 |
|   10869 |         1 |   720.0000 |
|   10869 |        11 |   210.0000 |
|   10869 |        23 |   450.0000 |
|   10869 |        68 |   250.0000 |
|   10870 |        35 |    54.0000 |
|   10870 |        51 |   106.0000 |
|   10871 |         6 |  1250.0000 |
|   10871 |        16 |   209.4000 |
|   10871 |        17 |   624.0000 |
|   10872 |        55 |   240.0000 |
|   10872 |        62 |   986.0000 |
|   10872 |        64 |   498.7500 |
|   10872 |        65 |   442.0500 |
|   10873 |        21 |   200.0000 |
|   10873 |        28 |   136.8000 |
|   10874 |        10 |   310.0000 |
|   10875 |        19 |   230.0000 |
|   10875 |        47 |   199.5000 |
|   10875 |        49 |   300.0000 |
|   10876 |        46 |   252.0000 |
|   10876 |        64 |   665.0000 |
|   10877 |        16 |   523.5000 |
|   10877 |        18 |  1562.5000 |
|   10878 |        20 |  1620.0000 |
|   10879 |        40 |   220.8000 |
|   10879 |        65 |   210.5000 |
|   10879 |        76 |   180.0000 |
|   10880 |        23 |   270.0000 |
|   10880 |        61 |   855.0000 |
|   10880 |        70 |   750.0000 |
|   10881 |        73 |   150.0000 |
|   10882 |        42 |   350.0000 |
|   10882 |        49 |   400.0000 |
|   10882 |        54 |   238.4000 |
|   10883 |        24 |    36.0000 |
|   10884 |        21 |   400.0000 |
|   10884 |        56 |   798.0000 |
|   10884 |        65 |   252.6000 |
|   10885 |         2 |   380.0000 |
|   10885 |        24 |    54.0000 |
|   10885 |        70 |   450.0000 |
|   10885 |        77 |   325.0000 |
|   10886 |        10 |  2170.0000 |
|   10886 |        31 |   437.5000 |
|   10886 |        77 |   520.0000 |
|   10887 |        25 |    70.0000 |
|   10888 |         2 |   380.0000 |
|   10888 |        68 |   225.0000 |
|   10889 |        11 |   840.0000 |
|   10889 |        38 | 10540.0000 |
|   10890 |        17 |   585.0000 |
|   10890 |        34 |   140.0000 |
|   10890 |        41 |   135.1000 |
|   10891 |        30 |   388.3500 |
|   10892 |        59 |  2200.0000 |
|   10893 |         8 |  1200.0000 |
|   10893 |        24 |    45.0000 |
|   10893 |        29 |  2970.9600 |
|   10893 |        30 |   906.1500 |
|   10893 |        36 |   380.0000 |
|   10894 |        13 |   168.0000 |
|   10894 |        69 |  1800.0000 |
|   10894 |        75 |   930.0000 |
|   10895 |        24 |   495.0000 |
|   10895 |        39 |   810.0000 |
|   10895 |        40 |  1674.4000 |
|   10895 |        60 |  3400.0000 |
|   10896 |        45 |   142.5000 |
|   10896 |        56 |   608.0000 |
|   10897 |        29 |  9903.2000 |
|   10897 |        30 |   932.0400 |
|   10898 |        13 |    30.0000 |
|   10899 |        39 |   144.0000 |
|   10900 |        70 |    45.0000 |
|   10901 |        41 |   289.5000 |
|   10901 |        71 |   645.0000 |
|   10902 |        55 |   720.0000 |
|   10902 |        62 |   295.8000 |
|   10903 |        13 |   240.0000 |
|   10903 |        65 |   442.0500 |
|   10903 |        68 |   250.0000 |
|   10904 |        58 |   198.7500 |
|   10904 |        62 |  1725.5000 |
|   10905 |         1 |   360.0000 |
|   10906 |        61 |   427.5000 |
|   10907 |        75 |   108.5000 |
|   10908 |         7 |   600.0000 |
|   10908 |        52 |    98.0000 |
|   10909 |         7 |   360.0000 |
|   10909 |        16 |   261.7500 |
|   10909 |        41 |    48.2500 |
|   10910 |        19 |   110.4000 |
|   10910 |        49 |   200.0000 |
|   10910 |        61 |   142.5000 |
|   10911 |         1 |   180.0000 |
|   10911 |        17 |   468.0000 |
|   10911 |        67 |   210.0000 |
|   10912 |        11 |   840.0000 |
|   10912 |        29 |  7427.4000 |
|   10913 |         4 |   660.0000 |
|   10913 |        33 |   100.0000 |
|   10913 |        58 |   198.7500 |
|   10914 |        71 |   537.5000 |
|   10915 |        17 |   390.0000 |
|   10915 |        33 |    75.0000 |
|   10915 |        54 |    74.5000 |
|   10916 |        16 |   104.7000 |
|   10916 |        32 |   192.0000 |
|   10916 |        57 |   390.0000 |
|   10917 |        30 |    25.8900 |
|   10917 |        60 |   340.0000 |
|   10918 |         1 |  1080.0000 |
|   10918 |        60 |   850.0000 |
|   10919 |        16 |   418.8000 |
|   10919 |        25 |   336.0000 |
|   10919 |        40 |   368.0000 |
|   10920 |        50 |   390.0000 |
|   10921 |        35 |   180.0000 |
|   10921 |        63 |  1756.0000 |
|   10922 |        17 |   585.0000 |
|   10922 |        24 |   157.5000 |
|   10923 |        42 |   140.0000 |
|   10923 |        43 |   460.0000 |
|   10923 |        67 |   336.0000 |
|   10924 |        10 |   620.0000 |
|   10924 |        28 |  1368.0000 |
|   10924 |        75 |    46.5000 |
|   10925 |        36 |   475.0000 |
|   10925 |        52 |    84.0000 |
|   10926 |        11 |    42.0000 |
|   10926 |        13 |    60.0000 |
|   10926 |        19 |    64.4000 |
|   10926 |        72 |   348.0000 |
|   10927 |        20 |   405.0000 |
|   10927 |        52 |    35.0000 |
|   10927 |        76 |   360.0000 |
|   10928 |        47 |    47.5000 |
|   10928 |        76 |    90.0000 |
|   10929 |        21 |   600.0000 |
|   10929 |        75 |   379.7500 |
|   10929 |        77 |   195.0000 |
|   10930 |        21 |   360.0000 |
|   10930 |        27 |  1097.5000 |
|   10930 |        55 |   600.0000 |
|   10930 |        58 |   397.5000 |
|   10931 |        13 |   252.0000 |
|   10931 |        57 |   585.0000 |
|   10932 |        16 |   523.5000 |
|   10932 |        62 |   690.2000 |
|   10932 |        72 |   556.8000 |
|   10932 |        75 |   155.0000 |
|   10933 |        53 |    65.6000 |
|   10933 |        61 |   855.0000 |
|   10934 |         6 |   500.0000 |
|   10935 |         1 |   378.0000 |
|   10935 |        18 |   250.0000 |
|   10935 |        23 |    72.0000 |
|   10936 |        36 |   570.0000 |
|   10937 |        28 |   364.8000 |
|   10937 |        34 |   280.0000 |
|   10938 |        13 |   120.0000 |
|   10938 |        43 |  1104.0000 |
|   10938 |        60 |  1666.0000 |
|   10938 |        71 |   752.5000 |
|   10939 |         2 |   190.0000 |
|   10939 |        67 |   560.0000 |
|   10940 |         7 |   240.0000 |
|   10940 |        13 |   120.0000 |
|   10941 |        31 |   550.0000 |
|   10941 |        62 |  1479.0000 |
|   10941 |        68 |  1000.0000 |
|   10941 |        72 |  1740.0000 |
|   10942 |        49 |   560.0000 |
|   10943 |        13 |    90.0000 |
|   10943 |        22 |   441.0000 |
|   10943 |        46 |   180.0000 |
|   10944 |        11 |   105.0000 |
|   10944 |        44 |   350.1000 |
|   10944 |        56 |   684.0000 |
|   10945 |        13 |   120.0000 |
|   10945 |        31 |   125.0000 |
|   10946 |        10 |   775.0000 |
|   10946 |        24 |   112.5000 |
|   10946 |        77 |   520.0000 |
|   10947 |        59 |   220.0000 |
|   10948 |        50 |   146.2500 |
|   10948 |        51 |  2120.0000 |
|   10948 |        55 |    96.0000 |
|   10949 |         6 |   300.0000 |
|   10949 |        10 |   930.0000 |
|   10949 |        17 |   234.0000 |
|   10949 |        62 |  2958.0000 |
|   10950 |         4 |   110.0000 |
|   10951 |        33 |    37.5000 |
|   10951 |        41 |    57.9000 |
|   10951 |        75 |   387.5000 |
|   10952 |         6 |   400.0000 |
|   10952 |        28 |    91.2000 |
|   10953 |        20 |  4050.0000 |
|   10953 |        31 |   625.0000 |
|   10954 |        16 |   488.6000 |
|   10954 |        31 |   312.5000 |
|   10954 |        45 |   285.0000 |
|   10954 |        60 |   816.0000 |
|   10955 |        75 |    93.0000 |
|   10956 |        21 |   120.0000 |
|   10956 |        47 |   133.0000 |
|   10956 |        51 |   424.0000 |
|   10957 |        30 |   776.7000 |
|   10957 |        35 |   720.0000 |
|   10957 |        64 |   266.0000 |
|   10958 |         5 |   427.0000 |
|   10958 |         7 |   180.0000 |
|   10958 |        72 |   174.0000 |
|   10959 |        75 |   155.0000 |
|   10960 |        24 |    45.0000 |
|   10960 |        41 |   231.6000 |
|   10961 |        52 |    42.0000 |
|   10961 |        76 |  1080.0000 |
|   10962 |         7 |  1350.0000 |
|   10962 |        13 |   462.0000 |
|   10962 |        53 |   656.0000 |
|   10962 |        69 |   324.0000 |
|   10962 |        76 |   792.0000 |
|   10963 |        60 |    68.0000 |
|   10964 |        18 |   375.0000 |
|   10964 |        38 |  1317.5000 |
|   10964 |        69 |   360.0000 |
|   10965 |        51 |   848.0000 |
|   10966 |        37 |   208.0000 |
|   10966 |        56 |   456.0000 |
|   10966 |        62 |   591.6000 |
|   10967 |        19 |   110.4000 |
|   10967 |        49 |   800.0000 |
|   10968 |        12 |  1140.0000 |
|   10968 |        24 |   135.0000 |
|   10968 |        64 |   133.0000 |
|   10969 |        46 |   108.0000 |
|   10970 |        52 |   280.0000 |
|   10971 |        29 |  1733.0600 |
|   10972 |        17 |   234.0000 |
|   10972 |        33 |    17.5000 |
|   10973 |        26 |   156.1500 |
|   10973 |        41 |    57.9000 |
|   10973 |        75 |    77.5000 |
|   10974 |        63 |   439.0000 |
|   10975 |         8 |   640.0000 |
|   10975 |        75 |    77.5000 |
|   10976 |        28 |   912.0000 |
|   10977 |        39 |   540.0000 |
|   10977 |        47 |   285.0000 |
|   10977 |        51 |   530.0000 |
|   10977 |        63 |   878.0000 |
|   10978 |         8 |   800.0000 |
|   10978 |        21 |   400.0000 |
|   10978 |        40 |   184.0000 |
|   10978 |        44 |   116.7000 |
|   10979 |         7 |   540.0000 |
|   10979 |        12 |   760.0000 |
|   10979 |        24 |   360.0000 |
|   10979 |        27 |  1317.0000 |
|   10979 |        31 |   300.0000 |
|   10979 |        63 |  1536.5000 |
|   10980 |        75 |   310.0000 |
|   10981 |        38 | 15810.0000 |
|   10982 |         7 |   600.0000 |
|   10982 |        43 |   414.0000 |
|   10983 |        13 |   504.0000 |
|   10983 |        57 |   292.5000 |
|   10984 |        16 |   959.7500 |
|   10984 |        24 |    90.0000 |
|   10984 |        36 |   760.0000 |
|   10985 |        16 |   628.2000 |
|   10985 |        18 |   500.0000 |
|   10985 |        32 |  1120.0000 |
|   10986 |        11 |   630.0000 |
|   10986 |        20 |  1215.0000 |
|   10986 |        76 |   180.0000 |
|   10986 |        77 |   195.0000 |
|   10987 |         7 |  1800.0000 |
|   10987 |        43 |   276.0000 |
|   10987 |        72 |   696.0000 |
|   10988 |         7 |  1800.0000 |
|   10988 |        62 |  1972.0000 |
|   10989 |         6 |  1000.0000 |
|   10989 |        11 |   315.0000 |
|   10989 |        41 |    38.6000 |
|   10990 |        21 |   650.0000 |
|   10990 |        34 |   840.0000 |
|   10990 |        55 |  1560.0000 |
|   10990 |        61 |  1881.0000 |
|   10991 |         2 |   950.0000 |
|   10991 |        70 |   300.0000 |
|   10991 |        76 |  1620.0000 |
|   10992 |        72 |    69.6000 |
|   10993 |        29 |  6189.5000 |
|   10993 |        41 |   337.7500 |
|   10994 |        59 |   990.0000 |
|   10995 |        51 |  1060.0000 |
|   10995 |        60 |   136.0000 |
|   10996 |        42 |   560.0000 |
|   10997 |        32 |  1600.0000 |
|   10997 |        46 |   240.0000 |
|   10997 |        52 |   140.0000 |
|   10998 |        24 |    54.0000 |
|   10998 |        61 |   199.5000 |
|   10998 |        74 |   200.0000 |
|   10998 |        75 |   232.5000 |
|   10999 |        41 |   193.0000 |
|   10999 |        51 |   795.0000 |
|   10999 |        77 |   273.0000 |
|   11000 |         4 |   550.0000 |
|   11000 |        24 |   135.0000 |
|   11000 |        77 |   390.0000 |
|   11001 |         7 |  1800.0000 |
|   11001 |        22 |   525.0000 |
|   11001 |        46 |   300.0000 |
|   11001 |        55 |   144.0000 |
|   11002 |        13 |   336.0000 |
|   11002 |        35 |   270.0000 |
|   11002 |        42 |   336.0000 |
|   11002 |        55 |   960.0000 |
|   11003 |         1 |    72.0000 |
|   11003 |        40 |   184.0000 |
|   11003 |        52 |    70.0000 |
|   11004 |        26 |   187.3800 |
|   11004 |        76 |   108.0000 |
|   11005 |         1 |    36.0000 |
|   11005 |        59 |   550.0000 |
|   11006 |         1 |   144.0000 |
|   11006 |        29 |   247.5800 |
|   11007 |         8 |  1200.0000 |
|   11007 |        29 |  1237.9000 |
|   11007 |        42 |   196.0000 |
|   11008 |        28 |  3192.0000 |
|   11008 |        34 |  1260.0000 |
|   11008 |        71 |   451.5000 |
|   11009 |        24 |    54.0000 |
|   11009 |        36 |   342.0000 |
|   11009 |        60 |   306.0000 |
|   11010 |         7 |   600.0000 |
|   11010 |        24 |    45.0000 |
|   11011 |        58 |   530.0000 |
|   11011 |        71 |   430.0000 |
|   11012 |        19 |   460.0000 |
|   11012 |        60 |  1224.0000 |
|   11012 |        71 |  1290.0000 |
|   11013 |        23 |    90.0000 |
|   11013 |        42 |    56.0000 |
|   11013 |        45 |   190.0000 |
|   11013 |        68 |    25.0000 |
|   11014 |        41 |   270.2000 |
|   11015 |        30 |   388.3500 |
|   11015 |        77 |   234.0000 |
|   11016 |        31 |   187.5000 |
|   11016 |        36 |   304.0000 |
|   11017 |         3 |   250.0000 |
|   11017 |        59 |  6050.0000 |
|   11017 |        70 |   450.0000 |
|   11018 |        12 |   760.0000 |
|   11018 |        18 |   625.0000 |
|   11018 |        56 |   190.0000 |
|   11019 |        46 |    36.0000 |
|   11019 |        49 |    40.0000 |
|   11020 |        10 |   744.0000 |
|   11021 |         2 |   209.0000 |
|   11021 |        20 |  1215.0000 |
|   11021 |        26 |  1967.4900 |
|   11021 |        51 |  2332.0000 |
|   11021 |        72 |  1218.0000 |
|   11022 |        19 |   322.0000 |
|   11022 |        69 |  1080.0000 |
|   11023 |         7 |   120.0000 |
|   11023 |        43 |  1380.0000 |
|   11024 |        26 |   374.7600 |
|   11024 |        33 |    75.0000 |
|   11024 |        65 |   442.0500 |
|   11024 |        71 |  1075.0000 |
|   11025 |         1 |   180.0000 |
|   11025 |        13 |   120.0000 |
|   11026 |        18 |   500.0000 |
|   11026 |        51 |   530.0000 |
|   11027 |        24 |   135.0000 |
|   11027 |        62 |  1035.3000 |
|   11028 |        55 |   840.0000 |
|   11028 |        59 |  1320.0000 |
|   11029 |        56 |   760.0000 |
|   11029 |        63 |   526.8000 |
|   11030 |         2 |  1900.0000 |
|   11030 |         5 |  1494.5000 |
|   11030 |        29 |  7427.4000 |
|   11030 |        59 |  5500.0000 |
|   11031 |         1 |   810.0000 |
|   11031 |        13 |   480.0000 |
|   11031 |        24 |    94.5000 |
|   11031 |        64 |   665.0000 |
|   11031 |        71 |   344.0000 |
|   11032 |        36 |   665.0000 |
|   11032 |        38 |  6587.5000 |
|   11032 |        59 |  1650.0000 |
|   11033 |        53 |  2296.0000 |
|   11033 |        69 |  1296.0000 |
|   11034 |        21 |   150.0000 |
|   11034 |        44 |   233.4000 |
|   11034 |        61 |   171.0000 |
|   11035 |         1 |   180.0000 |
|   11035 |        35 |  1080.0000 |
|   11035 |        42 |   420.0000 |
|   11035 |        54 |    74.5000 |
|   11036 |        13 |    42.0000 |
|   11036 |        59 |  1650.0000 |
|   11037 |        70 |    60.0000 |
|   11038 |        40 |    92.0000 |
|   11038 |        52 |    14.0000 |
|   11038 |        71 |   645.0000 |
|   11039 |        28 |   912.0000 |
|   11039 |        35 |   432.0000 |
|   11039 |        49 |  1200.0000 |
|   11039 |        57 |   546.0000 |
|   11040 |        21 |   200.0000 |
|   11041 |         2 |   570.0000 |
|   11041 |        63 |  1317.0000 |
|   11042 |        44 |   291.7500 |
|   11042 |        61 |   114.0000 |
|   11043 |        11 |   210.0000 |
|   11044 |        62 |   591.6000 |
|   11045 |        33 |    37.5000 |
|   11045 |        51 |  1272.0000 |
|   11046 |        12 |   760.0000 |
|   11046 |        32 |   480.0000 |
|   11046 |        35 |   324.0000 |
|   11047 |         1 |   450.0000 |
|   11047 |         5 |   640.5000 |
|   11048 |        68 |   525.0000 |
|   11049 |         2 |   190.0000 |
|   11049 |        12 |   152.0000 |
|   11050 |        76 |   900.0000 |
|   11051 |        24 |    45.0000 |
|   11052 |        43 |  1380.0000 |
|   11052 |        61 |   285.0000 |
|   11053 |        18 |  2187.5000 |
|   11053 |        32 |   640.0000 |
|   11053 |        64 |   831.2500 |
|   11054 |        33 |    25.0000 |
|   11054 |        67 |   280.0000 |
|   11055 |        24 |    67.5000 |
|   11055 |        25 |   210.0000 |
|   11055 |        51 |  1060.0000 |
|   11055 |        57 |   390.0000 |
|   11056 |         7 |  1200.0000 |
|   11056 |        55 |   840.0000 |
|   11056 |        60 |  1700.0000 |
|   11057 |        70 |    45.0000 |
|   11058 |        21 |    30.0000 |
|   11058 |        60 |   714.0000 |
|   11058 |        61 |   114.0000 |
|   11059 |        13 |   180.0000 |
|   11059 |        17 |   468.0000 |
|   11059 |        60 |  1190.0000 |
|   11060 |        60 |   136.0000 |
|   11060 |        77 |   130.0000 |
|   11061 |        60 |   510.0000 |
|   11062 |        53 |   328.0000 |
|   11062 |        70 |   180.0000 |
|   11063 |        34 |   420.0000 |
|   11063 |        40 |   736.0000 |
|   11063 |        41 |   289.5000 |
|   11064 |        17 |  3003.0000 |
|   11064 |        41 |   115.8000 |
|   11064 |        53 |   820.0000 |
|   11064 |        55 |    96.0000 |
|   11064 |        68 |   687.5000 |
|   11065 |        30 |   103.5600 |
|   11065 |        54 |   149.0000 |
|   11066 |        16 |    52.3500 |
|   11066 |        19 |   386.4000 |
|   11066 |        34 |   490.0000 |
|   11067 |        41 |    86.8500 |
|   11068 |        28 |   364.8000 |
|   11068 |        43 |  1656.0000 |
|   11068 |        77 |   364.0000 |
|   11069 |        39 |   360.0000 |
|   11070 |         1 |   720.0000 |
|   11070 |         2 |   380.0000 |
|   11070 |        16 |   523.5000 |
|   11070 |        31 |   250.0000 |
|   11071 |         7 |   450.0000 |
|   11071 |        13 |    60.0000 |
|   11072 |         2 |   152.0000 |
|   11072 |        41 |   386.0000 |
|   11072 |        50 |   357.5000 |
|   11072 |        64 |  4322.5000 |
|   11073 |        11 |   210.0000 |
|   11073 |        24 |    90.0000 |
|   11074 |        16 |   244.3000 |
|   11075 |         2 |   190.0000 |
|   11075 |        46 |   360.0000 |
|   11075 |        76 |    36.0000 |
|   11076 |         6 |   500.0000 |
|   11076 |        14 |   465.0000 |
|   11076 |        19 |    92.0000 |
|   11077 |         2 |   456.0000 |
|   11077 |         3 |    40.0000 |
|   11077 |         4 |    22.0000 |
|   11077 |         6 |    25.0000 |
|   11077 |         7 |    30.0000 |
|   11077 |         8 |    80.0000 |
|   11077 |        10 |    31.0000 |
|   11077 |        12 |    76.0000 |
|   11077 |        13 |    24.0000 |
|   11077 |        14 |    23.2500 |
|   11077 |        16 |    34.9000 |
|   11077 |        20 |    81.0000 |
|   11077 |        23 |    18.0000 |
|   11077 |        32 |    32.0000 |
|   11077 |        39 |    36.0000 |
|   11077 |        41 |    28.9500 |
|   11077 |        46 |    36.0000 |
|   11077 |        52 |    14.0000 |
|   11077 |        55 |    48.0000 |
|   11077 |        60 |    68.0000 |
|   11077 |        64 |    66.5000 |
|   11077 |        66 |    17.0000 |
|   11077 |        73 |    30.0000 |
|   11077 |        75 |    31.0000 |
|   11077 |        77 |    26.0000 |
+---------+-----------+------------+
2155 rows in set (0.0046 sec)

 MySQL  localhost:3306  northwind  SQL > select orderid, productid, (unitprice * quantity) as total from orderdetails limit 10;
+---------+-----------+-----------+
| orderid | productid | total     |
+---------+-----------+-----------+
|   10248 |        11 |  168.0000 |
|   10248 |        42 |   98.0000 |
|   10248 |        72 |  174.0000 |
|   10249 |        14 |  167.4000 |
|   10249 |        51 | 1696.0000 |
|   10250 |        41 |   77.0000 |
|   10250 |        51 | 1484.0000 |
|   10250 |        65 |  252.0000 |
|   10251 |        22 |  100.8000 |
|   10251 |        57 |  234.0000 |
+---------+-----------+-----------+
10 rows in set (0.0005 sec)

 MySQL  localhost:3306  northwind  SQL >
 MySQL  localhost:3306  northwind  SQL > select a.orderid, b.productname, (a.unitprice * a.quantity) as total
                                     ... from orderdetails a
                                     ... inner join products b on a.productid = b.productid limit 20;
+---------+--------------+-----------+
| orderid | productname  | total     |
+---------+--------------+-----------+
|   10265 | Alice Mutton |  936.0000 |
|   10279 | Alice Mutton |  468.0000 |
|   10294 | Alice Mutton |  468.0000 |
|   10302 | Alice Mutton | 1248.0000 |
|   10319 | Alice Mutton |  249.6000 |
|   10338 | Alice Mutton |  624.0000 |
|   10339 | Alice Mutton | 2184.0000 |
|   10346 | Alice Mutton | 1123.2000 |
|   10415 | Alice Mutton |   62.4000 |
|   10430 | Alice Mutton | 1404.0000 |
|   10431 | Alice Mutton | 1560.0000 |
|   10444 | Alice Mutton |  312.0000 |
|   10523 | Alice Mutton |  975.0000 |
|   10530 | Alice Mutton | 1560.0000 |
|   10550 | Alice Mutton |  312.0000 |
|   10564 | Alice Mutton |  624.0000 |
|   10573 | Alice Mutton |  702.0000 |
|   10607 | Alice Mutton | 3900.0000 |
|   10686 | Alice Mutton | 1170.0000 |
|   10696 | Alice Mutton |  780.0000 |
+---------+--------------+-----------+
20 rows in set (0.0006 sec)

 MySQL  localhost:3306  northwind  SQL >