
Group
Having 





MySQL Shell 8.0.12

Copyright (c) 2016, 2018, Oracle and/or its affiliates. All rights reserved.

Oracle is a registered trademark of Oracle Corporation and/or its
affiliates. Other names may be trademarks of their respective
owners.

Type '\help' or '\?' for help; '\quit' to exit.


 MySQL  JS > \sql
Switching to SQL mode... Commands end with ;

 MySQL  SQL > \connect -c root@localhost
The -c option is deprecated, please use --mysql or -mc instead
Creating a Classic session to 'root@localhost'
Please provide the password for 'root@localhost': *********
Save password for 'root@localhost:3306'? [Y]es/[N]o/Ne[v]er (default No): y
Fetching schema names for autocompletion... Press ^C to stop.
Your MySQL connection id is 2
Server version: 5.7.21-log MySQL Community Server (GPL)
No default schema selected; type \use <schema> to set one.

 MySQL  localhost:3306  SQL > use northwind;
Default schema set to `northwind`.
Fetching table and column names from `northwind` for auto-completion... Press ^C to stop.

 MySQL  localhost:3306  northwind  SQL > show tables;
+----------------------+
| Tables_in_northwind  |
+----------------------+
| account              |
| categories           |
| customercustomerdemo |
| customerdemographics |
| customers            |
| empleados            |
| employees            |
| employeeterritories  |
| lista_empleados      |
| lista_empleados_a    |
| mi_rfc               |
| nombre_cliente       |
| orderdetails         |
| orders               |
| pagos_empleados      |
| personas             |
| products             |
| prueba2              |
| region               |
| rfc_gringos          |
| shippers             |
| suppliers            |
| territories          |
| ventas_producto      |
+----------------------+
24 rows in set (0.0009 sec)

 MySQL  localhost:3306  northwind  SQL > desc orderdetails;
+-----------+---------------+------+-----+---------+-------+
| Field     | Type          | Null | Key | Default | Extra |
+-----------+---------------+------+-----+---------+-------+
| OrderID   | int(11)       | NO   | PRI | NULL    |       |
| ProductID | int(11)       | NO   | PRI | NULL    |       |
| UnitPrice | decimal(10,4) | NO   |     | 0.0000  |       |
| Quantity  | smallint(2)   | NO   |     | 1       |       |
| Discount  | double(8,0)   | NO   |     | 0       |       |
+-----------+---------------+------+-----+---------+-------+
5 rows in set (0.0006 sec)

 MySQL  localhost:3306  northwind  SQL > select count(*) from orderdetails;
+----------+
| count(*) |
+----------+
|     2155 |
+----------+
1 row in set (0.0064 sec)

 MySQL  localhost:3306  northwind  SQL > select * from products;
+-----------+----------------------------------+------------+------------+----------------------+-----------+--------------+--------------+--------------+--------------+
| ProductID | ProductName                      | SupplierID | CategoryID | QuantityPerUnit      | UnitPrice | UnitsInStock | UnitsOnOrder | ReorderLevel | Discontinued |
+-----------+----------------------------------+------------+------------+----------------------+-----------+--------------+--------------+--------------+--------------+
|         1 | Chai                             |          1 |          1 | 10 boxes x 20 bags   |   18.0000 |           39 |            0 |           10 |            0 |
|         2 | Chang                            |          1 |          1 | 24 - 12 oz bottles   |   19.0000 |           17 |           40 |           25 |            0 |
|         3 | Aniseed Syrup                    |          1 |          2 | 12 - 550 ml bottles  |   10.0000 |           13 |           70 |           25 |            0 |
|         4 | Chef Anton's Cajun Seasoning     |          2 |          2 | 48 - 6 oz jars       |   22.0000 |           53 |            0 |            0 |            0 |
|         5 | Chef Anton's Gumbo Mix           |          2 |          2 | 36 boxes             |   21.3500 |            0 |            0 |            0 |            1 |
|         6 | Grandma's Boysenberry Spread     |          3 |          2 | 12 - 8 oz jars       |   25.0000 |          120 |            0 |           25 |            0 |
|         7 | Uncle Bob's Organic Dried Pears  |          3 |          7 | 12 - 1 lb pkgs.      |   30.0000 |           15 |            0 |           10 |            0 |
|         8 | Northwoods Cranberry Sauce       |          3 |          2 | 12 - 12 oz jars      |   40.0000 |            6 |            0 |            0 |            0 |
|         9 | Mishi Kobe Niku                  |          4 |          6 | 18 - 500 g pkgs.     |   97.0000 |           29 |            0 |            0 |            1 |
|        10 | Ikura                            |          4 |          8 | 12 - 200 ml jars     |   31.0000 |           31 |            0 |            0 |            0 |
|        11 | Queso Cabrales                   |          5 |          4 | 1 kg pkg.            |   21.0000 |           22 |           30 |           30 |            0 |
|        12 | Queso Manchego La Pastora        |          5 |          4 | 10 - 500 g pkgs.     |   38.0000 |           86 |            0 |            0 |            0 |
|        13 | Konbu                            |          6 |          8 | 2 kg box             |    6.0000 |           24 |            0 |            5 |            0 |
|        14 | Tofu                             |          6 |          7 | 40 - 100 g pkgs.     |   23.2500 |           35 |            0 |            0 |            0 |
|        15 | Genen Shouyu                     |          6 |          2 | 24 - 250 ml bottles  |   15.5000 |           39 |            0 |            5 |            0 |
|        16 | Pavlova                          |          7 |          3 | 32 - 500 g boxes     |   17.4500 |           29 |            0 |           10 |            0 |
|        17 | Alice Mutton                     |          7 |          6 | 20 - 1 kg tins       |   39.0000 |            0 |            0 |            0 |            1 |
|        18 | Carnarvon Tigers                 |          7 |          8 | 16 kg pkg.           |   62.5000 |           42 |            0 |            0 |            0 |
|        19 | Teatime Chocolate Biscuits       |          8 |          3 | 10 boxes x 12 pieces |    9.2000 |           25 |            0 |            5 |            0 |
|        20 | Sir Rodney's Marmalade           |          8 |          3 | 30 gift boxes        |   81.0000 |           40 |            0 |            0 |            0 |
|        21 | Sir Rodney's Scones              |          8 |          3 | 24 pkgs. x 4 pieces  |   10.0000 |            3 |           40 |            5 |            0 |
|        22 | Gustaf's Knckebrd                |          9 |          5 | 24 - 500 g pkgs.     |   21.0000 |          104 |            0 |           25 |            0 |
|        23 | Tunnbrd                          |          9 |          5 | 12 - 250 g pkgs.     |    9.0000 |           61 |            0 |           25 |            0 |
|        24 | Guaran Fantstica                 |         10 |          1 | 12 - 355 ml cans     |    4.5000 |           20 |            0 |            0 |            1 |
|        25 | NuNuCa Nu-Nougat-Creme           |         11 |          3 | 20 - 450 g glasses   |   14.0000 |           76 |            0 |           30 |            0 |
|        26 | Gumbr Gummibrchen                |         11 |          3 | 100 - 250 g bags     |   31.2300 |           15 |            0 |            0 |            0 |
|        27 | Schoggi Schokolade               |         11 |          3 | 100 - 100 g pieces   |   43.9000 |           49 |            0 |           30 |            0 |
|        28 | Rssle Sauerkraut                 |         12 |          7 | 25 - 825 g cans      |   45.6000 |           26 |            0 |            0 |            1 |
|        29 | Thringer Rostbratwurst           |         12 |          6 | 50 bags x 30 sausgs. |  123.7900 |            0 |            0 |            0 |            1 |
|        30 | Nord-Ost Matjeshering            |         13 |          8 | 10 - 200 g glasses   |   25.8900 |           10 |            0 |           15 |            0 |
|        31 | Gorgonzola Telino                |         14 |          4 | 12 - 100 g pkgs      |   12.5000 |            0 |           70 |           20 |            0 |
|        32 | Mascarpone Fabioli               |         14 |          4 | 24 - 200 g pkgs.     |   32.0000 |            9 |           40 |           25 |            0 |
|        33 | Geitost                          |         15 |          4 | 500 g                |    2.5000 |          112 |            0 |           20 |            0 |
|        34 | Sasquatch Ale                    |         16 |          1 | 24 - 12 oz bottles   |   14.0000 |          111 |            0 |           15 |            0 |
|        35 | Steeleye Stout                   |         16 |          1 | 24 - 12 oz bottles   |   18.0000 |           20 |            0 |           15 |            0 |
|        36 | Inlagd Sill                      |         17 |          8 | 24 - 250 g  jars     |   19.0000 |          112 |            0 |           20 |            0 |
|        37 | Gravad lax                       |         17 |          8 | 12 - 500 g pkgs.     |   26.0000 |           11 |           50 |           25 |            0 |
|        38 | Cte de Blaye                     |         18 |          1 | 12 - 75 cl bottles   |  263.5000 |           17 |            0 |           15 |            0 |
|        39 | Chartreuse verte                 |         18 |          1 | 750 cc per bottle    |   18.0000 |           69 |            0 |            5 |            0 |
|        40 | Boston Crab Meat                 |         19 |          8 | 24 - 4 oz tins       |   18.4000 |          123 |            0 |           30 |            0 |
|        41 | Jack's New England Clam Chowder  |         19 |          8 | 12 - 12 oz cans      |    9.6500 |           85 |            0 |           10 |            0 |
|        42 | Singaporean Hokkien Fried Mee    |         20 |          5 | 32 - 1 kg pkgs.      |   14.0000 |           26 |            0 |            0 |            1 |
|        43 | Ipoh Coffee                      |         20 |          1 | 16 - 500 g tins      |   46.0000 |           17 |           10 |           25 |            0 |
|        44 | Gula Malacca                     |         20 |          2 | 20 - 2 kg bags       |   19.4500 |           27 |            0 |           15 |            0 |
|        45 | Rogede sild                      |         21 |          8 | 1k pkg.              |    9.5000 |            5 |           70 |           15 |            0 |
|        46 | Spegesild                        |         21 |          8 | 4 - 450 g glasses    |   12.0000 |           95 |            0 |            0 |            0 |
|        47 | Zaanse koeken                    |         22 |          3 | 10 - 4 oz boxes      |    9.5000 |           36 |            0 |            0 |            0 |
|        48 | Chocolade                        |         22 |          3 | 10 pkgs.             |   12.7500 |           15 |           70 |           25 |            0 |
|        49 | Maxilaku                         |         23 |          3 | 24 - 50 g pkgs.      |   20.0000 |           10 |           60 |           15 |            0 |
|        50 | Valkoinen suklaa                 |         23 |          3 | 12 - 100 g bars      |   16.2500 |           65 |            0 |           30 |            0 |
|        51 | Manjimup Dried Apples            |         24 |          7 | 50 - 300 g pkgs.     |   53.0000 |           20 |            0 |           10 |            0 |
|        52 | Filo Mix                         |         24 |          5 | 16 - 2 kg boxes      |    7.0000 |           38 |            0 |           25 |            0 |
|        53 | Perth Pasties                    |         24 |          6 | 48 pieces            |   32.8000 |            0 |            0 |            0 |            1 |
|        54 | Tourtire                         |         25 |          6 | 16 pies              |    7.4500 |           21 |            0 |           10 |            0 |
|        55 | Pt chinois                       |         25 |          6 | 24 boxes x 2 pies    |   24.0000 |          115 |            0 |           20 |            0 |
|        56 | Gnocchi di nonna Alice           |         26 |          5 | 24 - 250 g pkgs.     |   38.0000 |           21 |           10 |           30 |            0 |
|        57 | Ravioli Angelo                   |         26 |          5 | 24 - 250 g pkgs.     |   19.5000 |           36 |            0 |           20 |            0 |
|        58 | Escargots de Bourgogne           |         27 |          8 | 24 pieces            |   13.2500 |           62 |            0 |           20 |            0 |
|        59 | Raclette Courdavault             |         28 |          4 | 5 kg pkg.            |   55.0000 |           79 |            0 |            0 |            0 |
|        60 | Camembert Pierrot                |         28 |          4 | 15 - 300 g rounds    |   34.0000 |           19 |            0 |            0 |            0 |
|        61 | Sirop d'rable                    |         29 |          2 | 24 - 500 ml bottles  |   28.5000 |          113 |            0 |           25 |            0 |
|        62 | Tarte au sucre                   |         29 |          3 | 48 pies              |   49.3000 |           17 |            0 |            0 |            0 |
|        63 | Vegie-spread                     |          7 |          2 | 15 - 625 g jars      |   43.9000 |           24 |            0 |            5 |            0 |
|        64 | Wimmers gute Semmelkndel         |         12 |          5 | 20 bags x 4 pieces   |   33.2500 |           22 |           80 |           30 |            0 |
|        65 | Louisiana Fiery Hot Pepper Sauce |          2 |          2 | 32 - 8 oz bottles    |   21.0500 |           76 |            0 |            0 |            0 |
|        66 | Louisiana Hot Spiced Okra        |          2 |          2 | 24 - 8 oz jars       |   17.0000 |            4 |          100 |           20 |            0 |
|        67 | Laughing Lumberjack Lager        |         16 |          1 | 24 - 12 oz bottles   |   14.0000 |           52 |            0 |           10 |            0 |
|        68 | Scottish Longbreads              |          8 |          3 | 10 boxes x 8 pieces  |   12.5000 |            6 |           10 |           15 |            0 |
|        69 | Gudbrandsdalsost                 |         15 |          4 | 10 kg pkg.           |   36.0000 |           26 |            0 |           15 |            0 |
|        70 | Outback Lager                    |          7 |          1 | 24 - 355 ml bottles  |   15.0000 |           15 |           10 |           30 |            0 |
|        71 | Flotemysost                      |         15 |          4 | 10 - 500 g pkgs.     |   21.5000 |           26 |            0 |            0 |            0 |
|        72 | Mozzarella di Giovanni           |         14 |          4 | 24 - 200 g pkgs.     |   34.8000 |           14 |            0 |            0 |            0 |
|        73 | Rd Kaviar                        |         17 |          8 | 24 - 150 g jars      |   15.0000 |          101 |            0 |            5 |            0 |
|        74 | Longlife Tofu                    |          4 |          7 | 5 kg pkg.            |   10.0000 |            4 |           20 |            5 |            0 |
|        75 | Rhnbru Klosterbier               |         12 |          1 | 24 - 0.5 l bottles   |    7.7500 |          125 |            0 |           25 |            0 |
|        76 | Lakkalikri                       |         23 |          1 | 500 ml               |   18.0000 |           57 |            0 |           20 |            0 |
|        77 | Original Frankfurter grne Soe    |         12 |          2 | 12 boxes             |   13.0000 |           32 |            0 |           15 |            0 |
+-----------+----------------------------------+------------+------------+----------------------+-----------+--------------+--------------+--------------+--------------+
77 rows in set (0.0005 sec)

 MySQL  localhost:3306  northwind  SQL > select productid, productname from products;
+-----------+----------------------------------+
| productid | productname                      |
+-----------+----------------------------------+
|        17 | Alice Mutton                     |
|         3 | Aniseed Syrup                    |
|        40 | Boston Crab Meat                 |
|        60 | Camembert Pierrot                |
|        18 | Carnarvon Tigers                 |
|         1 | Chai                             |
|         2 | Chang                            |
|        39 | Chartreuse verte                 |
|         4 | Chef Anton's Cajun Seasoning     |
|         5 | Chef Anton's Gumbo Mix           |
|        48 | Chocolade                        |
|        38 | Cte de Blaye                     |
|        58 | Escargots de Bourgogne           |
|        52 | Filo Mix                         |
|        71 | Flotemysost                      |
|        33 | Geitost                          |
|        15 | Genen Shouyu                     |
|        56 | Gnocchi di nonna Alice           |
|        31 | Gorgonzola Telino                |
|         6 | Grandma's Boysenberry Spread     |
|        37 | Gravad lax                       |
|        24 | Guaran Fantstica                 |
|        69 | Gudbrandsdalsost                 |
|        44 | Gula Malacca                     |
|        26 | Gumbr Gummibrchen                |
|        22 | Gustaf's Knckebrd                |
|        10 | Ikura                            |
|        36 | Inlagd Sill                      |
|        43 | Ipoh Coffee                      |
|        41 | Jack's New England Clam Chowder  |
|        13 | Konbu                            |
|        76 | Lakkalikri                       |
|        67 | Laughing Lumberjack Lager        |
|        74 | Longlife Tofu                    |
|        65 | Louisiana Fiery Hot Pepper Sauce |
|        66 | Louisiana Hot Spiced Okra        |
|        51 | Manjimup Dried Apples            |
|        32 | Mascarpone Fabioli               |
|        49 | Maxilaku                         |
|         9 | Mishi Kobe Niku                  |
|        72 | Mozzarella di Giovanni           |
|        30 | Nord-Ost Matjeshering            |
|         8 | Northwoods Cranberry Sauce       |
|        25 | NuNuCa Nu-Nougat-Creme           |
|        77 | Original Frankfurter grne Soe    |
|        70 | Outback Lager                    |
|        16 | Pavlova                          |
|        53 | Perth Pasties                    |
|        55 | Pt chinois                       |
|        11 | Queso Cabrales                   |
|        12 | Queso Manchego La Pastora        |
|        59 | Raclette Courdavault             |
|        57 | Ravioli Angelo                   |
|        73 | Rd Kaviar                        |
|        75 | Rhnbru Klosterbier               |
|        45 | Rogede sild                      |
|        28 | Rssle Sauerkraut                 |
|        34 | Sasquatch Ale                    |
|        27 | Schoggi Schokolade               |
|        68 | Scottish Longbreads              |
|        42 | Singaporean Hokkien Fried Mee    |
|        20 | Sir Rodney's Marmalade           |
|        21 | Sir Rodney's Scones              |
|        61 | Sirop d'rable                    |
|        46 | Spegesild                        |
|        35 | Steeleye Stout                   |
|        62 | Tarte au sucre                   |
|        19 | Teatime Chocolate Biscuits       |
|        29 | Thringer Rostbratwurst           |
|        14 | Tofu                             |
|        54 | Tourtire                         |
|        23 | Tunnbrd                          |
|         7 | Uncle Bob's Organic Dried Pears  |
|        50 | Valkoinen suklaa                 |
|        63 | Vegie-spread                     |
|        64 | Wimmers gute Semmelkndel         |
|        47 | Zaanse koeken                    |
+-----------+----------------------------------+
77 rows in set (0.0035 sec)

 MySQL  localhost:3306  northwind  SQL > select distinct(productid) from orderdetails;
+-----------+
| productid |
+-----------+
|         1 |
|         2 |
|         3 |
|         4 |
|         5 |
|         6 |
|         7 |
|         8 |
|         9 |
|        10 |
|        11 |
|        12 |
|        13 |
|        14 |
|        15 |
|        16 |
|        17 |
|        18 |
|        19 |
|        20 |
|        21 |
|        22 |
|        23 |
|        24 |
|        25 |
|        26 |
|        27 |
|        28 |
|        29 |
|        30 |
|        31 |
|        32 |
|        33 |
|        34 |
|        35 |
|        36 |
|        37 |
|        38 |
|        39 |
|        40 |
|        41 |
|        42 |
|        43 |
|        44 |
|        45 |
|        46 |
|        47 |
|        48 |
|        49 |
|        50 |
|        51 |
|        52 |
|        53 |
|        54 |
|        55 |
|        56 |
|        57 |
|        58 |
|        59 |
|        60 |
|        61 |
|        62 |
|        63 |
|        64 |
|        65 |
|        66 |
|        67 |
|        68 |
|        69 |
|        70 |
|        71 |
|        72 |
|        73 |
|        74 |
|        75 |
|        76 |
|        77 |
+-----------+
77 rows in set (0.0063 sec)

 MySQL  localhost:3306  northwind  SQL > select b.productname, (a.unitprice * a.quantity) as subtotal
                                     ... from orderdetails a
                                     ... inner join products b on a.productid = b.productid;
+----------------------------------+------------+
| productname                      | subtotal   |
+----------------------------------+------------+
| Alice Mutton                     |   936.0000 |
| Alice Mutton                     |   468.0000 |
| Alice Mutton                     |   468.0000 |
| Alice Mutton                     |  1248.0000 |
| Alice Mutton                     |   249.6000 |
| Alice Mutton                     |   624.0000 |
| Alice Mutton                     |  2184.0000 |
| Alice Mutton                     |  1123.2000 |
| Alice Mutton                     |    62.4000 |
| Alice Mutton                     |  1404.0000 |
| Alice Mutton                     |  1560.0000 |
| Alice Mutton                     |   312.0000 |
| Alice Mutton                     |   975.0000 |
| Alice Mutton                     |  1560.0000 |
| Alice Mutton                     |   312.0000 |
| Alice Mutton                     |   624.0000 |
| Alice Mutton                     |   702.0000 |
| Alice Mutton                     |  3900.0000 |
| Alice Mutton                     |  1170.0000 |
| Alice Mutton                     |   780.0000 |
| Alice Mutton                     |   312.0000 |
| Alice Mutton                     |  1053.0000 |
| Alice Mutton                     |   780.0000 |
| Alice Mutton                     |  1287.0000 |
| Alice Mutton                     |  1365.0000 |
| Alice Mutton                     |  1560.0000 |
| Alice Mutton                     |   234.0000 |
| Alice Mutton                     |  1638.0000 |
| Alice Mutton                     |   624.0000 |
| Alice Mutton                     |   585.0000 |
| Alice Mutton                     |   468.0000 |
| Alice Mutton                     |   390.0000 |
| Alice Mutton                     |   585.0000 |
| Alice Mutton                     |   234.0000 |
| Alice Mutton                     |   234.0000 |
| Alice Mutton                     |   468.0000 |
| Alice Mutton                     |  3003.0000 |
| Aniseed Syrup                    |   240.0000 |
| Aniseed Syrup                    |   400.0000 |
| Aniseed Syrup                    |   160.0000 |
| Aniseed Syrup                    |   600.0000 |
| Aniseed Syrup                    |   140.0000 |
| Aniseed Syrup                    |    60.0000 |
| Aniseed Syrup                    |   200.0000 |
| Aniseed Syrup                    |   200.0000 |
| Aniseed Syrup                    |   490.0000 |
| Aniseed Syrup                    |   300.0000 |
| Aniseed Syrup                    |   250.0000 |
| Aniseed Syrup                    |    40.0000 |
| Boston Crab Meat                 |   735.0000 |
| Boston Crab Meat                 |   882.0000 |
| Boston Crab Meat                 |   588.0000 |
| Boston Crab Meat                 |   147.0000 |
| Boston Crab Meat                 |   588.0000 |
| Boston Crab Meat                 |    58.8000 |
| Boston Crab Meat                 |    29.4000 |
| Boston Crab Meat                 |   735.0000 |
| Boston Crab Meat                 |   294.0000 |
| Boston Crab Meat                 |   294.0000 |
| Boston Crab Meat                 |   308.7000 |
| Boston Crab Meat                 |   147.0000 |
| Boston Crab Meat                 |   147.0000 |
| Boston Crab Meat                 |    92.0000 |
| Boston Crab Meat                 |   460.0000 |
| Boston Crab Meat                 |   276.0000 |
| Boston Crab Meat                 |   184.0000 |
| Boston Crab Meat                 |   184.0000 |
| Boston Crab Meat                 |   920.0000 |
| Boston Crab Meat                 |    36.8000 |
| Boston Crab Meat                 |   772.8000 |
| Boston Crab Meat                 |  1104.0000 |
| Boston Crab Meat                 |  1288.0000 |
| Boston Crab Meat                 |   441.6000 |
| Boston Crab Meat                 |   552.0000 |
| Boston Crab Meat                 |   368.0000 |
| Boston Crab Meat                 |   110.4000 |
| Boston Crab Meat                 |   920.0000 |
| Boston Crab Meat                 |   736.0000 |
| Boston Crab Meat                 |    55.2000 |
| Boston Crab Meat                 |    18.4000 |
| Boston Crab Meat                 |   552.0000 |
| Boston Crab Meat                 |  1104.0000 |
| Boston Crab Meat                 |   460.0000 |
| Boston Crab Meat                 |   220.8000 |
| Boston Crab Meat                 |  1674.4000 |
| Boston Crab Meat                 |   368.0000 |
| Boston Crab Meat                 |   184.0000 |
| Boston Crab Meat                 |   184.0000 |
| Boston Crab Meat                 |    92.0000 |
| Boston Crab Meat                 |   736.0000 |
| Camembert Pierrot                |  1088.0000 |
| Camembert Pierrot                |   952.0000 |
| Camembert Pierrot                |   544.0000 |
| Camembert Pierrot                |   571.2000 |
| Camembert Pierrot                |   217.6000 |
| Camembert Pierrot                |  2176.0000 |
| Camembert Pierrot                |  1496.0000 |
| Camembert Pierrot                |  1904.0000 |
| Camembert Pierrot                |   163.2000 |
| Camembert Pierrot                |   408.0000 |
| Camembert Pierrot                |   544.0000 |
| Camembert Pierrot                |  1632.0000 |
| Camembert Pierrot                |   544.0000 |
| Camembert Pierrot                |  1088.0000 |
| Camembert Pierrot                |   408.0000 |
| Camembert Pierrot                |  2856.0000 |
| Camembert Pierrot                |   340.0000 |
| Camembert Pierrot                |  1190.0000 |
| Camembert Pierrot                |   816.0000 |
| Camembert Pierrot                |  2380.0000 |
| Camembert Pierrot                |   510.0000 |
| Camembert Pierrot                |  1360.0000 |
| Camembert Pierrot                |   340.0000 |
| Camembert Pierrot                |   680.0000 |
| Camembert Pierrot                |   680.0000 |
| Camembert Pierrot                |  1020.0000 |
| Camembert Pierrot                |  1870.0000 |
| Camembert Pierrot                |  1020.0000 |
| Camembert Pierrot                |   340.0000 |
| Camembert Pierrot                |   510.0000 |
| Camembert Pierrot                |  1700.0000 |
| Camembert Pierrot                |   510.0000 |
| Camembert Pierrot                |   714.0000 |
| Camembert Pierrot                |  1020.0000 |
| Camembert Pierrot                |  2040.0000 |
| Camembert Pierrot                |  1530.0000 |
| Camembert Pierrot                |  3400.0000 |
| Camembert Pierrot                |   340.0000 |
| Camembert Pierrot                |   850.0000 |
| Camembert Pierrot                |  1666.0000 |
| Camembert Pierrot                |   816.0000 |
| Camembert Pierrot                |    68.0000 |
| Camembert Pierrot                |   136.0000 |
| Camembert Pierrot                |   306.0000 |
| Camembert Pierrot                |  1224.0000 |
| Camembert Pierrot                |  1700.0000 |
| Camembert Pierrot                |   714.0000 |
| Camembert Pierrot                |  1190.0000 |
| Camembert Pierrot                |   136.0000 |
| Camembert Pierrot                |   510.0000 |
| Camembert Pierrot                |    68.0000 |
| Carnarvon Tigers                 |   600.0000 |
| Carnarvon Tigers                 |  1250.0000 |
| Carnarvon Tigers                 |  2000.0000 |
| Carnarvon Tigers                 |  1000.0000 |
| Carnarvon Tigers                 |   450.0000 |
| Carnarvon Tigers                 |  1500.0000 |
| Carnarvon Tigers                 |  1562.5000 |
| Carnarvon Tigers                 |  1125.0000 |
| Carnarvon Tigers                 |  2500.0000 |
| Carnarvon Tigers                 |  3125.0000 |
| Carnarvon Tigers                 |   500.0000 |
| Carnarvon Tigers                 |   250.0000 |
| Carnarvon Tigers                 |  1250.0000 |
| Carnarvon Tigers                 |   750.0000 |
| Carnarvon Tigers                 |  1500.0000 |
| Carnarvon Tigers                 |  1312.5000 |
| Carnarvon Tigers                 |  1875.0000 |
| Carnarvon Tigers                 |  1562.5000 |
| Carnarvon Tigers                 |   625.0000 |
| Carnarvon Tigers                 |  1250.0000 |
| Carnarvon Tigers                 |  1562.5000 |
| Carnarvon Tigers                 |   250.0000 |
| Carnarvon Tigers                 |   375.0000 |
| Carnarvon Tigers                 |   500.0000 |
| Carnarvon Tigers                 |   625.0000 |
| Carnarvon Tigers                 |   500.0000 |
| Carnarvon Tigers                 |  2187.5000 |
| Chai                             |   648.0000 |
| Chai                             |   259.2000 |
| Chai                             |   288.0000 |
| Chai                             |   216.0000 |
| Chai                             |   172.8000 |
| Chai                             |   216.0000 |
| Chai                             |   144.0000 |
| Chai                             |   345.6000 |
| Chai                             |   216.0000 |
| Chai                             |   720.0000 |
| Chai                             |   144.0000 |
| Chai                             |   180.0000 |
| Chai                             |   360.0000 |
| Chai                             |    54.0000 |
| Chai                             |   108.0000 |
| Chai                             |   450.0000 |
| Chai                             |   270.0000 |
| Chai                             |   630.0000 |
| Chai                             |   540.0000 |
| Chai                             |    90.0000 |
| Chai                             |   900.0000 |
| Chai                             |   144.0000 |
| Chai                             |    72.0000 |
| Chai                             |  1440.0000 |
| Chai                             |   360.0000 |
| Chai                             |   720.0000 |
| Chai                             |   360.0000 |
| Chai                             |   180.0000 |
| Chai                             |  1080.0000 |
| Chai                             |   378.0000 |
| Chai                             |    72.0000 |
| Chai                             |    36.0000 |
| Chai                             |   144.0000 |
| Chai                             |   180.0000 |
| Chai                             |   810.0000 |
| Chai                             |   180.0000 |
| Chai                             |   450.0000 |
| Chai                             |   720.0000 |
| Chang                            |   304.0000 |
| Chang                            |   760.0000 |
| Chang                            |   532.0000 |
| Chang                            |   608.0000 |
| Chang                            |   380.0000 |
| Chang                            |   106.4000 |
| Chang                            |   364.8000 |
| Chang                            |   380.0000 |
| Chang                            |   912.0000 |
| Chang                            |   152.0000 |
| Chang                            |   684.0000 |
| Chang                            |   608.0000 |
| Chang                            |   304.0000 |
| Chang                            |   228.0000 |
| Chang                            |   190.0000 |
| Chang                            |   380.0000 |
| Chang                            |   570.0000 |
| Chang                            |   950.0000 |
| Chang                            |    95.0000 |
| Chang                            |   570.0000 |
| Chang                            |    57.0000 |
| Chang                            |   285.0000 |
| Chang                            |   760.0000 |
| Chang                            |   285.0000 |
| Chang                            |   190.0000 |
| Chang                            |   380.0000 |
| Chang                            |   228.0000 |
| Chang                            |   190.0000 |
| Chang                            |    95.0000 |
| Chang                            |   285.0000 |
| Chang                            |   380.0000 |
| Chang                            |   399.0000 |
| Chang                            |   380.0000 |
| Chang                            |   380.0000 |
| Chang                            |   190.0000 |
| Chang                            |   950.0000 |
| Chang                            |   209.0000 |
| Chang                            |  1900.0000 |
| Chang                            |   570.0000 |
| Chang                            |   190.0000 |
| Chang                            |   380.0000 |
| Chang                            |   152.0000 |
| Chang                            |   190.0000 |
| Chang                            |   456.0000 |
| Chartreuse verte                 |   604.8000 |
| Chartreuse verte                 |    86.4000 |
| Chartreuse verte                 |   864.0000 |
| Chartreuse verte                 |   432.0000 |
| Chartreuse verte                 |    57.6000 |
| Chartreuse verte                 |   720.0000 |
| Chartreuse verte                 |   777.6000 |
| Chartreuse verte                 |   288.0000 |
| Chartreuse verte                 |    86.4000 |
| Chartreuse verte                 |   288.0000 |
| Chartreuse verte                 |   288.0000 |
| Chartreuse verte                 |   180.0000 |
| Chartreuse verte                 |   180.0000 |
| Chartreuse verte                 |    90.0000 |
| Chartreuse verte                 |   378.0000 |
| Chartreuse verte                 |   360.0000 |
| Chartreuse verte                 |   360.0000 |
| Chartreuse verte                 |    54.0000 |
| Chartreuse verte                 |   288.0000 |
| Chartreuse verte                 |  2340.0000 |
| Chartreuse verte                 |    36.0000 |
| Chartreuse verte                 |   378.0000 |
| Chartreuse verte                 |   504.0000 |
| Chartreuse verte                 |   180.0000 |
| Chartreuse verte                 |  1440.0000 |
| Chartreuse verte                 |   810.0000 |
| Chartreuse verte                 |   144.0000 |
| Chartreuse verte                 |   540.0000 |
| Chartreuse verte                 |   360.0000 |
| Chartreuse verte                 |    36.0000 |
| Chef Anton's Cajun Seasoning     |   352.0000 |
| Chef Anton's Cajun Seasoning     |   422.4000 |
| Chef Anton's Cajun Seasoning     |   316.8000 |
| Chef Anton's Cajun Seasoning     |   176.0000 |
| Chef Anton's Cajun Seasoning     |   616.0000 |
| Chef Anton's Cajun Seasoning     |   281.6000 |
| Chef Anton's Cajun Seasoning     |  1100.0000 |
| Chef Anton's Cajun Seasoning     |  1100.0000 |
| Chef Anton's Cajun Seasoning     |  1100.0000 |
| Chef Anton's Cajun Seasoning     |   440.0000 |
| Chef Anton's Cajun Seasoning     |   220.0000 |
| Chef Anton's Cajun Seasoning     |   550.0000 |
| Chef Anton's Cajun Seasoning     |   264.0000 |
| Chef Anton's Cajun Seasoning     |   132.0000 |
| Chef Anton's Cajun Seasoning     |   550.0000 |
| Chef Anton's Cajun Seasoning     |   462.0000 |
| Chef Anton's Cajun Seasoning     |   660.0000 |
| Chef Anton's Cajun Seasoning     |   110.0000 |
| Chef Anton's Cajun Seasoning     |   550.0000 |
| Chef Anton's Cajun Seasoning     |    22.0000 |
| Chef Anton's Gumbo Mix           |  1105.0000 |
| Chef Anton's Gumbo Mix           |   204.0000 |
| Chef Anton's Gumbo Mix           |   340.0000 |
| Chef Anton's Gumbo Mix           |   544.0000 |
| Chef Anton's Gumbo Mix           |   320.2500 |
| Chef Anton's Gumbo Mix           |    85.4000 |
| Chef Anton's Gumbo Mix           |   640.5000 |
| Chef Anton's Gumbo Mix           |   427.0000 |
| Chef Anton's Gumbo Mix           |  1494.5000 |
| Chef Anton's Gumbo Mix           |   640.5000 |
| Chocolade                        |   714.0000 |
| Chocolade                        |   153.0000 |
| Chocolade                        |   191.2500 |
| Chocolade                        |    76.5000 |
| Chocolade                        |   306.0000 |
| Chocolade                        |   102.0000 |
| Cte de Blaye                     |  4216.0000 |
| Cte de Blaye                     |  4216.0000 |
| Cte de Blaye                     | 10540.0000 |
| Cte de Blaye                     |  2108.0000 |
| Cte de Blaye                     |  8432.0000 |
| Cte de Blaye                     | 10540.0000 |
| Cte de Blaye                     | 10329.2000 |
| Cte de Blaye                     |  6324.0000 |
| Cte de Blaye                     |  3952.5000 |
| Cte de Blaye                     |  7905.0000 |
| Cte de Blaye                     |  1054.0000 |
| Cte de Blaye                     |  3952.5000 |
| Cte de Blaye                     |  3952.5000 |
| Cte de Blaye                     |  1317.5000 |
| Cte de Blaye                     |  2635.0000 |
| Cte de Blaye                     |  7905.0000 |
| Cte de Blaye                     |  7905.0000 |
| Cte de Blaye                     |   527.0000 |
| Cte de Blaye                     |  2108.0000 |
| Cte de Blaye                     | 15810.0000 |
| Cte de Blaye                     | 10540.0000 |
| Cte de Blaye                     |  1317.5000 |
| Cte de Blaye                     | 15810.0000 |
| Cte de Blaye                     |  6587.5000 |
| Escargots de Bourgogne           |   318.0000 |
| Escargots de Bourgogne           |   318.0000 |
| Escargots de Bourgogne           |   848.0000 |
| Escargots de Bourgogne           |   159.0000 |
| Escargots de Bourgogne           |   265.0000 |
| Escargots de Bourgogne           |   397.5000 |
| Escargots de Bourgogne           |    79.5000 |
| Escargots de Bourgogne           |   649.2500 |
| Escargots de Bourgogne           |   397.5000 |
| Escargots de Bourgogne           |   397.5000 |
| Escargots de Bourgogne           |   159.0000 |
| Escargots de Bourgogne           |   397.5000 |
| Escargots de Bourgogne           |   795.0000 |
| Escargots de Bourgogne           |   159.0000 |
| Escargots de Bourgogne           |   198.7500 |
| Escargots de Bourgogne           |   198.7500 |
| Escargots de Bourgogne           |   397.5000 |
| Escargots de Bourgogne           |   530.0000 |
| Filo Mix                         |   112.0000 |
| Filo Mix                         |    44.8000 |
| Filo Mix                         |   112.0000 |
| Filo Mix                         |    84.0000 |
| Filo Mix                         |   112.0000 |
| Filo Mix                         |    42.0000 |
| Filo Mix                         |   210.0000 |
| Filo Mix                         |   490.0000 |
| Filo Mix                         |    28.0000 |
| Filo Mix                         |   168.0000 |
| Filo Mix                         |    35.0000 |
| Filo Mix                         |    63.0000 |
| Filo Mix                         |    28.0000 |
| Filo Mix                         |   175.0000 |
| Filo Mix                         |   126.0000 |
| Filo Mix                         |   420.0000 |
| Filo Mix                         |   105.0000 |
| Filo Mix                         |    56.0000 |
| Filo Mix                         |   140.0000 |
| Filo Mix                         |    56.0000 |
| Filo Mix                         |    98.0000 |
| Filo Mix                         |    84.0000 |
| Filo Mix                         |    35.0000 |
| Filo Mix                         |    42.0000 |
| Filo Mix                         |   280.0000 |
| Filo Mix                         |   140.0000 |
| Filo Mix                         |    70.0000 |
| Filo Mix                         |    14.0000 |
| Filo Mix                         |    14.0000 |
| Flotemysost                      |   344.0000 |
| Flotemysost                      |    34.4000 |
| Flotemysost                      |    51.6000 |
| Flotemysost                      |   516.0000 |
| Flotemysost                      |   688.0000 |
| Flotemysost                      |    86.0000 |
| Flotemysost                      |   860.0000 |
| Flotemysost                      |   103.2000 |
| Flotemysost                      |   258.0000 |
| Flotemysost                      |  1032.0000 |
| Flotemysost                      |   516.0000 |
| Flotemysost                      |  1032.0000 |
| Flotemysost                      |   258.0000 |
| Flotemysost                      |    34.4000 |
| Flotemysost                      |   516.0000 |
| Flotemysost                      |   860.0000 |
| Flotemysost                      |   206.4000 |
| Flotemysost                      |   193.5000 |
| Flotemysost                      |   193.5000 |
| Flotemysost                      |   322.5000 |
| Flotemysost                      |   322.5000 |
| Flotemysost                      |   322.5000 |
| Flotemysost                      |   430.0000 |
| Flotemysost                      |   645.0000 |
| Flotemysost                      |   301.0000 |
| Flotemysost                      |   258.0000 |
| Flotemysost                      |  1290.0000 |
| Flotemysost                      |   430.0000 |
| Flotemysost                      |   645.0000 |
| Flotemysost                      |   172.0000 |
| Flotemysost                      |   258.0000 |
| Flotemysost                      |   344.0000 |
| Flotemysost                      |  1182.5000 |
| Flotemysost                      |   645.0000 |
| Flotemysost                      |   537.5000 |
| Flotemysost                      |   752.5000 |
| Flotemysost                      |   451.5000 |
| Flotemysost                      |   430.0000 |
| Flotemysost                      |  1290.0000 |
| Flotemysost                      |  1075.0000 |
| Flotemysost                      |   344.0000 |
| Flotemysost                      |   645.0000 |
| Geitost                          |    50.0000 |
| Geitost                          |   120.0000 |
| Geitost                          |    48.0000 |
| Geitost                          |    40.0000 |
| Geitost                          |    16.0000 |
| Geitost                          |   120.0000 |
| Geitost                          |    98.0000 |
| Geitost                          |   100.0000 |
| Geitost                          |    40.0000 |
| Geitost                          |    40.0000 |
| Geitost                          |    24.0000 |
| Geitost                          |    40.0000 |
| Geitost                          |    20.0000 |
| Geitost                          |    75.0000 |
| Geitost                          |    37.5000 |
| Geitost                          |    50.0000 |
| Geitost                          |    35.0000 |
| Geitost                          |    35.0000 |
| Geitost                          |    50.0000 |
| Geitost                          |    20.0000 |
| Geitost                          |    75.0000 |
| Geitost                          |    75.0000 |
| Geitost                          |    40.0000 |
| Geitost                          |    10.0000 |
| Geitost                          |    87.5000 |
| Geitost                          |   100.0000 |
| Geitost                          |    75.0000 |
| Geitost                          |    37.5000 |
| Geitost                          |    17.5000 |
| Geitost                          |    75.0000 |
| Geitost                          |    37.5000 |
| Geitost                          |    25.0000 |
| Genen Shouyu                     |   248.0000 |
| Genen Shouyu                     |    62.0000 |
| Genen Shouyu                     |   186.0000 |
| Genen Shouyu                     |   155.0000 |
| Genen Shouyu                     |   387.5000 |
| Genen Shouyu                     |   775.0000 |
| Gnocchi di nonna Alice           |    60.8000 |
| Gnocchi di nonna Alice           |   121.6000 |
| Gnocchi di nonna Alice           |   608.0000 |
| Gnocchi di nonna Alice           |   364.8000 |
| Gnocchi di nonna Alice           |   608.0000 |
| Gnocchi di nonna Alice           |   547.2000 |
| Gnocchi di nonna Alice           |   608.0000 |
| Gnocchi di nonna Alice           |  2128.0000 |
| Gnocchi di nonna Alice           |   152.0000 |
| Gnocchi di nonna Alice           |   912.0000 |
| Gnocchi di nonna Alice           |   851.2000 |
| Gnocchi di nonna Alice           |  1216.0000 |
| Gnocchi di nonna Alice           |   456.0000 |
| Gnocchi di nonna Alice           |   912.0000 |
| Gnocchi di nonna Alice           |   608.0000 |
| Gnocchi di nonna Alice           |   912.0000 |
| Gnocchi di nonna Alice           |   425.6000 |
| Gnocchi di nonna Alice           |  2660.0000 |
| Gnocchi di nonna Alice           |  1520.0000 |
| Gnocchi di nonna Alice           |  1140.0000 |
| Gnocchi di nonna Alice           |  1520.0000 |
| Gnocchi di nonna Alice           |  2280.0000 |
| Gnocchi di nonna Alice           |   190.0000 |
| Gnocchi di nonna Alice           |  1064.0000 |
| Gnocchi di nonna Alice           |   532.0000 |
| Gnocchi di nonna Alice           |   760.0000 |
| Gnocchi di nonna Alice           |  2280.0000 |
| Gnocchi di nonna Alice           |  1710.0000 |
| Gnocchi di nonna Alice           |   456.0000 |
| Gnocchi di nonna Alice           |   760.0000 |
| Gnocchi di nonna Alice           |  1140.0000 |
| Gnocchi di nonna Alice           |   684.0000 |
| Gnocchi di nonna Alice           |   380.0000 |
| Gnocchi di nonna Alice           |   532.0000 |
| Gnocchi di nonna Alice           |  1064.0000 |
| Gnocchi di nonna Alice           |   570.0000 |
| Gnocchi di nonna Alice           |  1140.0000 |
| Gnocchi di nonna Alice           |  2280.0000 |
| Gnocchi di nonna Alice           |   760.0000 |
| Gnocchi di nonna Alice           |   760.0000 |
| Gnocchi di nonna Alice           |   760.0000 |
| Gnocchi di nonna Alice           |  1140.0000 |
| Gnocchi di nonna Alice           |  1140.0000 |
| Gnocchi di nonna Alice           |   912.0000 |
| Gnocchi di nonna Alice           |   798.0000 |
| Gnocchi di nonna Alice           |   608.0000 |
| Gnocchi di nonna Alice           |   684.0000 |
| Gnocchi di nonna Alice           |   456.0000 |
| Gnocchi di nonna Alice           |   190.0000 |
| Gnocchi di nonna Alice           |   760.0000 |
| Gorgonzola Telino                |   200.0000 |
| Gorgonzola Telino                |   400.0000 |
| Gorgonzola Telino                |   150.0000 |
| Gorgonzola Telino                |    40.0000 |
| Gorgonzola Telino                |   250.0000 |
| Gorgonzola Telino                |   560.0000 |
| Gorgonzola Telino                |   300.0000 |
| Gorgonzola Telino                |   700.0000 |
| Gorgonzola Telino                |   200.0000 |
| Gorgonzola Telino                |   300.0000 |
| Gorgonzola Telino                |   420.0000 |
| Gorgonzola Telino                |   600.0000 |
| Gorgonzola Telino                |   320.0000 |
| Gorgonzola Telino                |   140.0000 |
| Gorgonzola Telino                |    30.0000 |
| Gorgonzola Telino                |   350.0000 |
| Gorgonzola Telino                |   200.0000 |
| Gorgonzola Telino                |   250.0000 |
| Gorgonzola Telino                |   375.0000 |
| Gorgonzola Telino                |   687.5000 |
| Gorgonzola Telino                |   375.0000 |
| Gorgonzola Telino                |    75.0000 |
| Gorgonzola Telino                |   750.0000 |
| Gorgonzola Telino                |   437.5000 |
| Gorgonzola Telino                |   250.0000 |
| Gorgonzola Telino                |   625.0000 |
| Gorgonzola Telino                |   250.0000 |
| Gorgonzola Telino                |   100.0000 |
| Gorgonzola Telino                |   250.0000 |
| Gorgonzola Telino                |   250.0000 |
| Gorgonzola Telino                |   625.0000 |
| Gorgonzola Telino                |    37.5000 |
| Gorgonzola Telino                |   100.0000 |
| Gorgonzola Telino                |   625.0000 |
| Gorgonzola Telino                |   875.0000 |
| Gorgonzola Telino                |    25.0000 |
| Gorgonzola Telino                |   200.0000 |
| Gorgonzola Telino                |    12.5000 |
| Gorgonzola Telino                |   125.0000 |
| Gorgonzola Telino                |   200.0000 |
| Gorgonzola Telino                |   437.5000 |
| Gorgonzola Telino                |   112.5000 |
| Gorgonzola Telino                |   175.0000 |
| Gorgonzola Telino                |   437.5000 |
| Gorgonzola Telino                |   550.0000 |
| Gorgonzola Telino                |   125.0000 |
| Gorgonzola Telino                |   625.0000 |
| Gorgonzola Telino                |   312.5000 |
| Gorgonzola Telino                |   300.0000 |
| Gorgonzola Telino                |   187.5000 |
| Gorgonzola Telino                |   250.0000 |
| Grandma's Boysenberry Spread     |   600.0000 |
| Grandma's Boysenberry Spread     |   120.0000 |
| Grandma's Boysenberry Spread     |  1750.0000 |
| Grandma's Boysenberry Spread     |   750.0000 |
| Grandma's Boysenberry Spread     |   150.0000 |
| Grandma's Boysenberry Spread     |  1250.0000 |
| Grandma's Boysenberry Spread     |   500.0000 |
| Grandma's Boysenberry Spread     |   300.0000 |
| Grandma's Boysenberry Spread     |   400.0000 |
| Grandma's Boysenberry Spread     |  1000.0000 |
| Grandma's Boysenberry Spread     |   500.0000 |
| Grandma's Boysenberry Spread     |    25.0000 |
| Gravad lax                       |    20.8000 |
| Gravad lax                       |   582.4000 |
| Gravad lax                       |   208.0000 |
| Gravad lax                       |   468.0000 |
| Gravad lax                       |  1560.0000 |
| Gravad lax                       |   208.0000 |
| Guaran Fantstica                 |    54.0000 |
| Guaran Fantstica                 |   100.8000 |
| Guaran Fantstica                 |    43.2000 |
| Guaran Fantstica                 |    43.2000 |
| Guaran Fantstica                 |    21.6000 |
| Guaran Fantstica                 |    36.0000 |
| Guaran Fantstica                 |    36.0000 |
| Guaran Fantstica                 |    90.0000 |
| Guaran Fantstica                 |    36.0000 |
| Guaran Fantstica                 |    54.0000 |
| Guaran Fantstica                 |    54.0000 |
| Guaran Fantstica                 |    72.0000 |
| Guaran Fantstica                 |    90.0000 |
| Guaran Fantstica                 |   100.8000 |
| Guaran Fantstica                 |   288.0000 |
| Guaran Fantstica                 |    63.0000 |
| Guaran Fantstica                 |    45.0000 |
| Guaran Fantstica                 |    22.5000 |
| Guaran Fantstica                 |    36.0000 |
| Guaran Fantstica                 |   157.5000 |
| Guaran Fantstica                 |    81.0000 |
| Guaran Fantstica                 |   112.5000 |
| Guaran Fantstica                 |   157.5000 |
| Guaran Fantstica                 |    22.5000 |
| Guaran Fantstica                 |    13.5000 |
| Guaran Fantstica                 |    67.5000 |
| Guaran Fantstica                 |    90.0000 |
| Guaran Fantstica                 |   157.5000 |
| Guaran Fantstica                 |    90.0000 |
| Guaran Fantstica                 |    90.0000 |
| Guaran Fantstica                 |   180.0000 |
| Guaran Fantstica                 |    27.0000 |
| Guaran Fantstica                 |    36.0000 |
| Guaran Fantstica                 |    54.0000 |
| Guaran Fantstica                 |    45.0000 |
| Guaran Fantstica                 |   495.0000 |
| Guaran Fantstica                 |   157.5000 |
| Guaran Fantstica                 |   112.5000 |
| Guaran Fantstica                 |    45.0000 |
| Guaran Fantstica                 |   135.0000 |
| Guaran Fantstica                 |   360.0000 |
| Guaran Fantstica                 |    90.0000 |
| Guaran Fantstica                 |    54.0000 |
| Guaran Fantstica                 |   135.0000 |
| Guaran Fantstica                 |    54.0000 |
| Guaran Fantstica                 |    45.0000 |
| Guaran Fantstica                 |   135.0000 |
| Guaran Fantstica                 |    94.5000 |
| Guaran Fantstica                 |    45.0000 |
| Guaran Fantstica                 |    67.5000 |
| Guaran Fantstica                 |    90.0000 |
| Gudbrandsdalsost                 |   432.0000 |
| Gudbrandsdalsost                 |    28.8000 |
| Gudbrandsdalsost                 |   201.6000 |
| Gudbrandsdalsost                 |   518.4000 |
| Gudbrandsdalsost                 |   576.0000 |
| Gudbrandsdalsost                 |   864.0000 |
| Gudbrandsdalsost                 |  1440.0000 |
| Gudbrandsdalsost                 |   230.4000 |
| Gudbrandsdalsost                 |   432.0000 |
| Gudbrandsdalsost                 |   576.0000 |
| Gudbrandsdalsost                 |   288.0000 |
| Gudbrandsdalsost                 |   360.0000 |
| Gudbrandsdalsost                 |   648.0000 |
| Gudbrandsdalsost                 |   360.0000 |
| Gudbrandsdalsost                 |   720.0000 |
| Gudbrandsdalsost                 |  2340.0000 |
| Gudbrandsdalsost                 |   720.0000 |
| Gudbrandsdalsost                 |  1620.0000 |
| Gudbrandsdalsost                 |  1080.0000 |
| Gudbrandsdalsost                 |   900.0000 |
| Gudbrandsdalsost                 |  1440.0000 |
| Gudbrandsdalsost                 |  1080.0000 |
| Gudbrandsdalsost                 |   108.0000 |
| Gudbrandsdalsost                 |   900.0000 |
| Gudbrandsdalsost                 |   720.0000 |
| Gudbrandsdalsost                 |   864.0000 |
| Gudbrandsdalsost                 |  1800.0000 |
| Gudbrandsdalsost                 |   324.0000 |
| Gudbrandsdalsost                 |   360.0000 |
| Gudbrandsdalsost                 |  1080.0000 |
| Gudbrandsdalsost                 |  1296.0000 |
| Gula Malacca                     |   248.0000 |
| Gula Malacca                     |   325.5000 |
| Gula Malacca                     |   372.0000 |
| Gula Malacca                     |  1193.5000 |
| Gula Malacca                     |   620.0000 |
| Gula Malacca                     |  1550.0000 |
| Gula Malacca                     |    31.0000 |
| Gula Malacca                     |   232.5000 |
| Gula Malacca                     |   175.0500 |
| Gula Malacca                     |   778.0000 |
| Gula Malacca                     |   194.5000 |
| Gula Malacca                     |   408.4500 |
| Gula Malacca                     |   194.5000 |
| Gula Malacca                     |   544.6000 |
| Gula Malacca                     |   408.4500 |
| Gula Malacca                     |   466.8000 |
| Gula Malacca                     |   972.5000 |
| Gula Malacca                     |   311.2000 |
| Gula Malacca                     |   194.5000 |
| Gula Malacca                     |   311.2000 |
| Gula Malacca                     |   350.1000 |
| Gula Malacca                     |   116.7000 |
| Gula Malacca                     |   233.4000 |
| Gula Malacca                     |   291.7500 |
| Gumbr Gummibrchen                |  1245.0000 |
| Gumbr Gummibrchen                |   597.6000 |
| Gumbr Gummibrchen                |   398.4000 |
| Gumbr Gummibrchen                |  1743.0000 |
| Gumbr Gummibrchen                |   747.0000 |
| Gumbr Gummibrchen                |   747.0000 |
| Gumbr Gummibrchen                |    49.8000 |
| Gumbr Gummibrchen                |   249.0000 |
| Gumbr Gummibrchen                |   373.5000 |
| Gumbr Gummibrchen                |   149.4000 |
| Gumbr Gummibrchen                |   747.0000 |
| Gumbr Gummibrchen                |   747.0000 |
| Gumbr Gummibrchen                |  1249.2000 |
| Gumbr Gummibrchen                |   187.3800 |
| Gumbr Gummibrchen                |   156.1500 |
| Gumbr Gummibrchen                |  1093.0500 |
| Gumbr Gummibrchen                |   936.9000 |
| Gumbr Gummibrchen                |   468.4500 |
| Gumbr Gummibrchen                |   936.9000 |
| Gumbr Gummibrchen                |   468.4500 |
| Gumbr Gummibrchen                |   374.7600 |
| Gumbr Gummibrchen                |   624.6000 |
| Gumbr Gummibrchen                |   655.8300 |
| Gumbr Gummibrchen                |  1249.2000 |
| Gumbr Gummibrchen                |   374.7600 |
| Gumbr Gummibrchen                |   562.1400 |
| Gumbr Gummibrchen                |  1093.0500 |
| Gumbr Gummibrchen                |   624.6000 |
| Gumbr Gummibrchen                |   156.1500 |
| Gumbr Gummibrchen                |   187.3800 |
| Gumbr Gummibrchen                |  1967.4900 |
| Gumbr Gummibrchen                |   374.7600 |
| Gustaf's Knckebrd                |   100.8000 |
| Gustaf's Knckebrd                |   201.6000 |
| Gustaf's Knckebrd                |   504.0000 |
| Gustaf's Knckebrd                |  1008.0000 |
| Gustaf's Knckebrd                |   840.0000 |
| Gustaf's Knckebrd                |   840.0000 |
| Gustaf's Knckebrd                |   315.0000 |
| Gustaf's Knckebrd                |   420.0000 |
| Gustaf's Knckebrd                |   126.0000 |
| Gustaf's Knckebrd                |    84.0000 |
| Gustaf's Knckebrd                |  1092.0000 |
| Gustaf's Knckebrd                |   735.0000 |
| Gustaf's Knckebrd                |   441.0000 |
| Gustaf's Knckebrd                |   525.0000 |
| Ikura                            |   595.2000 |
| Ikura                            |   372.0000 |
| Ikura                            |   744.0000 |
| Ikura                            |   396.8000 |
| Ikura                            |   347.2000 |
| Ikura                            |   496.0000 |
| Ikura                            |   496.0000 |
| Ikura                            |   496.0000 |
| Ikura                            |    62.0000 |
| Ikura                            |   155.0000 |
| Ikura                            |   310.0000 |
| Ikura                            |  2170.0000 |
| Ikura                            |   558.0000 |
| Ikura                            |   744.0000 |
| Ikura                            |    62.0000 |
| Ikura                            |   620.0000 |
| Ikura                            |   558.0000 |
| Ikura                            |   558.0000 |
| Ikura                            |   651.0000 |
| Ikura                            |   496.0000 |
| Ikura                            |   186.0000 |
| Ikura                            |   310.0000 |
| Ikura                            |  1116.0000 |
| Ikura                            |   465.0000 |
| Ikura                            |   496.0000 |
| Ikura                            |  3100.0000 |
| Ikura                            |   310.0000 |
| Ikura                            |  2170.0000 |
| Ikura                            |   620.0000 |
| Ikura                            |   775.0000 |
| Ikura                            |   930.0000 |
| Ikura                            |   744.0000 |
| Ikura                            |    31.0000 |
| Inlagd Sill                      |   380.0000 |
| Inlagd Sill                      |   456.0000 |
| Inlagd Sill                      |   608.0000 |
| Inlagd Sill                      |   182.4000 |
| Inlagd Sill                      |   304.0000 |
| Inlagd Sill                      |   608.0000 |
| Inlagd Sill                      |   304.0000 |
| Inlagd Sill                      |    91.2000 |
| Inlagd Sill                      |    76.0000 |
| Inlagd Sill                      |   570.0000 |
| Inlagd Sill                      |   570.0000 |
| Inlagd Sill                      |  1140.0000 |
| Inlagd Sill                      |   475.0000 |
| Inlagd Sill                      |   399.0000 |
| Inlagd Sill                      |  1045.0000 |
| Inlagd Sill                      |   285.0000 |
| Inlagd Sill                      |   570.0000 |
| Inlagd Sill                      |   114.0000 |
| Inlagd Sill                      |    95.0000 |
| Inlagd Sill                      |   760.0000 |
| Inlagd Sill                      |   114.0000 |
| Inlagd Sill                      |   380.0000 |
| Inlagd Sill                      |   570.0000 |
| Inlagd Sill                      |   950.0000 |
| Inlagd Sill                      |   380.0000 |
| Inlagd Sill                      |   475.0000 |
| Inlagd Sill                      |   570.0000 |
| Inlagd Sill                      |   760.0000 |
| Inlagd Sill                      |   342.0000 |
| Inlagd Sill                      |   304.0000 |
| Inlagd Sill                      |   665.0000 |
| Ipoh Coffee                      |   920.0000 |
| Ipoh Coffee                      |   552.0000 |
| Ipoh Coffee                      |   441.6000 |
| Ipoh Coffee                      |   736.0000 |
| Ipoh Coffee                      |   883.2000 |
| Ipoh Coffee                      |  1472.0000 |
| Ipoh Coffee                      |   736.0000 |
| Ipoh Coffee                      |   110.4000 |
| Ipoh Coffee                      |   552.0000 |
| Ipoh Coffee                      |   690.0000 |
| Ipoh Coffee                      |  2760.0000 |
| Ipoh Coffee                      |  1150.0000 |
| Ipoh Coffee                      |   920.0000 |
| Ipoh Coffee                      |   276.0000 |
| Ipoh Coffee                      |  1840.0000 |
| Ipoh Coffee                      |  1104.0000 |
| Ipoh Coffee                      |  1380.0000 |
| Ipoh Coffee                      |   920.0000 |
| Ipoh Coffee                      |   322.0000 |
| Ipoh Coffee                      |   414.0000 |
| Ipoh Coffee                      |   230.0000 |
| Ipoh Coffee                      |   460.0000 |
| Ipoh Coffee                      |  1104.0000 |
| Ipoh Coffee                      |   414.0000 |
| Ipoh Coffee                      |   276.0000 |
| Ipoh Coffee                      |  1380.0000 |
| Ipoh Coffee                      |  1380.0000 |
| Ipoh Coffee                      |  1656.0000 |
| Jack's New England Clam Chowder  |    77.0000 |
| Jack's New England Clam Chowder  |   123.2000 |
| Jack's New England Clam Chowder  |   192.5000 |
| Jack's New England Clam Chowder  |    77.0000 |
| Jack's New England Clam Chowder  |   154.0000 |
| Jack's New England Clam Chowder  |    92.4000 |
| Jack's New England Clam Chowder  |   100.1000 |
| Jack's New England Clam Chowder  |    61.6000 |
| Jack's New England Clam Chowder  |   192.5000 |
| Jack's New England Clam Chowder  |   231.0000 |
| Jack's New England Clam Chowder  |   154.0000 |
| Jack's New England Clam Chowder  |   772.0000 |
| Jack's New England Clam Chowder  |    96.5000 |
| Jack's New England Clam Chowder  |    57.9000 |
| Jack's New England Clam Chowder  |   135.1000 |
| Jack's New England Clam Chowder  |   115.8000 |
| Jack's New England Clam Chowder  |    86.8500 |
| Jack's New England Clam Chowder  |   193.0000 |
| Jack's New England Clam Chowder  |   231.6000 |
| Jack's New England Clam Chowder  |  1158.0000 |
| Jack's New England Clam Chowder  |    38.6000 |
| Jack's New England Clam Chowder  |   405.3000 |
| Jack's New England Clam Chowder  |   115.8000 |
| Jack's New England Clam Chowder  |   115.8000 |
| Jack's New England Clam Chowder  |   337.7500 |
| Jack's New England Clam Chowder  |   289.5000 |
| Jack's New England Clam Chowder  |    96.5000 |
| Jack's New England Clam Chowder  |   193.0000 |
| Jack's New England Clam Chowder  |   135.1000 |
| Jack's New England Clam Chowder  |   193.0000 |
| Jack's New England Clam Chowder  |   193.0000 |
| Jack's New England Clam Chowder  |   115.8000 |
| Jack's New England Clam Chowder  |   135.1000 |
| Jack's New England Clam Chowder  |   289.5000 |
| Jack's New England Clam Chowder  |    48.2500 |
| Jack's New England Clam Chowder  |    57.9000 |
| Jack's New England Clam Chowder  |   231.6000 |
| Jack's New England Clam Chowder  |    57.9000 |
| Jack's New England Clam Chowder  |    38.6000 |
| Jack's New England Clam Chowder  |   337.7500 |
| Jack's New England Clam Chowder  |   193.0000 |
| Jack's New England Clam Chowder  |   270.2000 |
| Jack's New England Clam Chowder  |   289.5000 |
| Jack's New England Clam Chowder  |   115.8000 |
| Jack's New England Clam Chowder  |    86.8500 |
| Jack's New England Clam Chowder  |   386.0000 |
| Jack's New England Clam Chowder  |    28.9500 |
| Konbu                            |    48.0000 |
| Konbu                            |    96.0000 |
| Konbu                            |    57.6000 |
| Konbu                            |    96.0000 |
| Konbu                            |    86.4000 |
| Konbu                            |    48.0000 |
| Konbu                            |     9.6000 |
| Konbu                            |     4.8000 |
| Konbu                            |    60.0000 |
| Konbu                            |    60.0000 |
| Konbu                            |    48.0000 |
| Konbu                            |   360.0000 |
| Konbu                            |    48.0000 |
| Konbu                            |    78.0000 |
| Konbu                            |    24.0000 |
| Konbu                            |    36.0000 |
| Konbu                            |   120.0000 |
| Konbu                            |    42.0000 |
| Konbu                            |    60.0000 |
| Konbu                            |    18.0000 |
| Konbu                            |    36.0000 |
| Konbu                            |   390.0000 |
| Konbu                            |   168.0000 |
| Konbu                            |    30.0000 |
| Konbu                            |   240.0000 |
| Konbu                            |    60.0000 |
| Konbu                            |   252.0000 |
| Konbu                            |   120.0000 |
| Konbu                            |   120.0000 |
| Konbu                            |    90.0000 |
| Konbu                            |   120.0000 |
| Konbu                            |   462.0000 |
| Konbu                            |   504.0000 |
| Konbu                            |   336.0000 |
| Konbu                            |   120.0000 |
| Konbu                            |   480.0000 |
| Konbu                            |    42.0000 |
| Konbu                            |   180.0000 |
| Konbu                            |    60.0000 |
| Konbu                            |    24.0000 |
| Lakkalikri                       |   216.0000 |
| Lakkalikri                       |   475.2000 |
| Lakkalikri                       |    86.4000 |
| Lakkalikri                       |   432.0000 |
| Lakkalikri                       |   216.0000 |
| Lakkalikri                       |   172.8000 |
| Lakkalikri                       |   504.0000 |
| Lakkalikri                       |   201.6000 |
| Lakkalikri                       |   288.0000 |
| Lakkalikri                       |   259.2000 |
| Lakkalikri                       |   604.8000 |
| Lakkalikri                       |   900.0000 |
| Lakkalikri                       |   180.0000 |
| Lakkalikri                       |   540.0000 |
| Lakkalikri                       |   180.0000 |
| Lakkalikri                       |   252.0000 |
| Lakkalikri                       |    72.0000 |
| Lakkalikri                       |   180.0000 |
| Lakkalikri                       |  1440.0000 |
| Lakkalikri                       |   630.0000 |
| Lakkalikri                       |   180.0000 |
| Lakkalikri                       |   630.0000 |
| Lakkalikri                       |   270.0000 |
| Lakkalikri                       |   360.0000 |
| Lakkalikri                       |   360.0000 |
| Lakkalikri                       |   180.0000 |
| Lakkalikri                       |   900.0000 |
| Lakkalikri                       |   378.0000 |
| Lakkalikri                       |   360.0000 |
| Lakkalikri                       |   180.0000 |
| Lakkalikri                       |   360.0000 |
| Lakkalikri                       |    90.0000 |
| Lakkalikri                       |  1080.0000 |
| Lakkalikri                       |   792.0000 |
| Lakkalikri                       |   180.0000 |
| Lakkalikri                       |  1620.0000 |
| Lakkalikri                       |   108.0000 |
| Lakkalikri                       |   900.0000 |
| Lakkalikri                       |    36.0000 |
| Laughing Lumberjack Lager        |    56.0000 |
| Laughing Lumberjack Lager        |   420.0000 |
| Laughing Lumberjack Lager        |    98.0000 |
| Laughing Lumberjack Lager        |   350.0000 |
| Laughing Lumberjack Lager        |    42.0000 |
| Laughing Lumberjack Lager        |   210.0000 |
| Laughing Lumberjack Lager        |   210.0000 |
| Laughing Lumberjack Lager        |   336.0000 |
| Laughing Lumberjack Lager        |   560.0000 |
| Laughing Lumberjack Lager        |   280.0000 |
| Longlife Tofu                    |   168.0000 |
| Longlife Tofu                    |   288.0000 |
| Longlife Tofu                    |   160.0000 |
| Longlife Tofu                    |   112.0000 |
| Longlife Tofu                    |   400.0000 |
| Longlife Tofu                    |   120.0000 |
| Longlife Tofu                    |   240.0000 |
| Longlife Tofu                    |   128.0000 |
| Longlife Tofu                    |    50.0000 |
| Longlife Tofu                    |   350.0000 |
| Longlife Tofu                    |   150.0000 |
| Longlife Tofu                    |   200.0000 |
| Longlife Tofu                    |   200.0000 |
| Louisiana Fiery Hot Pepper Sauce |   252.0000 |
| Louisiana Fiery Hot Pepper Sauce |   336.0000 |
| Louisiana Fiery Hot Pepper Sauce |   504.0000 |
| Louisiana Fiery Hot Pepper Sauce |   672.0000 |
| Louisiana Fiery Hot Pepper Sauce |   168.0000 |
| Louisiana Fiery Hot Pepper Sauce |    84.0000 |
| Louisiana Fiery Hot Pepper Sauce |   252.0000 |
| Louisiana Fiery Hot Pepper Sauce |   336.0000 |
| Louisiana Fiery Hot Pepper Sauce |   336.0000 |
| Louisiana Fiery Hot Pepper Sauce |   588.0000 |
| Louisiana Fiery Hot Pepper Sauce |   470.4000 |
| Louisiana Fiery Hot Pepper Sauce |   252.0000 |
| Louisiana Fiery Hot Pepper Sauce |   421.0000 |
| Louisiana Fiery Hot Pepper Sauce |   820.9500 |
| Louisiana Fiery Hot Pepper Sauce |   757.8000 |
| Louisiana Fiery Hot Pepper Sauce |   631.5000 |
| Louisiana Fiery Hot Pepper Sauce |   252.6000 |
| Louisiana Fiery Hot Pepper Sauce |   442.0500 |
| Louisiana Fiery Hot Pepper Sauce |   315.7500 |
| Louisiana Fiery Hot Pepper Sauce |   210.5000 |
| Louisiana Fiery Hot Pepper Sauce |   252.6000 |
| Louisiana Fiery Hot Pepper Sauce |  1368.2500 |
| Louisiana Fiery Hot Pepper Sauce |   210.5000 |
| Louisiana Fiery Hot Pepper Sauce |   842.0000 |
| Louisiana Fiery Hot Pepper Sauce |  1684.0000 |
| Louisiana Fiery Hot Pepper Sauce |    42.1000 |
| Louisiana Fiery Hot Pepper Sauce |   315.7500 |
| Louisiana Fiery Hot Pepper Sauce |   442.0500 |
| Louisiana Fiery Hot Pepper Sauce |   210.5000 |
| Louisiana Fiery Hot Pepper Sauce |   252.6000 |
| Louisiana Fiery Hot Pepper Sauce |   442.0500 |
| Louisiana Fiery Hot Pepper Sauce |   442.0500 |
| Louisiana Hot Spiced Okra        |   408.0000 |
| Louisiana Hot Spiced Okra        |   816.0000 |
| Louisiana Hot Spiced Okra        |   816.0000 |
| Louisiana Hot Spiced Okra        |   136.0000 |
| Louisiana Hot Spiced Okra        |   408.0000 |
| Louisiana Hot Spiced Okra        |    68.0000 |
| Louisiana Hot Spiced Okra        |   850.0000 |
| Louisiana Hot Spiced Okra        |    17.0000 |
| Manjimup Dried Apples            |  1696.0000 |
| Manjimup Dried Apples            |  1484.0000 |
| Manjimup Dried Apples            |    84.8000 |
| Manjimup Dried Apples            |  2035.2000 |
| Manjimup Dried Apples            |   848.0000 |
| Manjimup Dried Apples            |   763.2000 |
| Manjimup Dried Apples            |   763.2000 |
| Manjimup Dried Apples            |   127.2000 |
| Manjimup Dried Apples            |  1060.0000 |
| Manjimup Dried Apples            |   318.0000 |
| Manjimup Dried Apples            |  2544.0000 |
| Manjimup Dried Apples            |  1060.0000 |
| Manjimup Dried Apples            |  1060.0000 |
| Manjimup Dried Apples            |  2650.0000 |
| Manjimup Dried Apples            |   159.0000 |
| Manjimup Dried Apples            |   795.0000 |
| Manjimup Dried Apples            |  1060.0000 |
| Manjimup Dried Apples            |  1060.0000 |
| Manjimup Dried Apples            |  1484.0000 |
| Manjimup Dried Apples            |   371.0000 |
| Manjimup Dried Apples            |  1590.0000 |
| Manjimup Dried Apples            |  1484.0000 |
| Manjimup Dried Apples            |  6360.0000 |
| Manjimup Dried Apples            |   530.0000 |
| Manjimup Dried Apples            |  1590.0000 |
| Manjimup Dried Apples            |   318.0000 |
| Manjimup Dried Apples            |   212.0000 |
| Manjimup Dried Apples            |   159.0000 |
| Manjimup Dried Apples            |   106.0000 |
| Manjimup Dried Apples            |  2120.0000 |
| Manjimup Dried Apples            |   424.0000 |
| Manjimup Dried Apples            |   848.0000 |
| Manjimup Dried Apples            |   530.0000 |
| Manjimup Dried Apples            |  1060.0000 |
| Manjimup Dried Apples            |   795.0000 |
| Manjimup Dried Apples            |  2332.0000 |
| Manjimup Dried Apples            |   530.0000 |
| Manjimup Dried Apples            |  1272.0000 |
| Manjimup Dried Apples            |  1060.0000 |
| Mascarpone Fabioli               |   153.6000 |
| Mascarpone Fabioli               |  1024.0000 |
| Mascarpone Fabioli               |   153.6000 |
| Mascarpone Fabioli               |  1600.0000 |
| Mascarpone Fabioli               |   768.0000 |
| Mascarpone Fabioli               |   320.0000 |
| Mascarpone Fabioli               |   128.0000 |
| Mascarpone Fabioli               |   320.0000 |
| Mascarpone Fabioli               |   640.0000 |
| Mascarpone Fabioli               |   192.0000 |
| Mascarpone Fabioli               |  1120.0000 |
| Mascarpone Fabioli               |  1600.0000 |
| Mascarpone Fabioli               |   480.0000 |
| Mascarpone Fabioli               |   640.0000 |
| Mascarpone Fabioli               |    32.0000 |
| Maxilaku                         |   640.0000 |
| Maxilaku                         |   240.0000 |
| Maxilaku                         |   480.0000 |
| Maxilaku                         |   560.0000 |
| Maxilaku                         |   480.0000 |
| Maxilaku                         |   480.0000 |
| Maxilaku                         |   336.0000 |
| Maxilaku                         |   384.0000 |
| Maxilaku                         |   500.0000 |
| Maxilaku                         |   120.0000 |
| Maxilaku                         |   500.0000 |
| Maxilaku                         |   360.0000 |
| Maxilaku                         |    80.0000 |
| Maxilaku                         |   840.0000 |
| Maxilaku                         |   300.0000 |
| Maxilaku                         |   400.0000 |
| Maxilaku                         |   200.0000 |
| Maxilaku                         |   560.0000 |
| Maxilaku                         |   800.0000 |
| Maxilaku                         |    40.0000 |
| Maxilaku                         |  1200.0000 |
| Mishi Kobe Niku                  |  1552.0000 |
| Mishi Kobe Niku                  |  1552.0000 |
| Mishi Kobe Niku                  |  4850.0000 |
| Mishi Kobe Niku                  |   582.0000 |
| Mishi Kobe Niku                  |   291.0000 |
| Mozzarella di Giovanni           |   174.0000 |
| Mozzarella di Giovanni           |   111.2000 |
| Mozzarella di Giovanni           |   556.0000 |
| Mozzarella di Giovanni           |   667.2000 |
| Mozzarella di Giovanni           |   194.6000 |
| Mozzarella di Giovanni           |    83.4000 |
| Mozzarella di Giovanni           |   556.0000 |
| Mozzarella di Giovanni           |  1112.0000 |
| Mozzarella di Giovanni           |   695.0000 |
| Mozzarella di Giovanni           |   695.0000 |
| Mozzarella di Giovanni           |  1167.6000 |
| Mozzarella di Giovanni           |   667.2000 |
| Mozzarella di Giovanni           |   583.8000 |
| Mozzarella di Giovanni           |   278.0000 |
| Mozzarella di Giovanni           |  1112.0000 |
| Mozzarella di Giovanni           |   695.0000 |
| Mozzarella di Giovanni           |   313.2000 |
| Mozzarella di Giovanni           |   835.2000 |
| Mozzarella di Giovanni           |   730.8000 |
| Mozzarella di Giovanni           |    34.8000 |
| Mozzarella di Giovanni           |   835.2000 |
| Mozzarella di Giovanni           |  1044.0000 |
| Mozzarella di Giovanni           |   417.6000 |
| Mozzarella di Giovanni           |  2088.0000 |
| Mozzarella di Giovanni           |   522.0000 |
| Mozzarella di Giovanni           |  1218.0000 |
| Mozzarella di Giovanni           |   243.6000 |
| Mozzarella di Giovanni           |  1044.0000 |
| Mozzarella di Giovanni           |   348.0000 |
| Mozzarella di Giovanni           |  1392.0000 |
| Mozzarella di Giovanni           |   522.0000 |
| Mozzarella di Giovanni           |   348.0000 |
| Mozzarella di Giovanni           |   556.8000 |
| Mozzarella di Giovanni           |  1740.0000 |
| Mozzarella di Giovanni           |   174.0000 |
| Mozzarella di Giovanni           |   696.0000 |
| Mozzarella di Giovanni           |    69.6000 |
| Mozzarella di Giovanni           |  1218.0000 |
| Nord-Ost Matjeshering            |  1242.0000 |
| Nord-Ost Matjeshering            |   124.2000 |
| Nord-Ost Matjeshering            |   207.0000 |
| Nord-Ost Matjeshering            |   724.5000 |
| Nord-Ost Matjeshering            |   165.6000 |
| Nord-Ost Matjeshering            |   310.5000 |
| Nord-Ost Matjeshering            |   372.6000 |
| Nord-Ost Matjeshering            |   372.6000 |
| Nord-Ost Matjeshering            |   579.6000 |
| Nord-Ost Matjeshering            |   165.6000 |
| Nord-Ost Matjeshering            |   517.8000 |
| Nord-Ost Matjeshering            |   258.9000 |
| Nord-Ost Matjeshering            |   388.3500 |
| Nord-Ost Matjeshering            |   258.9000 |
| Nord-Ost Matjeshering            |   517.8000 |
| Nord-Ost Matjeshering            |   776.7000 |
| Nord-Ost Matjeshering            |    51.7800 |
| Nord-Ost Matjeshering            |    77.6700 |
| Nord-Ost Matjeshering            |   388.3500 |
| Nord-Ost Matjeshering            |   388.3500 |
| Nord-Ost Matjeshering            |   776.7000 |
| Nord-Ost Matjeshering            |   388.3500 |
| Nord-Ost Matjeshering            |   647.2500 |
| Nord-Ost Matjeshering            |   517.8000 |
| Nord-Ost Matjeshering            |  1035.6000 |
| Nord-Ost Matjeshering            |   388.3500 |
| Nord-Ost Matjeshering            |   906.1500 |
| Nord-Ost Matjeshering            |   932.0400 |
| Nord-Ost Matjeshering            |    25.8900 |
| Nord-Ost Matjeshering            |   776.7000 |
| Nord-Ost Matjeshering            |   388.3500 |
| Nord-Ost Matjeshering            |   103.5600 |
| Northwoods Cranberry Sauce       |  2240.0000 |
| Northwoods Cranberry Sauce       |  2240.0000 |
| Northwoods Cranberry Sauce       |   400.0000 |
| Northwoods Cranberry Sauce       |   960.0000 |
| Northwoods Cranberry Sauce       |   400.0000 |
| Northwoods Cranberry Sauce       |  1600.0000 |
| Northwoods Cranberry Sauce       |  1200.0000 |
| Northwoods Cranberry Sauce       |   800.0000 |
| Northwoods Cranberry Sauce       |  1200.0000 |
| Northwoods Cranberry Sauce       |   640.0000 |
| Northwoods Cranberry Sauce       |   800.0000 |
| Northwoods Cranberry Sauce       |  1200.0000 |
| Northwoods Cranberry Sauce       |    80.0000 |
| NuNuCa Nu-Nougat-Creme           |    44.8000 |
| NuNuCa Nu-Nougat-Creme           |   112.0000 |
| NuNuCa Nu-Nougat-Creme           |   560.0000 |
| NuNuCa Nu-Nougat-Creme           |    78.4000 |
| NuNuCa Nu-Nougat-Creme           |   134.4000 |
| NuNuCa Nu-Nougat-Creme           |   672.0000 |
| NuNuCa Nu-Nougat-Creme           |   252.0000 |
| NuNuCa Nu-Nougat-Creme           |   168.0000 |
| NuNuCa Nu-Nougat-Creme           |   490.0000 |
| NuNuCa Nu-Nougat-Creme           |   210.0000 |
| NuNuCa Nu-Nougat-Creme           |    70.0000 |
| NuNuCa Nu-Nougat-Creme           |   140.0000 |
| NuNuCa Nu-Nougat-Creme           |    84.0000 |
| NuNuCa Nu-Nougat-Creme           |   280.0000 |
| NuNuCa Nu-Nougat-Creme           |   140.0000 |
| NuNuCa Nu-Nougat-Creme           |    70.0000 |
| NuNuCa Nu-Nougat-Creme           |   336.0000 |
| NuNuCa Nu-Nougat-Creme           |   210.0000 |
| Original Frankfurter grne Soe    |   124.8000 |
| Original Frankfurter grne Soe    |   156.0000 |
| Original Frankfurter grne Soe    |   104.0000 |
| Original Frankfurter grne Soe    |    52.0000 |
| Original Frankfurter grne Soe    |    72.8000 |
| Original Frankfurter grne Soe    |   145.6000 |
| Original Frankfurter grne Soe    |   364.0000 |
| Original Frankfurter grne Soe    |   104.0000 |
| Original Frankfurter grne Soe    |   572.0000 |
| Original Frankfurter grne Soe    |   312.0000 |
| Original Frankfurter grne Soe    |    72.8000 |
| Original Frankfurter grne Soe    |    52.0000 |
| Original Frankfurter grne Soe    |   260.0000 |
| Original Frankfurter grne Soe    |   130.0000 |
| Original Frankfurter grne Soe    |   234.0000 |
| Original Frankfurter grne Soe    |   260.0000 |
| Original Frankfurter grne Soe    |   780.0000 |
| Original Frankfurter grne Soe    |    65.0000 |
| Original Frankfurter grne Soe    |   455.0000 |
| Original Frankfurter grne Soe    |   910.0000 |
| Original Frankfurter grne Soe    |   390.0000 |
| Original Frankfurter grne Soe    |    26.0000 |
| Original Frankfurter grne Soe    |   195.0000 |
| Original Frankfurter grne Soe    |   260.0000 |
| Original Frankfurter grne Soe    |   195.0000 |
| Original Frankfurter grne Soe    |    26.0000 |
| Original Frankfurter grne Soe    |   195.0000 |
| Original Frankfurter grne Soe    |   325.0000 |
| Original Frankfurter grne Soe    |   520.0000 |
| Original Frankfurter grne Soe    |   195.0000 |
| Original Frankfurter grne Soe    |   520.0000 |
| Original Frankfurter grne Soe    |   195.0000 |
| Original Frankfurter grne Soe    |   273.0000 |
| Original Frankfurter grne Soe    |   390.0000 |
| Original Frankfurter grne Soe    |   234.0000 |
| Original Frankfurter grne Soe    |   130.0000 |
| Original Frankfurter grne Soe    |   364.0000 |
| Original Frankfurter grne Soe    |    26.0000 |
| Outback Lager                    |   252.0000 |
| Outback Lager                    |   240.0000 |
| Outback Lager                    |   240.0000 |
| Outback Lager                    |    60.0000 |
| Outback Lager                    |   360.0000 |
| Outback Lager                    |   360.0000 |
| Outback Lager                    |   360.0000 |
| Outback Lager                    |    96.0000 |
| Outback Lager                    |   300.0000 |
| Outback Lager                    |   144.0000 |
| Outback Lager                    |   720.0000 |
| Outback Lager                    |   210.0000 |
| Outback Lager                    |    90.0000 |
| Outback Lager                    |   105.0000 |
| Outback Lager                    |   225.0000 |
| Outback Lager                    |   300.0000 |
| Outback Lager                    |   225.0000 |
| Outback Lager                    |   600.0000 |
| Outback Lager                    |   750.0000 |
| Outback Lager                    |   450.0000 |
| Outback Lager                    |   120.0000 |
| Outback Lager                    |   420.0000 |
| Outback Lager                    |   600.0000 |
| Outback Lager                    |   525.0000 |
| Outback Lager                    |    75.0000 |
| Outback Lager                    |    90.0000 |
| Outback Lager                    |   135.0000 |
| Outback Lager                    |   180.0000 |
| Outback Lager                    |   450.0000 |
| Outback Lager                    |   450.0000 |
| Outback Lager                    |    60.0000 |
| Outback Lager                    |   750.0000 |
| Outback Lager                    |   450.0000 |
| Outback Lager                    |    45.0000 |
| Outback Lager                    |   300.0000 |
| Outback Lager                    |   450.0000 |
| Outback Lager                    |    60.0000 |
| Outback Lager                    |    45.0000 |
| Outback Lager                    |   180.0000 |
| Pavlova                          |   486.5000 |
| Pavlova                          |   834.0000 |
| Pavlova                          |   556.0000 |
| Pavlova                          |   417.0000 |
| Pavlova                          |   139.0000 |
| Pavlova                          |   291.9000 |
| Pavlova                          |   778.4000 |
| Pavlova                          |   291.9000 |
| Pavlova                          |   222.4000 |
| Pavlova                          |   681.1000 |
| Pavlova                          |   278.0000 |
| Pavlova                          |   486.5000 |
| Pavlova                          |   250.2000 |
| Pavlova                          |   872.5000 |
| Pavlova                          |   698.0000 |
| Pavlova                          |   244.3000 |
| Pavlova                          |   523.5000 |
| Pavlova                          |   209.4000 |
| Pavlova                          |   523.5000 |
| Pavlova                          |   523.5000 |
| Pavlova                          |   174.5000 |
| Pavlova                          |    52.3500 |
| Pavlova                          |   872.5000 |
| Pavlova                          |   349.0000 |
| Pavlova                          |   349.0000 |
| Pavlova                          |   261.7500 |
| Pavlova                          |    52.3500 |
| Pavlova                          |   349.0000 |
| Pavlova                          |  1134.2500 |
| Pavlova                          |   872.5000 |
| Pavlova                          |   209.4000 |
| Pavlova                          |   523.5000 |
| Pavlova                          |   261.7500 |
| Pavlova                          |   104.7000 |
| Pavlova                          |   418.8000 |
| Pavlova                          |   523.5000 |
| Pavlova                          |   488.6000 |
| Pavlova                          |   959.7500 |
| Pavlova                          |   628.2000 |
| Pavlova                          |    52.3500 |
| Pavlova                          |   523.5000 |
| Pavlova                          |   244.3000 |
| Pavlova                          |    34.9000 |
| Perth Pasties                    |   393.0000 |
| Perth Pasties                    |   943.2000 |
| Perth Pasties                    |   262.0000 |
| Perth Pasties                    |   524.0000 |
| Perth Pasties                    |   524.0000 |
| Perth Pasties                    |  1048.0000 |
| Perth Pasties                    |  1834.0000 |
| Perth Pasties                    |   262.0000 |
| Perth Pasties                    |   393.0000 |
| Perth Pasties                    |   393.0000 |
| Perth Pasties                    |  1310.0000 |
| Perth Pasties                    |   733.6000 |
| Perth Pasties                    |   196.8000 |
| Perth Pasties                    |   328.0000 |
| Perth Pasties                    |   164.0000 |
| Perth Pasties                    |   590.4000 |
| Perth Pasties                    |   820.0000 |
| Perth Pasties                    |   393.6000 |
| Perth Pasties                    |   820.0000 |
| Perth Pasties                    |   328.0000 |
| Perth Pasties                    |  3936.0000 |
| Perth Pasties                    |    98.4000 |
| Perth Pasties                    |   656.0000 |
| Perth Pasties                    |   295.2000 |
| Perth Pasties                    |    98.4000 |
| Perth Pasties                    |    65.6000 |
| Perth Pasties                    |   656.0000 |
| Perth Pasties                    |  2296.0000 |
| Perth Pasties                    |   328.0000 |
| Perth Pasties                    |   820.0000 |
| Pt chinois                       |   403.2000 |
| Pt chinois                       |   384.0000 |
| Pt chinois                       |   768.0000 |
| Pt chinois                       |   230.4000 |
| Pt chinois                       |   288.0000 |
| Pt chinois                       |  2304.0000 |
| Pt chinois                       |   192.0000 |
| Pt chinois                       |  2304.0000 |
| Pt chinois                       |  1152.0000 |
| Pt chinois                       |    38.4000 |
| Pt chinois                       |   576.0000 |
| Pt chinois                       |   336.0000 |
| Pt chinois                       |   432.0000 |
| Pt chinois                       |   600.0000 |
| Pt chinois                       |   480.0000 |
| Pt chinois                       |   120.0000 |
| Pt chinois                       |   288.0000 |
| Pt chinois                       |    96.0000 |
| Pt chinois                       |   504.0000 |
| Pt chinois                       |   144.0000 |
| Pt chinois                       |   288.0000 |
| Pt chinois                       |  1440.0000 |
| Pt chinois                       |   240.0000 |
| Pt chinois                       |   720.0000 |
| Pt chinois                       |   600.0000 |
| Pt chinois                       |    96.0000 |
| Pt chinois                       |  1560.0000 |
| Pt chinois                       |   144.0000 |
| Pt chinois                       |   960.0000 |
| Pt chinois                       |   840.0000 |
| Pt chinois                       |   840.0000 |
| Pt chinois                       |    96.0000 |
| Pt chinois                       |    48.0000 |
| Queso Cabrales                   |   168.0000 |
| Queso Cabrales                   |   201.6000 |
| Queso Cabrales                   |   840.0000 |
| Queso Cabrales                   |   201.6000 |
| Queso Cabrales                   |   403.2000 |
| Queso Cabrales                   |   504.0000 |
| Queso Cabrales                   |   100.8000 |
| Queso Cabrales                   |   504.0000 |
| Queso Cabrales                   |   100.8000 |
| Queso Cabrales                   |   168.0000 |
| Queso Cabrales                   |    84.0000 |
| Queso Cabrales                   |   252.0000 |
| Queso Cabrales                   |    63.0000 |
| Queso Cabrales                   |  1050.0000 |
| Queso Cabrales                   |   315.0000 |
| Queso Cabrales                   |   210.0000 |
| Queso Cabrales                   |   315.0000 |
| Queso Cabrales                   |   735.0000 |
| Queso Cabrales                   |   315.0000 |
| Queso Cabrales                   |   294.0000 |
| Queso Cabrales                   |   210.0000 |
| Queso Cabrales                   |   315.0000 |
| Queso Cabrales                   |   105.0000 |
| Queso Cabrales                   |   315.0000 |
| Queso Cabrales                   |   420.0000 |
| Queso Cabrales                   |  1050.0000 |
| Queso Cabrales                   |   420.0000 |
| Queso Cabrales                   |   315.0000 |
| Queso Cabrales                   |   525.0000 |
| Queso Cabrales                   |   210.0000 |
| Queso Cabrales                   |   840.0000 |
| Queso Cabrales                   |   840.0000 |
| Queso Cabrales                   |    42.0000 |
| Queso Cabrales                   |   105.0000 |
| Queso Cabrales                   |   630.0000 |
| Queso Cabrales                   |   315.0000 |
| Queso Cabrales                   |   210.0000 |
| Queso Cabrales                   |   210.0000 |
| Queso Manchego La Pastora        |   364.8000 |
| Queso Manchego La Pastora        |   456.0000 |
| Queso Manchego La Pastora        |   570.0000 |
| Queso Manchego La Pastora        |  1140.0000 |
| Queso Manchego La Pastora        |  1368.0000 |
| Queso Manchego La Pastora        |  3800.0000 |
| Queso Manchego La Pastora        |   152.0000 |
| Queso Manchego La Pastora        |  1368.0000 |
| Queso Manchego La Pastora        |  1140.0000 |
| Queso Manchego La Pastora        |   760.0000 |
| Queso Manchego La Pastora        |   760.0000 |
| Queso Manchego La Pastora        |   760.0000 |
| Queso Manchego La Pastora        |   152.0000 |
| Queso Manchego La Pastora        |    76.0000 |
| Raclette Courdavault             |  1320.0000 |
| Raclette Courdavault             |  3080.0000 |
| Raclette Courdavault             |   264.0000 |
| Raclette Courdavault             |   660.0000 |
| Raclette Courdavault             |  1320.0000 |
| Raclette Courdavault             |   440.0000 |
| Raclette Courdavault             |  1760.0000 |
| Raclette Courdavault             |   396.0000 |
| Raclette Courdavault             |   396.0000 |
| Raclette Courdavault             |   528.0000 |
| Raclette Courdavault             |   704.0000 |
| Raclette Courdavault             |   396.0000 |
| Raclette Courdavault             |   880.0000 |
| Raclette Courdavault             |  3080.0000 |
| Raclette Courdavault             |  1584.0000 |
| Raclette Courdavault             |  2640.0000 |
| Raclette Courdavault             |   528.0000 |
| Raclette Courdavault             |  1320.0000 |
| Raclette Courdavault             |  2640.0000 |
| Raclette Courdavault             |   220.0000 |
| Raclette Courdavault             |   110.0000 |
| Raclette Courdavault             |   825.0000 |
| Raclette Courdavault             |  2200.0000 |
| Raclette Courdavault             |   660.0000 |
| Raclette Courdavault             |  1925.0000 |
| Raclette Courdavault             |  1100.0000 |
| Raclette Courdavault             |  1650.0000 |
| Raclette Courdavault             |    55.0000 |
| Raclette Courdavault             |   660.0000 |
| Raclette Courdavault             |  1375.0000 |
| Raclette Courdavault             |  2310.0000 |
| Raclette Courdavault             |  1925.0000 |
| Raclette Courdavault             |   440.0000 |
| Raclette Courdavault             |   550.0000 |
| Raclette Courdavault             |  2475.0000 |
| Raclette Courdavault             |   330.0000 |
| Raclette Courdavault             |  1375.0000 |
| Raclette Courdavault             |   385.0000 |
| Raclette Courdavault             |  1375.0000 |
| Raclette Courdavault             |  1375.0000 |
| Raclette Courdavault             |   825.0000 |
| Raclette Courdavault             |  2200.0000 |
| Raclette Courdavault             |   825.0000 |
| Raclette Courdavault             |  2750.0000 |
| Raclette Courdavault             |  2310.0000 |
| Raclette Courdavault             |  2200.0000 |
| Raclette Courdavault             |   220.0000 |
| Raclette Courdavault             |   990.0000 |
| Raclette Courdavault             |   550.0000 |
| Raclette Courdavault             |  6050.0000 |
| Raclette Courdavault             |  1320.0000 |
| Raclette Courdavault             |  5500.0000 |
| Raclette Courdavault             |  1650.0000 |
| Raclette Courdavault             |  1650.0000 |
| Ravioli Angelo                   |   234.0000 |
| Ravioli Angelo                   |   780.0000 |
| Ravioli Angelo                   |    31.2000 |
| Ravioli Angelo                   |   249.6000 |
| Ravioli Angelo                   |   390.0000 |
| Ravioli Angelo                   |   390.0000 |
| Ravioli Angelo                   |   312.0000 |
| Ravioli Angelo                   |   234.0000 |
| Ravioli Angelo                   |    97.5000 |
| Ravioli Angelo                   |   117.0000 |
| Ravioli Angelo                   |    78.0000 |
| Ravioli Angelo                   |   390.0000 |
| Ravioli Angelo                   |   780.0000 |
| Ravioli Angelo                   |   273.0000 |
| Ravioli Angelo                   |   292.5000 |
| Ravioli Angelo                   |   292.5000 |
| Ravioli Angelo                   |   468.0000 |
| Ravioli Angelo                   |   195.0000 |
| Ravioli Angelo                   |   390.0000 |
| Ravioli Angelo                   |   585.0000 |
| Ravioli Angelo                   |   292.5000 |
| Ravioli Angelo                   |   546.0000 |
| Ravioli Angelo                   |   390.0000 |
| Rd Kaviar                        |   300.0000 |
| Rd Kaviar                        |   240.0000 |
| Rd Kaviar                        |   240.0000 |
| Rd Kaviar                        |   360.0000 |
| Rd Kaviar                        |   135.0000 |
| Rd Kaviar                        |    45.0000 |
| Rd Kaviar                        |   450.0000 |
| Rd Kaviar                        |   525.0000 |
| Rd Kaviar                        |   750.0000 |
| Rd Kaviar                        |   225.0000 |
| Rd Kaviar                        |   525.0000 |
| Rd Kaviar                        |   225.0000 |
| Rd Kaviar                        |   150.0000 |
| Rd Kaviar                        |    30.0000 |
| Rhnbru Klosterbier               |   186.0000 |
| Rhnbru Klosterbier               |    37.2000 |
| Rhnbru Klosterbier               |    37.2000 |
| Rhnbru Klosterbier               |    62.0000 |
| Rhnbru Klosterbier               |   310.0000 |
| Rhnbru Klosterbier               |    37.2000 |
| Rhnbru Klosterbier               |    74.4000 |
| Rhnbru Klosterbier               |   148.8000 |
| Rhnbru Klosterbier               |    24.8000 |
| Rhnbru Klosterbier               |    62.0000 |
| Rhnbru Klosterbier               |   223.2000 |
| Rhnbru Klosterbier               |   279.0000 |
| Rhnbru Klosterbier               |   387.5000 |
| Rhnbru Klosterbier               |   232.5000 |
| Rhnbru Klosterbier               |   155.0000 |
| Rhnbru Klosterbier               |   116.2500 |
| Rhnbru Klosterbier               |   155.0000 |
| Rhnbru Klosterbier               |   162.7500 |
| Rhnbru Klosterbier               |   387.5000 |
| Rhnbru Klosterbier               |   232.5000 |
| Rhnbru Klosterbier               |   310.0000 |
| Rhnbru Klosterbier               |    62.0000 |
| Rhnbru Klosterbier               |    15.5000 |
| Rhnbru Klosterbier               |   193.7500 |
| Rhnbru Klosterbier               |   232.5000 |
| Rhnbru Klosterbier               |   325.5000 |
| Rhnbru Klosterbier               |   155.0000 |
| Rhnbru Klosterbier               |   139.5000 |
| Rhnbru Klosterbier               |    54.2500 |
| Rhnbru Klosterbier               |    77.5000 |
| Rhnbru Klosterbier               |   325.5000 |
| Rhnbru Klosterbier               |   310.0000 |
| Rhnbru Klosterbier               |   155.0000 |
| Rhnbru Klosterbier               |   930.0000 |
| Rhnbru Klosterbier               |   108.5000 |
| Rhnbru Klosterbier               |    46.5000 |
| Rhnbru Klosterbier               |   379.7500 |
| Rhnbru Klosterbier               |   155.0000 |
| Rhnbru Klosterbier               |   387.5000 |
| Rhnbru Klosterbier               |    93.0000 |
| Rhnbru Klosterbier               |   155.0000 |
| Rhnbru Klosterbier               |    77.5000 |
| Rhnbru Klosterbier               |    77.5000 |
| Rhnbru Klosterbier               |   310.0000 |
| Rhnbru Klosterbier               |   232.5000 |
| Rhnbru Klosterbier               |    31.0000 |
| Rogede sild                      |   114.0000 |
| Rogede sild                      |   228.0000 |
| Rogede sild                      |   199.5000 |
| Rogede sild                      |   950.0000 |
| Rogede sild                      |   190.0000 |
| Rogede sild                      |  1045.0000 |
| Rogede sild                      |   380.0000 |
| Rogede sild                      |   380.0000 |
| Rogede sild                      |    38.0000 |
| Rogede sild                      |   256.5000 |
| Rogede sild                      |   342.0000 |
| Rogede sild                      |   142.5000 |
| Rogede sild                      |   285.0000 |
| Rogede sild                      |   190.0000 |
| Rssle Sauerkraut                 |   728.0000 |
| Rssle Sauerkraut                 |  1019.2000 |
| Rssle Sauerkraut                 |   145.6000 |
| Rssle Sauerkraut                 |   509.6000 |
| Rssle Sauerkraut                 |  1092.0000 |
| Rssle Sauerkraut                 |   473.2000 |
| Rssle Sauerkraut                 |   728.0000 |
| Rssle Sauerkraut                 |   218.4000 |
| Rssle Sauerkraut                 |  1528.8000 |
| Rssle Sauerkraut                 |   436.8000 |
| Rssle Sauerkraut                 |   546.0000 |
| Rssle Sauerkraut                 |  1092.0000 |
| Rssle Sauerkraut                 |   655.2000 |
| Rssle Sauerkraut                 |   912.0000 |
| Rssle Sauerkraut                 |   364.8000 |
| Rssle Sauerkraut                 |   136.8000 |
| Rssle Sauerkraut                 |  1596.0000 |
| Rssle Sauerkraut                 |   319.2000 |
| Rssle Sauerkraut                 |   456.0000 |
| Rssle Sauerkraut                 |   684.0000 |
| Rssle Sauerkraut                 |   912.0000 |
| Rssle Sauerkraut                 |  2736.0000 |
| Rssle Sauerkraut                 |   912.0000 |
| Rssle Sauerkraut                 |   228.0000 |
| Rssle Sauerkraut                 |  1094.4000 |
| Rssle Sauerkraut                 |   136.8000 |
| Rssle Sauerkraut                 |  1368.0000 |
| Rssle Sauerkraut                 |   364.8000 |
| Rssle Sauerkraut                 |    91.2000 |
| Rssle Sauerkraut                 |   912.0000 |
| Rssle Sauerkraut                 |  3192.0000 |
| Rssle Sauerkraut                 |   912.0000 |
| Rssle Sauerkraut                 |   364.8000 |
| Sasquatch Ale                    |   224.0000 |
| Sasquatch Ale                    |   156.8000 |
| Sasquatch Ale                    |   112.0000 |
| Sasquatch Ale                    |   403.2000 |
| Sasquatch Ale                    |   112.0000 |
| Sasquatch Ale                    |   224.0000 |
| Sasquatch Ale                    |   392.0000 |
| Sasquatch Ale                    |   140.0000 |
| Sasquatch Ale                    |   560.0000 |
| Sasquatch Ale                    |   196.0000 |
| Sasquatch Ale                    |   168.0000 |
| Sasquatch Ale                    |   420.0000 |
| Sasquatch Ale                    |   140.0000 |
| Sasquatch Ale                    |   140.0000 |
| Sasquatch Ale                    |   280.0000 |
| Sasquatch Ale                    |   840.0000 |
| Sasquatch Ale                    |  1260.0000 |
| Sasquatch Ale                    |   420.0000 |
| Sasquatch Ale                    |   490.0000 |
| Schoggi Schokolade               |   877.5000 |
| Schoggi Schokolade               |   526.5000 |
| Schoggi Schokolade               |  1755.0000 |
| Schoggi Schokolade               |  5268.0000 |
| Schoggi Schokolade               |  2195.0000 |
| Schoggi Schokolade               |  1756.0000 |
| Schoggi Schokolade               |   439.0000 |
| Schoggi Schokolade               |  1097.5000 |
| Schoggi Schokolade               |  1317.0000 |
| Scottish Longbreads              |    30.0000 |
| Scottish Longbreads              |   200.0000 |
| Scottish Longbreads              |   150.0000 |
| Scottish Longbreads              |    30.0000 |
| Scottish Longbreads              |   100.0000 |
| Scottish Longbreads              |   100.0000 |
| Scottish Longbreads              |    40.0000 |
| Scottish Longbreads              |    80.0000 |
| Scottish Longbreads              |   600.0000 |
| Scottish Longbreads              |   360.0000 |
| Scottish Longbreads              |   300.0000 |
| Scottish Longbreads              |   210.0000 |
| Scottish Longbreads              |   300.0000 |
| Scottish Longbreads              |    75.0000 |
| Scottish Longbreads              |   250.0000 |
| Scottish Longbreads              |   437.5000 |
| Scottish Longbreads              |   187.5000 |
| Scottish Longbreads              |   225.0000 |
| Scottish Longbreads              |   125.0000 |
| Scottish Longbreads              |   500.0000 |
| Scottish Longbreads              |   562.5000 |
| Scottish Longbreads              |    75.0000 |
| Scottish Longbreads              |   500.0000 |
| Scottish Longbreads              |   225.0000 |
| Scottish Longbreads              |   187.5000 |
| Scottish Longbreads              |   300.0000 |
| Scottish Longbreads              |   250.0000 |
| Scottish Longbreads              |   250.0000 |
| Scottish Longbreads              |   225.0000 |
| Scottish Longbreads              |   250.0000 |
| Scottish Longbreads              |  1000.0000 |
| Scottish Longbreads              |    25.0000 |
| Scottish Longbreads              |   525.0000 |
| Scottish Longbreads              |   687.5000 |
| Singaporean Hokkien Fried Mee    |    98.0000 |
| Singaporean Hokkien Fried Mee    |    22.4000 |
| Singaporean Hokkien Fried Mee    |    67.2000 |
| Singaporean Hokkien Fried Mee    |   112.0000 |
| Singaporean Hokkien Fried Mee    |   100.8000 |
| Singaporean Hokkien Fried Mee    |   448.0000 |
| Singaporean Hokkien Fried Mee    |   560.0000 |
| Singaporean Hokkien Fried Mee    |   224.0000 |
| Singaporean Hokkien Fried Mee    |   420.0000 |
| Singaporean Hokkien Fried Mee    |   280.0000 |
| Singaporean Hokkien Fried Mee    |   392.0000 |
| Singaporean Hokkien Fried Mee    |  1400.0000 |
| Singaporean Hokkien Fried Mee    |    70.0000 |
| Singaporean Hokkien Fried Mee    |   280.0000 |
| Singaporean Hokkien Fried Mee    |   420.0000 |
| Singaporean Hokkien Fried Mee    |    84.0000 |
| Singaporean Hokkien Fried Mee    |   560.0000 |
| Singaporean Hokkien Fried Mee    |   392.0000 |
| Singaporean Hokkien Fried Mee    |    28.0000 |
| Singaporean Hokkien Fried Mee    |   168.0000 |
| Singaporean Hokkien Fried Mee    |   280.0000 |
| Singaporean Hokkien Fried Mee    |   588.0000 |
| Singaporean Hokkien Fried Mee    |   280.0000 |
| Singaporean Hokkien Fried Mee    |   350.0000 |
| Singaporean Hokkien Fried Mee    |   140.0000 |
| Singaporean Hokkien Fried Mee    |   560.0000 |
| Singaporean Hokkien Fried Mee    |   336.0000 |
| Singaporean Hokkien Fried Mee    |   196.0000 |
| Singaporean Hokkien Fried Mee    |    56.0000 |
| Singaporean Hokkien Fried Mee    |   420.0000 |
| Sir Rodney's Marmalade           |  2592.0000 |
| Sir Rodney's Marmalade           |   388.8000 |
| Sir Rodney's Marmalade           |  1296.0000 |
| Sir Rodney's Marmalade           |   777.6000 |
| Sir Rodney's Marmalade           |  1814.4000 |
| Sir Rodney's Marmalade           |  3159.0000 |
| Sir Rodney's Marmalade           |  1215.0000 |
| Sir Rodney's Marmalade           |  1701.0000 |
| Sir Rodney's Marmalade           |  1701.0000 |
| Sir Rodney's Marmalade           |   405.0000 |
| Sir Rodney's Marmalade           |  1620.0000 |
| Sir Rodney's Marmalade           |   405.0000 |
| Sir Rodney's Marmalade           |  4050.0000 |
| Sir Rodney's Marmalade           |  1215.0000 |
| Sir Rodney's Marmalade           |  1215.0000 |
| Sir Rodney's Marmalade           |    81.0000 |
| Sir Rodney's Scones              |    80.0000 |
| Sir Rodney's Scones              |   160.0000 |
| Sir Rodney's Scones              |    80.0000 |
| Sir Rodney's Scones              |    40.0000 |
| Sir Rodney's Scones              |    80.0000 |
| Sir Rodney's Scones              |   240.0000 |
| Sir Rodney's Scones              |    96.0000 |
| Sir Rodney's Scones              |   400.0000 |
| Sir Rodney's Scones              |   320.0000 |
| Sir Rodney's Scones              |   320.0000 |
| Sir Rodney's Scones              |   168.0000 |
| Sir Rodney's Scones              |   112.0000 |
| Sir Rodney's Scones              |   120.0000 |
| Sir Rodney's Scones              |   400.0000 |
| Sir Rodney's Scones              |   150.0000 |
| Sir Rodney's Scones              |    60.0000 |
| Sir Rodney's Scones              |    60.0000 |
| Sir Rodney's Scones              |    80.0000 |
| Sir Rodney's Scones              |   420.0000 |
| Sir Rodney's Scones              |   250.0000 |
| Sir Rodney's Scones              |   300.0000 |
| Sir Rodney's Scones              |   600.0000 |
| Sir Rodney's Scones              |   120.0000 |
| Sir Rodney's Scones              |    50.0000 |
| Sir Rodney's Scones              |   320.0000 |
| Sir Rodney's Scones              |   300.0000 |
| Sir Rodney's Scones              |   400.0000 |
| Sir Rodney's Scones              |   400.0000 |
| Sir Rodney's Scones              |   400.0000 |
| Sir Rodney's Scones              |   200.0000 |
| Sir Rodney's Scones              |   400.0000 |
| Sir Rodney's Scones              |   600.0000 |
| Sir Rodney's Scones              |   360.0000 |
| Sir Rodney's Scones              |   120.0000 |
| Sir Rodney's Scones              |   400.0000 |
| Sir Rodney's Scones              |   650.0000 |
| Sir Rodney's Scones              |   150.0000 |
| Sir Rodney's Scones              |   200.0000 |
| Sir Rodney's Scones              |    30.0000 |
| Sirop d'rable                    |   364.8000 |
| Sirop d'rable                    |  2052.0000 |
| Sirop d'rable                    |   570.0000 |
| Sirop d'rable                    |   712.5000 |
| Sirop d'rable                    |   427.5000 |
| Sirop d'rable                    |   570.0000 |
| Sirop d'rable                    |   285.0000 |
| Sirop d'rable                    |  3420.0000 |
| Sirop d'rable                    |   570.0000 |
| Sirop d'rable                    |   285.0000 |
| Sirop d'rable                    |   142.5000 |
| Sirop d'rable                    |   570.0000 |
| Sirop d'rable                    |   570.0000 |
| Sirop d'rable                    |   855.0000 |
| Sirop d'rable                    |   855.0000 |
| Sirop d'rable                    |   427.5000 |
| Sirop d'rable                    |   142.5000 |
| Sirop d'rable                    |   855.0000 |
| Sirop d'rable                    |  1881.0000 |
| Sirop d'rable                    |   199.5000 |
| Sirop d'rable                    |   171.0000 |
| Sirop d'rable                    |   114.0000 |
| Sirop d'rable                    |   285.0000 |
| Sirop d'rable                    |   114.0000 |
| Spegesild                        |   144.0000 |
| Spegesild                        |   288.0000 |
| Spegesild                        |   432.0000 |
| Spegesild                        |   268.8000 |
| Spegesild                        |    19.2000 |
| Spegesild                        |   192.0000 |
| Spegesild                        |    48.0000 |
| Spegesild                        |    96.0000 |
| Spegesild                        |   192.0000 |
| Spegesild                        |    48.0000 |
| Spegesild                        |   108.0000 |
| Spegesild                        |    24.0000 |
| Spegesild                        |   252.0000 |
| Spegesild                        |   540.0000 |
| Spegesild                        |   720.0000 |
| Spegesild                        |   216.0000 |
| Spegesild                        |   288.0000 |
| Spegesild                        |   336.0000 |
| Spegesild                        |   420.0000 |
| Spegesild                        |   252.0000 |
| Spegesild                        |   180.0000 |
| Spegesild                        |   108.0000 |
| Spegesild                        |   240.0000 |
| Spegesild                        |   300.0000 |
| Spegesild                        |    36.0000 |
| Spegesild                        |   360.0000 |
| Spegesild                        |    36.0000 |
| Steeleye Stout                   |   288.0000 |
| Steeleye Stout                   |    57.6000 |
| Steeleye Stout                   |  1440.0000 |
| Steeleye Stout                   |   144.0000 |
| Steeleye Stout                   |  1008.0000 |
| Steeleye Stout                   |   576.0000 |
| Steeleye Stout                   |   432.0000 |
| Steeleye Stout                   |   504.0000 |
| Steeleye Stout                   |   864.0000 |
| Steeleye Stout                   |   115.2000 |
| Steeleye Stout                   |    54.0000 |
| Steeleye Stout                   |   540.0000 |
| Steeleye Stout                   |   360.0000 |
| Steeleye Stout                   |   108.0000 |
| Steeleye Stout                   |   360.0000 |
| Steeleye Stout                   |   360.0000 |
| Steeleye Stout                   |    72.0000 |
| Steeleye Stout                   |   540.0000 |
| Steeleye Stout                   |   540.0000 |
| Steeleye Stout                   |   162.0000 |
| Steeleye Stout                   |   378.0000 |
| Steeleye Stout                   |   630.0000 |
| Steeleye Stout                   |   270.0000 |
| Steeleye Stout                   |   360.0000 |
| Steeleye Stout                   |   144.0000 |
| Steeleye Stout                   |   108.0000 |
| Steeleye Stout                   |   450.0000 |
| Steeleye Stout                   |    72.0000 |
| Steeleye Stout                   |   540.0000 |
| Steeleye Stout                   |    54.0000 |
| Steeleye Stout                   |   180.0000 |
| Steeleye Stout                   |   720.0000 |
| Steeleye Stout                   |   270.0000 |
| Steeleye Stout                   |  1080.0000 |
| Steeleye Stout                   |   432.0000 |
| Steeleye Stout                   |   324.0000 |
| Tarte au sucre                   |   591.0000 |
| Tarte au sucre                   |   472.8000 |
| Tarte au sucre                   |  1576.0000 |
| Tarte au sucre                   |   591.0000 |
| Tarte au sucre                   |   394.0000 |
| Tarte au sucre                   |   197.0000 |
| Tarte au sucre                   |   985.0000 |
| Tarte au sucre                   |  2758.0000 |
| Tarte au sucre                   |  1103.2000 |
| Tarte au sucre                   |   788.0000 |
| Tarte au sucre                   |   394.0000 |
| Tarte au sucre                   |  1379.0000 |
| Tarte au sucre                   |  1576.0000 |
| Tarte au sucre                   |  1379.0000 |
| Tarte au sucre                   |   147.9000 |
| Tarte au sucre                   |  1972.0000 |
| Tarte au sucre                   |   986.0000 |
| Tarte au sucre                   |   739.5000 |
| Tarte au sucre                   |   493.0000 |
| Tarte au sucre                   |   493.0000 |
| Tarte au sucre                   |   493.0000 |
| Tarte au sucre                   |   493.0000 |
| Tarte au sucre                   |   739.5000 |
| Tarte au sucre                   |  3944.0000 |
| Tarte au sucre                   |   493.0000 |
| Tarte au sucre                   |  2366.4000 |
| Tarte au sucre                   |   986.0000 |
| Tarte au sucre                   |   443.7000 |
| Tarte au sucre                   |  1479.0000 |
| Tarte au sucre                   |   739.5000 |
| Tarte au sucre                   |   986.0000 |
| Tarte au sucre                   |    98.6000 |
| Tarte au sucre                   |   246.5000 |
| Tarte au sucre                   |   986.0000 |
| Tarte au sucre                   |  1232.5000 |
| Tarte au sucre                   |   147.9000 |
| Tarte au sucre                   |  2465.0000 |
| Tarte au sucre                   |   147.9000 |
| Tarte au sucre                   |   986.0000 |
| Tarte au sucre                   |   295.8000 |
| Tarte au sucre                   |  1725.5000 |
| Tarte au sucre                   |   690.2000 |
| Tarte au sucre                   |  1479.0000 |
| Tarte au sucre                   |  2958.0000 |
| Tarte au sucre                   |   591.6000 |
| Tarte au sucre                   |  1972.0000 |
| Tarte au sucre                   |  1035.3000 |
| Tarte au sucre                   |   591.6000 |
| Teatime Chocolate Biscuits       |     7.3000 |
| Teatime Chocolate Biscuits       |   131.4000 |
| Teatime Chocolate Biscuits       |   109.5000 |
| Teatime Chocolate Biscuits       |    73.0000 |
| Teatime Chocolate Biscuits       |   584.0000 |
| Teatime Chocolate Biscuits       |   131.4000 |
| Teatime Chocolate Biscuits       |   146.0000 |
| Teatime Chocolate Biscuits       |    29.2000 |
| Teatime Chocolate Biscuits       |   109.5000 |
| Teatime Chocolate Biscuits       |    87.6000 |
| Teatime Chocolate Biscuits       |   292.0000 |
| Teatime Chocolate Biscuits       |   153.3000 |
| Teatime Chocolate Biscuits       |    36.5000 |
| Teatime Chocolate Biscuits       |    92.0000 |
| Teatime Chocolate Biscuits       |   322.0000 |
| Teatime Chocolate Biscuits       |    46.0000 |
| Teatime Chocolate Biscuits       |   138.0000 |
| Teatime Chocolate Biscuits       |   276.0000 |
| Teatime Chocolate Biscuits       |   110.4000 |
| Teatime Chocolate Biscuits       |    64.4000 |
| Teatime Chocolate Biscuits       |   276.0000 |
| Teatime Chocolate Biscuits       |    64.4000 |
| Teatime Chocolate Biscuits       |    46.0000 |
| Teatime Chocolate Biscuits       |   110.4000 |
| Teatime Chocolate Biscuits       |   460.0000 |
| Teatime Chocolate Biscuits       |   220.8000 |
| Teatime Chocolate Biscuits       |   138.0000 |
| Teatime Chocolate Biscuits       |    18.4000 |
| Teatime Chocolate Biscuits       |   110.4000 |
| Teatime Chocolate Biscuits       |   230.0000 |
| Teatime Chocolate Biscuits       |   110.4000 |
| Teatime Chocolate Biscuits       |    64.4000 |
| Teatime Chocolate Biscuits       |   110.4000 |
| Teatime Chocolate Biscuits       |   460.0000 |
| Teatime Chocolate Biscuits       |   322.0000 |
| Teatime Chocolate Biscuits       |   386.4000 |
| Teatime Chocolate Biscuits       |    92.0000 |
| Thringer Rostbratwurst           |   990.0000 |
| Thringer Rostbratwurst           |  1485.0000 |
| Thringer Rostbratwurst           |  2475.0000 |
| Thringer Rostbratwurst           |   396.0000 |
| Thringer Rostbratwurst           |  3465.0000 |
| Thringer Rostbratwurst           |  1980.0000 |
| Thringer Rostbratwurst           |  1386.0000 |
| Thringer Rostbratwurst           |  2079.0000 |
| Thringer Rostbratwurst           |  2376.0000 |
| Thringer Rostbratwurst           |  1782.0000 |
| Thringer Rostbratwurst           |  4456.4400 |
| Thringer Rostbratwurst           |  1237.9000 |
| Thringer Rostbratwurst           |   742.7400 |
| Thringer Rostbratwurst           |  2475.8000 |
| Thringer Rostbratwurst           |  4456.4400 |
| Thringer Rostbratwurst           |  1237.9000 |
| Thringer Rostbratwurst           |  4951.6000 |
| Thringer Rostbratwurst           |  1485.4800 |
| Thringer Rostbratwurst           |  2228.2200 |
| Thringer Rostbratwurst           |  2475.8000 |
| Thringer Rostbratwurst           |  1733.0600 |
| Thringer Rostbratwurst           |  2475.8000 |
| Thringer Rostbratwurst           |   990.3200 |
| Thringer Rostbratwurst           |  1237.9000 |
| Thringer Rostbratwurst           |  2970.9600 |
| Thringer Rostbratwurst           |  9903.2000 |
| Thringer Rostbratwurst           |  7427.4000 |
| Thringer Rostbratwurst           |  1733.0600 |
| Thringer Rostbratwurst           |  6189.5000 |
| Thringer Rostbratwurst           |   247.5800 |
| Thringer Rostbratwurst           |  1237.9000 |
| Thringer Rostbratwurst           |  7427.4000 |
| Tofu                             |   167.4000 |
| Tofu                             |   167.4000 |
| Tofu                             |   186.0000 |
| Tofu                             |   279.0000 |
| Tofu                             |   781.2000 |
| Tofu                             |   223.2000 |
| Tofu                             |   372.0000 |
| Tofu                             |   651.0000 |
| Tofu                             |   223.2000 |
| Tofu                             |  1627.5000 |
| Tofu                             |   697.5000 |
| Tofu                             |   255.7500 |
| Tofu                             |   348.7500 |
| Tofu                             |   488.2500 |
| Tofu                             |    69.7500 |
| Tofu                             |    69.7500 |
| Tofu                             |   697.5000 |
| Tofu                             |   372.0000 |
| Tofu                             |   116.2500 |
| Tofu                             |   348.7500 |
| Tofu                             |   465.0000 |
| Tofu                             |    23.2500 |
| Tourtire                         |    59.0000 |
| Tourtire                         |    29.5000 |
| Tourtire                         |    88.5000 |
| Tourtire                         |   141.6000 |
| Tourtire                         |   118.0000 |
| Tourtire                         |   165.2000 |
| Tourtire                         |   141.6000 |
| Tourtire                         |   106.2000 |
| Tourtire                         |    59.0000 |
| Tourtire                         |    35.4000 |
| Tourtire                         |   236.0000 |
| Tourtire                         |   472.0000 |
| Tourtire                         |    88.5000 |
| Tourtire                         |    35.4000 |
| Tourtire                         |   141.6000 |
| Tourtire                         |   149.0000 |
| Tourtire                         |   111.7500 |
| Tourtire                         |    74.5000 |
| Tourtire                         |   178.8000 |
| Tourtire                         |   372.5000 |
| Tourtire                         |    29.8000 |
| Tourtire                         |   223.5000 |
| Tourtire                         |    44.7000 |
| Tourtire                         |   223.5000 |
| Tourtire                         |   447.0000 |
| Tourtire                         |   111.7500 |
| Tourtire                         |   298.0000 |
| Tourtire                         |    22.3500 |
| Tourtire                         |    22.3500 |
| Tourtire                         |    44.7000 |
| Tourtire                         |    52.1500 |
| Tourtire                         |   260.7500 |
| Tourtire                         |   238.4000 |
| Tourtire                         |    74.5000 |
| Tourtire                         |    74.5000 |
| Tourtire                         |   149.0000 |
| Tunnbrd                          |   288.0000 |
| Tunnbrd                          |   180.0000 |
| Tunnbrd                          |   288.0000 |
| Tunnbrd                          |   432.0000 |
| Tunnbrd                          |   151.2000 |
| Tunnbrd                          |   108.0000 |
| Tunnbrd                          |    72.0000 |
| Tunnbrd                          |   630.0000 |
| Tunnbrd                          |   180.0000 |
| Tunnbrd                          |    90.0000 |
| Tunnbrd                          |   288.0000 |
| Tunnbrd                          |    45.0000 |
| Tunnbrd                          |   396.0000 |
| Tunnbrd                          |   162.0000 |
| Tunnbrd                          |   630.0000 |
| Tunnbrd                          |   450.0000 |
| Tunnbrd                          |   270.0000 |
| Tunnbrd                          |    72.0000 |
| Tunnbrd                          |    90.0000 |
| Tunnbrd                          |    18.0000 |
| Uncle Bob's Organic Dried Pears  |   360.0000 |
| Uncle Bob's Organic Dried Pears  |   240.0000 |
| Uncle Bob's Organic Dried Pears  |   384.0000 |
| Uncle Bob's Organic Dried Pears  |   720.0000 |
| Uncle Bob's Organic Dried Pears  |  1500.0000 |
| Uncle Bob's Organic Dried Pears  |   300.0000 |
| Uncle Bob's Organic Dried Pears  |   300.0000 |
| Uncle Bob's Organic Dried Pears  |  1350.0000 |
| Uncle Bob's Organic Dried Pears  |  1050.0000 |
| Uncle Bob's Organic Dried Pears  |  2700.0000 |
| Uncle Bob's Organic Dried Pears  |  1050.0000 |
| Uncle Bob's Organic Dried Pears  |    90.0000 |
| Uncle Bob's Organic Dried Pears  |   600.0000 |
| Uncle Bob's Organic Dried Pears  |   150.0000 |
| Uncle Bob's Organic Dried Pears  |   600.0000 |
| Uncle Bob's Organic Dried Pears  |   360.0000 |
| Uncle Bob's Organic Dried Pears  |   240.0000 |
| Uncle Bob's Organic Dried Pears  |   180.0000 |
| Uncle Bob's Organic Dried Pears  |  1350.0000 |
| Uncle Bob's Organic Dried Pears  |   540.0000 |
| Uncle Bob's Organic Dried Pears  |   600.0000 |
| Uncle Bob's Organic Dried Pears  |  1800.0000 |
| Uncle Bob's Organic Dried Pears  |  1800.0000 |
| Uncle Bob's Organic Dried Pears  |  1800.0000 |
| Uncle Bob's Organic Dried Pears  |   600.0000 |
| Uncle Bob's Organic Dried Pears  |   120.0000 |
| Uncle Bob's Organic Dried Pears  |  1200.0000 |
| Uncle Bob's Organic Dried Pears  |   450.0000 |
| Uncle Bob's Organic Dried Pears  |    30.0000 |
| Valkoinen suklaa                 |   195.0000 |
| Valkoinen suklaa                 |   195.0000 |
| Valkoinen suklaa                 |   520.0000 |
| Valkoinen suklaa                 |   325.0000 |
| Valkoinen suklaa                 |   406.2500 |
| Valkoinen suklaa                 |   650.0000 |
| Valkoinen suklaa                 |   325.0000 |
| Valkoinen suklaa                 |   390.0000 |
| Valkoinen suklaa                 |   146.2500 |
| Valkoinen suklaa                 |   357.5000 |
| Vegie-spread                     |   280.8000 |
| Vegie-spread                     |   175.5000 |
| Vegie-spread                     |  2808.0000 |
| Vegie-spread                     |   561.6000 |
| Vegie-spread                     |  2281.5000 |
| Vegie-spread                     |  1228.5000 |
| Vegie-spread                     |   263.4000 |
| Vegie-spread                     |  1053.6000 |
| Vegie-spread                     |   878.0000 |
| Vegie-spread                     |   395.1000 |
| Vegie-spread                     |  1317.0000 |
| Vegie-spread                     |  1756.0000 |
| Vegie-spread                     |   439.0000 |
| Vegie-spread                     |   878.0000 |
| Vegie-spread                     |  1536.5000 |
| Vegie-spread                     |   526.8000 |
| Vegie-spread                     |  1317.0000 |
| Wimmers gute Semmelkndel         |   239.4000 |
| Wimmers gute Semmelkndel         |  1330.0000 |
| Wimmers gute Semmelkndel         |   931.0000 |
| Wimmers gute Semmelkndel         |   798.0000 |
| Wimmers gute Semmelkndel         |   186.2000 |
| Wimmers gute Semmelkndel         |   798.0000 |
| Wimmers gute Semmelkndel         |   159.6000 |
| Wimmers gute Semmelkndel         |   931.0000 |
| Wimmers gute Semmelkndel         |   212.8000 |
| Wimmers gute Semmelkndel         |   798.0000 |
| Wimmers gute Semmelkndel         |   997.5000 |
| Wimmers gute Semmelkndel         |   598.5000 |
| Wimmers gute Semmelkndel         |   199.5000 |
| Wimmers gute Semmelkndel         |   299.2500 |
| Wimmers gute Semmelkndel         |   498.7500 |
| Wimmers gute Semmelkndel         |   931.0000 |
| Wimmers gute Semmelkndel         |   798.0000 |
| Wimmers gute Semmelkndel         |  1163.7500 |
| Wimmers gute Semmelkndel         |    99.7500 |
| Wimmers gute Semmelkndel         |   997.5000 |
| Wimmers gute Semmelkndel         |  1596.0000 |
| Wimmers gute Semmelkndel         |   997.5000 |
| Wimmers gute Semmelkndel         |   498.7500 |
| Wimmers gute Semmelkndel         |   665.0000 |
| Wimmers gute Semmelkndel         |   266.0000 |
| Wimmers gute Semmelkndel         |   133.0000 |
| Wimmers gute Semmelkndel         |   665.0000 |
| Wimmers gute Semmelkndel         |   831.2500 |
| Wimmers gute Semmelkndel         |  4322.5000 |
| Wimmers gute Semmelkndel         |    66.5000 |
| Zaanse koeken                    |   121.6000 |
| Zaanse koeken                    |   418.0000 |
| Zaanse koeken                    |   228.0000 |
| Zaanse koeken                    |   228.0000 |
| Zaanse koeken                    |    57.0000 |
| Zaanse koeken                    |   237.5000 |
| Zaanse koeken                    |   142.5000 |
| Zaanse koeken                    |    57.0000 |
| Zaanse koeken                    |    95.0000 |
| Zaanse koeken                    |   380.0000 |
| Zaanse koeken                    |   142.5000 |
| Zaanse koeken                    |   114.0000 |
| Zaanse koeken                    |    47.5000 |
| Zaanse koeken                    |   475.0000 |
| Zaanse koeken                    |   285.0000 |
| Zaanse koeken                    |   285.0000 |
| Zaanse koeken                    |   380.0000 |
| Zaanse koeken                    |   199.5000 |
| Zaanse koeken                    |    47.5000 |
| Zaanse koeken                    |   133.0000 |
| Zaanse koeken                    |   285.0000 |
+----------------------------------+------------+
2155 rows in set (0.0019 sec)

 MySQL  localhost:3306  northwind  SQL > select sum(quantity * unitprice) from orderdetails;
+---------------------------+
| sum(quantity * unitprice) |
+---------------------------+
|              1354458.5900 |
+---------------------------+
1 row in set (0.0012 sec)

 MySQL  localhost:3306  northwind  SQL > select b.productname, sum(a.unitprice * a.quantity) as total from orderdetails a inner join products b on a.productid = b.productid
                                     ... group by a.productid;
+----------------------------------+-------------+
| productname                      | total       |
+----------------------------------+-------------+
| Chai                             |  14277.6000 |
| Chang                            |  18559.2000 |
| Aniseed Syrup                    |   3080.0000 |
| Chef Anton's Cajun Seasoning     |   9424.8000 |
| Chef Anton's Gumbo Mix           |   5801.1500 |
| Grandma's Boysenberry Spread     |   7345.0000 |
| Uncle Bob's Organic Dried Pears  |  22464.0000 |
| Northwoods Cranberry Sauce       |  13760.0000 |
| Mishi Kobe Niku                  |   8827.0000 |
| Ikura                            |  22140.2000 |
| Queso Cabrales                   |  13902.0000 |
| Queso Manchego La Pastora        |  12866.8000 |
| Konbu                            |   5234.4000 |
| Tofu                             |   8630.4000 |
| Genen Shouyu                     |   1813.5000 |
| Pavlova                          |  18748.0500 |
| Alice Mutton                     |  35482.2000 |
| Carnarvon Tigers                 |  31987.5000 |
| Teatime Chocolate Biscuits       |   6159.5000 |
| Sir Rodney's Marmalade           |  23635.8000 |
| Sir Rodney's Scones              |   9636.0000 |
| Gustaf's Knckebrd                |   7232.4000 |
| Tunnbrd                          |   4840.2000 |
| Guaran Fantstica                 |   4782.6000 |
| NuNuCa Nu-Nougat-Creme           |   4051.6000 |
| Gumbr Gummibrchen                |  21534.9000 |
| Schoggi Schokolade               |  15231.5000 |
| Rssle Sauerkraut                 |  26865.6000 |
| Thringer Rostbratwurst           |  87736.4000 |
| Nord-Ost Matjeshering            |  14775.5400 |
| Gorgonzola Telino                |  16172.5000 |
| Mascarpone Fabioli               |   9171.2000 |
| Geitost                          |   1713.5000 |
| Sasquatch Ale                    |   6678.0000 |
| Steeleye Stout                   |  14536.8000 |
| Inlagd Sill                      |  14542.6000 |
| Gravad lax                       |   3047.2000 |
| Cte de Blaye                     | 149984.2000 |
| Chartreuse verte                 |  13150.8000 |
| Boston Crab Meat                 |  19048.3000 |
| Jack's New England Clam Chowder  |   9098.1000 |
| Singaporean Hokkien Fried Mee    |   9332.4000 |
| Ipoh Coffee                      |  25079.2000 |
| Gula Malacca                     |  10524.2000 |
| Rogede sild                      |   4740.5000 |
| Spegesild                        |   6144.0000 |
| Zaanse koeken                    |   4358.6000 |
| Chocolade                        |   1542.7500 |
| Maxilaku                         |   9500.0000 |
| Valkoinen suklaa                 |   3510.0000 |
| Manjimup Dried Apples            |  44742.6000 |
| Filo Mix                         |   3383.8000 |
| Perth Pasties                    |  21510.2000 |
| Tourtire                         |   5121.0000 |
| Pt chinois                       |  19512.0000 |
| Gnocchi di nonna Alice           |  45121.2000 |
| Ravioli Angelo                   |   7807.8000 |
| Escargots de Bourgogne           |   6664.7500 |
| Raclette Courdavault             |  76296.0000 |
| Camembert Pierrot                |  50286.0000 |
| Sirop d'rable                    |  16438.8000 |
| Tarte au sucre                   |  49827.9000 |
| Vegie-spread                     |  17696.3000 |
| Wimmers gute Semmelkndel         |  23009.0000 |
| Louisiana Fiery Hot Pepper Sauce |  14607.0000 |
| Louisiana Hot Spiced Okra        |   3519.0000 |
| Laughing Lumberjack Lager        |   2562.0000 |
| Scottish Longbreads              |   9362.5000 |
| Gudbrandsdalsost                 |  24307.2000 |
| Outback Lager                    |  11472.0000 |
| Flotemysost                      |  20876.5000 |
| Mozzarella di Giovanni           |  25738.8000 |
| Rd Kaviar                        |   4200.0000 |
| Longlife Tofu                    |   2566.0000 |
| Rhnbru Klosterbier               |   8650.5500 |
| Lakkalikri                       |  16794.0000 |
| Original Frankfurter grne Soe    |   9685.0000 |
+----------------------------------+-------------+
77 rows in set (0.0046 sec)

 MySQL  localhost:3306  northwind  SQL > desc products;
+-----------------+---------------+------+-----+---------+----------------+
| Field           | Type          | Null | Key | Default | Extra          |
+-----------------+---------------+------+-----+---------+----------------+
| ProductID       | int(11)       | NO   | PRI | NULL    | auto_increment |
| ProductName     | varchar(40)   | NO   | MUL | NULL    |                |
| SupplierID      | int(11)       | YES  | MUL | NULL    |                |
| CategoryID      | int(11)       | YES  | MUL | NULL    |                |
| QuantityPerUnit | varchar(20)   | YES  |     | NULL    |                |
| UnitPrice       | decimal(10,4) | YES  |     | 0.0000  |                |
| UnitsInStock    | smallint(2)   | YES  |     | 0       |                |
| UnitsOnOrder    | smallint(2)   | YES  |     | 0       |                |
| ReorderLevel    | smallint(2)   | YES  |     | 0       |                |
| Discontinued    | bit(1)        | NO   |     | b'0'    |                |
+-----------------+---------------+------+-----+---------+----------------+
10 rows in set (0.0007 sec)

 MySQL  localhost:3306  northwind  SQL > select productid from products where productname like 'Chai';
+-----------+
| productid |
+-----------+
|         1 |
+-----------+
1 row in set (0.0033 sec)

 MySQL  localhost:3306  northwind  SQL > select productname from products where productid = 1;
+-------------+
| productname |
+-------------+
| Chai        |
+-------------+
1 row in set (0.0004 sec)

 MySQL  localhost:3306  northwind  SQL > select sum(quantity * unitprice) as total from orderdetails where productid = 1;
+------------+
| total      |
+------------+
| 14277.6000 |
+------------+
1 row in set (0.0006 sec)

 MySQL  localhost:3306  northwind  SQL > desc orderdetails;
+-----------+---------------+------+-----+---------+-------+
| Field     | Type          | Null | Key | Default | Extra |
+-----------+---------------+------+-----+---------+-------+
| OrderID   | int(11)       | NO   | PRI | NULL    |       |
| ProductID | int(11)       | NO   | PRI | NULL    |       |
| UnitPrice | decimal(10,4) | NO   |     | 0.0000  |       |
| Quantity  | smallint(2)   | NO   |     | 1       |       |
| Discount  | double(8,0)   | NO   |     | 0       |       |
+-----------+---------------+------+-----+---------+-------+
5 rows in set (0.0007 sec)

 MySQL  localhost:3306  northwind  SQL > desc orders;
+----------------+---------------+------+-----+---------+----------------+
| Field          | Type          | Null | Key | Default | Extra          |
+----------------+---------------+------+-----+---------+----------------+
| OrderID        | int(11)       | NO   | PRI | NULL    | auto_increment |
| CustomerID     | varchar(5)    | YES  | MUL | NULL    |                |
| EmployeeID     | int(11)       | YES  | MUL | NULL    |                |
| OrderDate      | datetime      | YES  | MUL | NULL    |                |
| RequiredDate   | datetime      | YES  |     | NULL    |                |
| ShippedDate    | datetime      | YES  | MUL | NULL    |                |
| ShipVia        | int(11)       | YES  | MUL | NULL    |                |
| Freight        | decimal(10,4) | YES  |     | 0.0000  |                |
| ShipName       | varchar(40)   | YES  |     | NULL    |                |
| ShipAddress    | varchar(60)   | YES  |     | NULL    |                |
| ShipCity       | varchar(15)   | YES  |     | NULL    |                |
| ShipRegion     | varchar(15)   | YES  |     | NULL    |                |
| ShipPostalCode | varchar(10)   | YES  | MUL | NULL    |                |
| ShipCountry    | varchar(15)   | YES  |     | NULL    |                |
+----------------+---------------+------+-----+---------+----------------+
14 rows in set (0.0008 sec)

 MySQL  localhost:3306  northwind  SQL > select b.productname, sum(a.unitprice * a.quantity) as total from orderdetails a inner join products b on a.productid = b.productid
                                     ... inner join ;
ERROR: 1064 (42000): You have an error in your SQL syntax; check the manual that corresponds to your MySQL server version for the right syntax to use near '' at line 2

 MySQL  localhost:3306  northwind  SQL > select b.productname, c.customerid, sum(a.unitprice * a.quantity) as total from orderdetails a inner join products b on a.productid = b.productid
                                     ... desc orde;
ERROR: 1064 (42000): You have an error in your SQL syntax; check the manual that corresponds to your MySQL server version for the right syntax to use near 'desc orde' at line 2

 MySQL  localhost:3306  northwind  SQL > desc products;
+-----------------+---------------+------+-----+---------+----------------+
| Field           | Type          | Null | Key | Default | Extra          |
+-----------------+---------------+------+-----+---------+----------------+
| ProductID       | int(11)       | NO   | PRI | NULL    | auto_increment |
| ProductName     | varchar(40)   | NO   | MUL | NULL    |                |
| SupplierID      | int(11)       | YES  | MUL | NULL    |                |
| CategoryID      | int(11)       | YES  | MUL | NULL    |                |
| QuantityPerUnit | varchar(20)   | YES  |     | NULL    |                |
| UnitPrice       | decimal(10,4) | YES  |     | 0.0000  |                |
| UnitsInStock    | smallint(2)   | YES  |     | 0       |                |
| UnitsOnOrder    | smallint(2)   | YES  |     | 0       |                |
| ReorderLevel    | smallint(2)   | YES  |     | 0       |                |
| Discontinued    | bit(1)        | NO   |     | b'0'    |                |
+-----------------+---------------+------+-----+---------+----------------+
10 rows in set (0.0008 sec)

 MySQL  localhost:3306  northwind  SQL > desc customers;
+--------------+-------------+------+-----+---------+-------+
| Field        | Type        | Null | Key | Default | Extra |
+--------------+-------------+------+-----+---------+-------+
| CustomerID   | varchar(5)  | NO   | PRI | NULL    |       |
| CompanyName  | varchar(40) | NO   | MUL | NULL    |       |
| ContactName  | varchar(30) | YES  |     | NULL    |       |
| ContactTitle | varchar(30) | YES  |     | NULL    |       |
| Address      | varchar(60) | YES  |     | NULL    |       |
| City         | varchar(15) | YES  | MUL | NULL    |       |
| Region       | varchar(15) | YES  | MUL | NULL    |       |
| PostalCode   | varchar(10) | YES  | MUL | NULL    |       |
| Country      | varchar(15) | YES  |     | NULL    |       |
| Phone        | varchar(24) | YES  |     | NULL    |       |
| Fax          | varchar(24) | YES  |     | NULL    |       |
+--------------+-------------+------+-----+---------+-------+
11 rows in set (0.0007 sec)

 MySQL  localhost:3306  northwind  SQL > select b.productname, c.customerid, sum(a.unitprice * a.quantity) as total from orderdetails a inner join products b on a.productid = b.productid
                                     ... inner join
                                     ... ;
ERROR: 1064 (42000): You have an error in your SQL syntax; check the manual that corresponds to your MySQL server version for the right syntax to use near '' at line 2

 MySQL  localhost:3306  northwind  SQL > select b.companyname, sum(a.quantity * a.unitprice) as total
                                     ... from orderdetails a
                                     ... inner join customers b on b.customerid = c.customerid
                                     ... inner join orders c on a.orderid = c.orderid group by b.customerid;
ERROR: 1054 (42S22): Unknown column 'c.customerid' in 'on clause'

 MySQL  localhost:3306  northwind  SQL > select b.companyname, sum(a.quantity * a.unitprice) as total from orderdetails a inner join customers b on b.customerid = c.customerid inner join orders c on a.orderid = c.orderid group by b.cust;
 MySQL  localhost:3306  northwind  SQL >
 MySQL  localhost:3306  northwind  SQL > select b.companyname, sum(a.quantity * a.unitprice) as total from orderdetails a inner join customers c on b.customerid = c.customerid inner join orders c on a.orderid = c.orderid group by b.customerid;
ERROR: 1066 (42000): Not unique table/alias: 'c'

 MySQL  localhost:3306  northwind  SQL > select b.companyname, sum(a.quantity * a.unitprice) as total from orderdetails a inner join customers c on b.customerid = c.customerid inner join orders c on a.orderid = c.orderid group by b.customerid;
ERROR: 1066 (42000): Not unique table/alias: 'c'

 MySQL  localhost:3306  northwind  SQL > select b.companyname, sum(a.quantity * a.unitprice) as total from orderdetails a inner join customers c on c.customerid = b.customerid inner join orders c on a.orderid = c.orderid group by b.customerid;
ERROR: 1066 (42000): Not unique table/alias: 'c'

 MySQL  localhost:3306  northwind  SQL > select c.companyname, sum(a.quantity * a.unitprice) as total
                                     ... from orderdetails a
                                     ... inner join orders b on a.orderid = b.orderid
                                     ... inner join customers c on b.customerid = c.customerid
                                     ... ;
+---------------------+--------------+
| companyname         | total        |
+---------------------+--------------+
| Alfreds Futterkiste | 1354458.5900 |
+---------------------+--------------+
1 row in set (0.0074 sec)

 MySQL  localhost:3306  northwind  SQL > select c.companyname, sum(a.quantity * a.unitprice) as total  from orderdetails a inner join orders b on a.orderid = b.orderid inner join customers c on b.customerid = c.customerid group by
                                     ... c.customerid;
+------------------------------------+-------------+
| companyname                        | total       |
+------------------------------------+-------------+
| Alfreds Futterkiste                |   4596.2000 |
| Ana Trujillo Emparedados y helados |   1402.9500 |
| Antonio Moreno Taquera             |   7515.3500 |
| Around the Horn                    |  13806.5000 |
| Berglunds snabbkp                  |  26968.1500 |
| Blauer See Delikatessen            |   3239.8000 |
| Blondesddsl pre et fils            |  19088.0000 |
| Blido Comidas preparadas           |   5297.8000 |
| Bon app'                           |  23850.9500 |
| Bottom-Dollar Markets              |  22607.7000 |
| B's Beverages                      |   6089.9000 |
| Cactus Comidas para llevar         |   1814.8000 |
| Centro comercial Moctezuma         |    100.8000 |
| Chop-suey Chinese                  |  12886.3000 |
| Comrcio Mineiro                    |   3810.7500 |
| Consolidated Holdings              |   1719.1000 |
| Drachenblut Delikatessen           |   3763.2100 |
| Du monde entier                    |   1615.9000 |
| Eastern Connection                 |  15033.6600 |
| Ernst Handel                       | 113236.6800 |
| Familia Arquibaldo                 |   4438.9000 |
| Folies gourmandes                  |  11666.9000 |
| Folk och f HB                      |  32555.5500 |
| Frankenversand                     |  28722.7100 |
| France restauration                |   3172.1600 |
| Franchi S.p.A.                     |   1545.7000 |
| Furia Bacalhau e Frutos do Mar     |   7151.5500 |
| Galera del gastrnomo               |    836.7000 |
| Godos Cocina Tpica                 |  11830.1000 |
| Gourmet Lanchonetes                |   8702.2300 |
| Great Lakes Food Market            |  19711.1300 |
| GROSELLA-Restaurante               |   1488.7000 |
| Hanari Carnes                      |  34101.1500 |
| HILARION-Abastos                   |  23611.5800 |
| Hungry Coyote Import Store         |   3063.2000 |
| Hungry Owl All-Night Grocers       |  57317.3900 |
| Island Trading                     |   6146.3000 |
| Kniglich Essen                     |  31745.7500 |
| La corne d'abondance               |   1992.0500 |
| La maison d'Asie                   |  10272.3500 |
| Laughing Bacchus Wine Cellars      |    522.5000 |
| Lazy K Kountry Store               |    357.0000 |
| Lehmanns Marktstand                |  21282.0200 |
| Let's Stop N Shop                  |   3490.0200 |
| LILA-Supermercado                  |  17825.0600 |
| LINO-Delicateses                   |  17889.5500 |
| Lonesome Pine Restaurant           |   4258.6000 |
| Magazzini Alimentari Riuniti       |   7603.8500 |
| Maison Dewey                       |  10430.5800 |
| Mre Paillarde                      |  32203.9000 |
| Morgenstern Gesundkost             |   5042.2000 |
| North/South                        |    649.0000 |
| Ocano Atlntico Ltda.               |   3460.2000 |
| Old World Delicatessen             |  16325.1500 |
| Ottilies Kseladen                  |  13157.5000 |
| Pericles Comidas clsicas           |   4242.2000 |
| Piccolo und mehr                   |  26259.9500 |
| Princesa Isabel Vinhos             |   5317.1000 |
| Que Delcia                         |   6973.6300 |
| Queen Cozinha                      |  30226.1000 |
| QUICK-Stop                         | 117483.3900 |
| Rancho grande                      |   2844.1000 |
| Rattlesnake Canyon Grocery         |  52245.9000 |
| Reggiani Caseifici                 |   7555.6000 |
| Ricardo Adocicados                 |  12924.4000 |
| Richter Supermarkt                 |  20033.2000 |
| Romero y tomillo                   |   1467.2900 |
| Sant Gourmet                       |   5735.1500 |
| Save-a-lot Markets                 | 115673.3900 |
| Seven Seas Imports                 |  17172.0500 |
| Simons bistro                      |  18138.4500 |
| Spcialits du monde                 |   2423.3500 |
| Split Rail Beer & Ale              |  12489.7000 |
| Suprmes dlices                     |  24704.4000 |
| The Big Cheese                     |   3361.0000 |
| The Cracker Box                    |   1947.2400 |
| Toms Spezialitten                  |   4954.0000 |
| Tortuga Restaurante                |  10812.1500 |
| Tradio Hipermercados               |   7310.6200 |
| Trail's Head Gourmet Provisioners  |   1571.2000 |
| Vaffeljernet                       |  16643.8000 |
| Victuailles en stock               |   9937.1000 |
| Vins et alcools Chevalier          |   1480.0000 |
| Die Wandernde Kuh                  |  10653.8500 |
| Wartian Herkku                     |  16617.1000 |
| Wellington Importadora             |   6480.7000 |
| White Clover Markets               |  29073.4500 |
| Wilman Kala                        |   3161.3500 |
| Wolski  Zajazd                     |   3531.9500 |
+------------------------------------+-------------+
89 rows in set (0.0031 sec)

 MySQL  localhost:3306  northwind  SQL > select c.companyname, sum(a.quantity * a.unitprice) as total  from orderdetails a inner join orders b on a.orderid = b.orderid inner join customers c on b.customerid = c.customerid group by c.customerid having sum(a.uniprice * a.quantity) > 10000;
ERROR: 1054 (42S22): Unknown column 'a.uniprice' in 'having clause'

 MySQL  localhost:3306  northwind  SQL > select c.companyname, sum(a.quantity * a.unitprice) as total  from orderdetails a inner join orders b on a.orderid = b.orderid inner join customers c on b.customerid = c.customerid group by c.customerid having sum(a.unitprice * a.quantity) > 10000;
+------------------------------+-------------+
| companyname                  | total       |
+------------------------------+-------------+
| Around the Horn              |  13806.5000 |
| Berglunds snabbkp            |  26968.1500 |
| Blondesddsl pre et fils      |  19088.0000 |
| Bon app'                     |  23850.9500 |
| Bottom-Dollar Markets        |  22607.7000 |
| Chop-suey Chinese            |  12886.3000 |
| Eastern Connection           |  15033.6600 |
| Ernst Handel                 | 113236.6800 |
| Folies gourmandes            |  11666.9000 |
| Folk och f HB                |  32555.5500 |
| Frankenversand               |  28722.7100 |
| Godos Cocina Tpica           |  11830.1000 |
| Great Lakes Food Market      |  19711.1300 |
| Hanari Carnes                |  34101.1500 |
| HILARION-Abastos             |  23611.5800 |
| Hungry Owl All-Night Grocers |  57317.3900 |
| Kniglich Essen               |  31745.7500 |
| La maison d'Asie             |  10272.3500 |
| Lehmanns Marktstand          |  21282.0200 |
| LILA-Supermercado            |  17825.0600 |
| LINO-Delicateses             |  17889.5500 |
| Maison Dewey                 |  10430.5800 |
| Mre Paillarde                |  32203.9000 |
| Old World Delicatessen       |  16325.1500 |
| Ottilies Kseladen            |  13157.5000 |
| Piccolo und mehr             |  26259.9500 |
| Queen Cozinha                |  30226.1000 |
| QUICK-Stop                   | 117483.3900 |
| Rattlesnake Canyon Grocery   |  52245.9000 |
| Ricardo Adocicados           |  12924.4000 |
| Richter Supermarkt           |  20033.2000 |
| Save-a-lot Markets           | 115673.3900 |
| Seven Seas Imports           |  17172.0500 |
| Simons bistro                |  18138.4500 |
| Split Rail Beer & Ale        |  12489.7000 |
| Suprmes dlices               |  24704.4000 |
| Tortuga Restaurante          |  10812.1500 |
| Vaffeljernet                 |  16643.8000 |
| Die Wandernde Kuh            |  10653.8500 |
| Wartian Herkku               |  16617.1000 |
| White Clover Markets         |  29073.4500 |
+------------------------------+-------------+
41 rows in set (0.0066 sec)

 MySQL  localhost:3306  northwind  SQL > select b.productname, sum(a.unitprice * a.quantity) as total from orderdetails a inner join products b on a.productid = b.productid group by a.productid;
+----------------------------------+-------------+
| productname                      | total       |
+----------------------------------+-------------+
| Chai                             |  14277.6000 |
| Chang                            |  18559.2000 |
| Aniseed Syrup                    |   3080.0000 |
| Chef Anton's Cajun Seasoning     |   9424.8000 |
| Chef Anton's Gumbo Mix           |   5801.1500 |
| Grandma's Boysenberry Spread     |   7345.0000 |
| Uncle Bob's Organic Dried Pears  |  22464.0000 |
| Northwoods Cranberry Sauce       |  13760.0000 |
| Mishi Kobe Niku                  |   8827.0000 |
| Ikura                            |  22140.2000 |
| Queso Cabrales                   |  13902.0000 |
| Queso Manchego La Pastora        |  12866.8000 |
| Konbu                            |   5234.4000 |
| Tofu                             |   8630.4000 |
| Genen Shouyu                     |   1813.5000 |
| Pavlova                          |  18748.0500 |
| Alice Mutton                     |  35482.2000 |
| Carnarvon Tigers                 |  31987.5000 |
| Teatime Chocolate Biscuits       |   6159.5000 |
| Sir Rodney's Marmalade           |  23635.8000 |
| Sir Rodney's Scones              |   9636.0000 |
| Gustaf's Knckebrd                |   7232.4000 |
| Tunnbrd                          |   4840.2000 |
| Guaran Fantstica                 |   4782.6000 |
| NuNuCa Nu-Nougat-Creme           |   4051.6000 |
| Gumbr Gummibrchen                |  21534.9000 |
| Schoggi Schokolade               |  15231.5000 |
| Rssle Sauerkraut                 |  26865.6000 |
| Thringer Rostbratwurst           |  87736.4000 |
| Nord-Ost Matjeshering            |  14775.5400 |
| Gorgonzola Telino                |  16172.5000 |
| Mascarpone Fabioli               |   9171.2000 |
| Geitost                          |   1713.5000 |
| Sasquatch Ale                    |   6678.0000 |
| Steeleye Stout                   |  14536.8000 |
| Inlagd Sill                      |  14542.6000 |
| Gravad lax                       |   3047.2000 |
| Cte de Blaye                     | 149984.2000 |
| Chartreuse verte                 |  13150.8000 |
| Boston Crab Meat                 |  19048.3000 |
| Jack's New England Clam Chowder  |   9098.1000 |
| Singaporean Hokkien Fried Mee    |   9332.4000 |
| Ipoh Coffee                      |  25079.2000 |
| Gula Malacca                     |  10524.2000 |
| Rogede sild                      |   4740.5000 |
| Spegesild                        |   6144.0000 |
| Zaanse koeken                    |   4358.6000 |
| Chocolade                        |   1542.7500 |
| Maxilaku                         |   9500.0000 |
| Valkoinen suklaa                 |   3510.0000 |
| Manjimup Dried Apples            |  44742.6000 |
| Filo Mix                         |   3383.8000 |
| Perth Pasties                    |  21510.2000 |
| Tourtire                         |   5121.0000 |
| Pt chinois                       |  19512.0000 |
| Gnocchi di nonna Alice           |  45121.2000 |
| Ravioli Angelo                   |   7807.8000 |
| Escargots de Bourgogne           |   6664.7500 |
| Raclette Courdavault             |  76296.0000 |
| Camembert Pierrot                |  50286.0000 |
| Sirop d'rable                    |  16438.8000 |
| Tarte au sucre                   |  49827.9000 |
| Vegie-spread                     |  17696.3000 |
| Wimmers gute Semmelkndel         |  23009.0000 |
| Louisiana Fiery Hot Pepper Sauce |  14607.0000 |
| Louisiana Hot Spiced Okra        |   3519.0000 |
| Laughing Lumberjack Lager        |   2562.0000 |
| Scottish Longbreads              |   9362.5000 |
| Gudbrandsdalsost                 |  24307.2000 |
| Outback Lager                    |  11472.0000 |
| Flotemysost                      |  20876.5000 |
| Mozzarella di Giovanni           |  25738.8000 |
| Rd Kaviar                        |   4200.0000 |
| Longlife Tofu                    |   2566.0000 |
| Rhnbru Klosterbier               |   8650.5500 |
| Lakkalikri                       |  16794.0000 |
| Original Frankfurter grne Soe    |   9685.0000 |
+----------------------------------+-------------+
77 rows in set (0.0046 sec)

 MySQL  localhost:3306  northwind  SQL > select b.productname, sum(a.unitprice * a.quantity) as total from orderdetails a inner join products b on a.productid = b.productid group by a.productid
                                     ... having sum(a.unitprice * a.quantity) > 10000;
+----------------------------------+-------------+
| productname                      | total       |
+----------------------------------+-------------+
| Chai                             |  14277.6000 |
| Chang                            |  18559.2000 |
| Uncle Bob's Organic Dried Pears  |  22464.0000 |
| Northwoods Cranberry Sauce       |  13760.0000 |
| Ikura                            |  22140.2000 |
| Queso Cabrales                   |  13902.0000 |
| Queso Manchego La Pastora        |  12866.8000 |
| Pavlova                          |  18748.0500 |
| Alice Mutton                     |  35482.2000 |
| Carnarvon Tigers                 |  31987.5000 |
| Sir Rodney's Marmalade           |  23635.8000 |
| Gumbr Gummibrchen                |  21534.9000 |
| Schoggi Schokolade               |  15231.5000 |
| Rssle Sauerkraut                 |  26865.6000 |
| Thringer Rostbratwurst           |  87736.4000 |
| Nord-Ost Matjeshering            |  14775.5400 |
| Gorgonzola Telino                |  16172.5000 |
| Steeleye Stout                   |  14536.8000 |
| Inlagd Sill                      |  14542.6000 |
| Cte de Blaye                     | 149984.2000 |
| Chartreuse verte                 |  13150.8000 |
| Boston Crab Meat                 |  19048.3000 |
| Ipoh Coffee                      |  25079.2000 |
| Gula Malacca                     |  10524.2000 |
| Manjimup Dried Apples            |  44742.6000 |
| Perth Pasties                    |  21510.2000 |
| Pt chinois                       |  19512.0000 |
| Gnocchi di nonna Alice           |  45121.2000 |
| Raclette Courdavault             |  76296.0000 |
| Camembert Pierrot                |  50286.0000 |
| Sirop d'rable                    |  16438.8000 |
| Tarte au sucre                   |  49827.9000 |
| Vegie-spread                     |  17696.3000 |
| Wimmers gute Semmelkndel         |  23009.0000 |
| Louisiana Fiery Hot Pepper Sauce |  14607.0000 |
| Gudbrandsdalsost                 |  24307.2000 |
| Outback Lager                    |  11472.0000 |
| Flotemysost                      |  20876.5000 |
| Mozzarella di Giovanni           |  25738.8000 |
| Lakkalikri                       |  16794.0000 |
+----------------------------------+-------------+
40 rows in set (0.0050 sec)

 MySQL  localhost:3306  northwind  SQL >